Archive member included to satisfy reference by file (symbol)

c:/siliconlabs/simplicitystudio/v5/developer/toolchains/gnu_arm/12.2.rel1_2023.7/bin/../lib/gcc/arm-none-eabi/12.2.1/thumb/v8-m.main+fp/hard\libgcc.a(_arm_muldf3.o)
                              ./gecko_sdk_4.4.0/util/third_party/printf/printf.o (__aeabi_dmul)
c:/siliconlabs/simplicitystudio/v5/developer/toolchains/gnu_arm/12.2.rel1_2023.7/bin/../lib/gcc/arm-none-eabi/12.2.1/thumb/v8-m.main+fp/hard\libgcc.a(_arm_addsubdf3.o)
                              ./gecko_sdk_4.4.0/util/third_party/printf/printf.o (__aeabi_dsub)
c:/siliconlabs/simplicitystudio/v5/developer/toolchains/gnu_arm/12.2.rel1_2023.7/bin/../lib/gcc/arm-none-eabi/12.2.1/thumb/v8-m.main+fp/hard\libgcc.a(_arm_muldivdf3.o)
                              ./gecko_sdk_4.4.0/util/third_party/printf/printf.o (__aeabi_ddiv)
c:/siliconlabs/simplicitystudio/v5/developer/toolchains/gnu_arm/12.2.rel1_2023.7/bin/../lib/gcc/arm-none-eabi/12.2.1/thumb/v8-m.main+fp/hard\libgcc.a(_arm_cmpdf2.o)
                              ./gecko_sdk_4.4.0/util/third_party/printf/printf.o (__aeabi_dcmpeq)
c:/siliconlabs/simplicitystudio/v5/developer/toolchains/gnu_arm/12.2.rel1_2023.7/bin/../lib/gcc/arm-none-eabi/12.2.1/thumb/v8-m.main+fp/hard\libgcc.a(_arm_fixdfsi.o)
                              ./gecko_sdk_4.4.0/util/third_party/printf/printf.o (__aeabi_d2iz)
c:/siliconlabs/simplicitystudio/v5/developer/toolchains/gnu_arm/12.2.rel1_2023.7/bin/../lib/gcc/arm-none-eabi/12.2.1/thumb/v8-m.main+fp/hard\libgcc.a(_arm_fixunsdfsi.o)
                              ./gecko_sdk_4.4.0/util/third_party/printf/printf.o (__aeabi_d2uiz)
c:/siliconlabs/simplicitystudio/v5/developer/toolchains/gnu_arm/12.2.rel1_2023.7/bin/../lib/gcc/arm-none-eabi/12.2.1/thumb/v8-m.main+fp/hard\libgcc.a(_aeabi_ldivmod.o)
                              ./gecko_sdk_4.4.0/platform/emlib/src/em_eusart.o (__aeabi_ldivmod)
c:/siliconlabs/simplicitystudio/v5/developer/toolchains/gnu_arm/12.2.rel1_2023.7/bin/../lib/gcc/arm-none-eabi/12.2.1/thumb/v8-m.main+fp/hard\libgcc.a(_aeabi_uldivmod.o)
                              ./gecko_sdk_4.4.0/platform/emlib/src/em_eusart.o (__aeabi_uldivmod)
c:/siliconlabs/simplicitystudio/v5/developer/toolchains/gnu_arm/12.2.rel1_2023.7/bin/../lib/gcc/arm-none-eabi/12.2.1/thumb/v8-m.main+fp/hard\libgcc.a(_udivmoddi4.o)
                              c:/siliconlabs/simplicitystudio/v5/developer/toolchains/gnu_arm/12.2.rel1_2023.7/bin/../lib/gcc/arm-none-eabi/12.2.1/thumb/v8-m.main+fp/hard\libgcc.a(_aeabi_ldivmod.o) (__udivmoddi4)
c:/siliconlabs/simplicitystudio/v5/developer/toolchains/gnu_arm/12.2.rel1_2023.7/bin/../lib/gcc/arm-none-eabi/12.2.1/thumb/v8-m.main+fp/hard\libgcc.a(_dvmd_tls.o)
                              c:/siliconlabs/simplicitystudio/v5/developer/toolchains/gnu_arm/12.2.rel1_2023.7/bin/../lib/gcc/arm-none-eabi/12.2.1/thumb/v8-m.main+fp/hard\libgcc.a(_aeabi_ldivmod.o) (__aeabi_ldiv0)
c:/siliconlabs/simplicitystudio/v5/developer/toolchains/gnu_arm/12.2.rel1_2023.7/bin/../lib/gcc/arm-none-eabi/12.2.1/thumb/v8-m.main+fp/hard\libc_nano.a(libc_a-exit.o)
                              c:/siliconlabs/simplicitystudio/v5/developer/toolchains/gnu_arm/12.2.rel1_2023.7/bin/../lib/gcc/arm-none-eabi/12.2.1/thumb/v8-m.main+fp/hard/crt0.o (exit)
c:/siliconlabs/simplicitystudio/v5/developer/toolchains/gnu_arm/12.2.rel1_2023.7/bin/../lib/gcc/arm-none-eabi/12.2.1/thumb/v8-m.main+fp/hard\libc_nano.a(libc_a-ctype_.o)
                              ./gecko_sdk_4.4.0/platform/common/src/sl_string.o (_ctype_)
c:/siliconlabs/simplicitystudio/v5/developer/toolchains/gnu_arm/12.2.rel1_2023.7/bin/../lib/gcc/arm-none-eabi/12.2.1/thumb/v8-m.main+fp/hard\libc_nano.a(libc_a-findfp.o)
                              c:/siliconlabs/simplicitystudio/v5/developer/toolchains/gnu_arm/12.2.rel1_2023.7/bin/../lib/gcc/arm-none-eabi/12.2.1/thumb/v8-m.main+fp/hard\libc_nano.a(libc_a-exit.o) (__stdio_exit_handler)
c:/siliconlabs/simplicitystudio/v5/developer/toolchains/gnu_arm/12.2.rel1_2023.7/bin/../lib/gcc/arm-none-eabi/12.2.1/thumb/v8-m.main+fp/hard\libc_nano.a(libc_a-fwalk.o)
                              c:/siliconlabs/simplicitystudio/v5/developer/toolchains/gnu_arm/12.2.rel1_2023.7/bin/../lib/gcc/arm-none-eabi/12.2.1/thumb/v8-m.main+fp/hard\libc_nano.a(libc_a-findfp.o) (_fwalk_sglue)
c:/siliconlabs/simplicitystudio/v5/developer/toolchains/gnu_arm/12.2.rel1_2023.7/bin/../lib/gcc/arm-none-eabi/12.2.1/thumb/v8-m.main+fp/hard\libc_nano.a(libc_a-setvbuf.o)
                              ./gecko_sdk_4.4.0/platform/service/iostream/src/sl_iostream_stdlib_config.o (setvbuf)
c:/siliconlabs/simplicitystudio/v5/developer/toolchains/gnu_arm/12.2.rel1_2023.7/bin/../lib/gcc/arm-none-eabi/12.2.1/thumb/v8-m.main+fp/hard\libc_nano.a(libc_a-stdio.o)
                              c:/siliconlabs/simplicitystudio/v5/developer/toolchains/gnu_arm/12.2.rel1_2023.7/bin/../lib/gcc/arm-none-eabi/12.2.1/thumb/v8-m.main+fp/hard\libc_nano.a(libc_a-findfp.o) (__sread)
[...]
Memory Configuration

Name             Origin             Length             Attributes
FLASH            0x00000000         0x0007e000         xr
RAM              0x20000000         0x00008000         xrw
*default*        0x00000000         0xffffffff

Linker script and memory map

LOAD c:/siliconlabs/simplicitystudio/v5/developer/toolchains/gnu_arm/12.2.rel1_2023.7/bin/../lib/gcc/arm-none-eabi/12.2.1/thumb/v8-m.main+fp/hard/crti.o
LOAD c:/siliconlabs/simplicitystudio/v5/developer/toolchains/gnu_arm/12.2.rel1_2023.7/bin/../lib/gcc/arm-none-eabi/12.2.1/thumb/v8-m.main+fp/hard/crtbegin.o
LOAD c:/siliconlabs/simplicitystudio/v5/developer/toolchains/gnu_arm/12.2.rel1_2023.7/bin/../lib/gcc/arm-none-eabi/12.2.1/thumb/v8-m.main+fp/hard/crt0.o
START GROUP
LOAD ./app.o
LOAD ./main.o
LOAD ./autogen/sl_board_default_init.o
LOAD ./autogen/sl_device_init_clocks.o
LOAD ./autogen/sl_event_handler.o
LOAD ./autogen/sl_iostream_handles.o
LOAD ./autogen/sl_iostream_init_eusart_instances.o
LOAD ./gecko_sdk_4.4.0/app/common/util/app_log/app_log.o
LOAD ./gecko_sdk_4.4.0/hardware/board/src/sl_board_control_gpio.o
LOAD ./gecko_sdk_4.4.0/hardware/board/src/sl_board_init.o
LOAD ./gecko_sdk_4.4.0/hardware/driver/configuration_over_swo/src/sl_cos.o
LOAD ./gecko_sdk_4.4.0/platform/Device/SiliconLabs/BGM22/Source/startup_bgm22.o
LOAD ./gecko_sdk_4.4.0/platform/Device/SiliconLabs/BGM22/Source/system_bgm22.o
LOAD ./gecko_sdk_4.4.0/platform/common/src/sl_assert.o
LOAD ./gecko_sdk_4.4.0/platform/common/src/sl_slist.o
LOAD ./gecko_sdk_4.4.0/platform/common/src/sl_string.o
LOAD ./gecko_sdk_4.4.0/platform/common/src/sl_syscalls.o
LOAD ./gecko_sdk_4.4.0/platform/common/toolchain/src/sl_memory.o
LOAD ./gecko_sdk_4.4.0/platform/driver/debug/src/sl_debug_swo.o
LOAD ./gecko_sdk_4.4.0/platform/emdrv/dmadrv/src/dmadrv.o
LOAD ./gecko_sdk_4.4.0/platform/emdrv/gpiointerrupt/src/gpiointerrupt.o
LOAD ./gecko_sdk_4.4.0/platform/emlib/src/em_cmu.o
LOAD ./gecko_sdk_4.4.0/platform/emlib/src/em_core.o
LOAD ./gecko_sdk_4.4.0/platform/emlib/src/em_emu.o
LOAD ./gecko_sdk_4.4.0/platform/emlib/src/em_eusart.o
LOAD ./gecko_sdk_4.4.0/platform/emlib/src/em_gpio.o
LOAD ./gecko_sdk_4.4.0/platform/emlib/src/em_ldma.o
LOAD ./gecko_sdk_4.4.0/platform/emlib/src/em_msc.o
LOAD ./gecko_sdk_4.4.0/platform/emlib/src/em_system.o
LOAD ./gecko_sdk_4.4.0/platform/service/device_init/src/sl_device_init_dcdc_s2.o
LOAD ./gecko_sdk_4.4.0/platform/service/device_init/src/sl_device_init_emu_s2.o
LOAD ./gecko_sdk_4.4.0/platform/service/device_init/src/sl_device_init_hfxo_s2.o
LOAD ./gecko_sdk_4.4.0/platform/service/device_init/src/sl_device_init_lfxo_s2.o
LOAD ./gecko_sdk_4.4.0/platform/service/device_init/src/sl_device_init_nvic.o
LOAD ./gecko_sdk_4.4.0/platform/service/iostream/src/sl_iostream.o
LOAD ./gecko_sdk_4.4.0/platform/service/iostream/src/sl_iostream_eusart.o
LOAD ./gecko_sdk_4.4.0/platform/service/iostream/src/sl_iostream_retarget_stdio.o
LOAD ./gecko_sdk_4.4.0/platform/service/iostream/src/sl_iostream_stdlib_config.o
LOAD ./gecko_sdk_4.4.0/platform/service/iostream/src/sl_iostream_uart.o
LOAD ./gecko_sdk_4.4.0/platform/service/system/src/sl_system_init.o
LOAD ./gecko_sdk_4.4.0/platform/service/system/src/sl_system_process_action.o
LOAD ./gecko_sdk_4.4.0/util/third_party/printf/printf.o
LOAD ./gecko_sdk_4.4.0/util/third_party/printf/src/iostream_printf.o
LOAD c:/siliconlabs/simplicitystudio/v5/developer/toolchains/gnu_arm/12.2.rel1_2023.7/bin/../lib/gcc/arm-none-eabi/12.2.1/thumb/v8-m.main+fp/hard\libgcc.a
LOAD c:/siliconlabs/simplicitystudio/v5/developer/toolchains/gnu_arm/12.2.rel1_2023.7/bin/../lib/gcc/arm-none-eabi/12.2.1/thumb/v8-m.main+fp/hard\libc_nano.a
LOAD c:/siliconlabs/simplicitystudio/v5/developer/toolchains/gnu_arm/12.2.rel1_2023.7/bin/../lib/gcc/arm-none-eabi/12.2.1/thumb/v8-m.main+fp/hard\libm.a
LOAD c:/siliconlabs/simplicitystudio/v5/developer/toolchains/gnu_arm/12.2.rel1_2023.7/bin/../lib/gcc/arm-none-eabi/12.2.1/thumb/v8-m.main+fp/hard\libnosys.a
END GROUP
START GROUP
LOAD c:/siliconlabs/simplicitystudio/v5/developer/toolchains/gnu_arm/12.2.rel1_2023.7/bin/../lib/gcc/arm-none-eabi/12.2.1/thumb/v8-m.main+fp/hard\libgcc.a
LOAD c:/siliconlabs/simplicitystudio/v5/developer/toolchains/gnu_arm/12.2.rel1_2023.7/bin/../lib/gcc/arm-none-eabi/12.2.1/thumb/v8-m.main+fp/hard\libc_nano.a
LOAD c:/siliconlabs/simplicitystudio/v5/developer/toolchains/gnu_arm/12.2.rel1_2023.7/bin/../lib/gcc/arm-none-eabi/12.2.1/thumb/v8-m.main+fp/hard\libnosys.a
END GROUP
START GROUP
LOAD c:/siliconlabs/simplicitystudio/v5/developer/toolchains/gnu_arm/12.2.rel1_2023.7/bin/../lib/gcc/arm-none-eabi/12.2.1/thumb/v8-m.main+fp/hard\libgcc.a
LOAD c:/siliconlabs/simplicitystudio/v5/developer/toolchains/gnu_arm/12.2.rel1_2023.7/bin/../lib/gcc/arm-none-eabi/12.2.1/thumb/v8-m.main+fp/hard\libg_nano.a
LOAD c:/siliconlabs/simplicitystudio/v5/developer/toolchains/gnu_arm/12.2.rel1_2023.7/bin/../lib/gcc/arm-none-eabi/12.2.1/thumb/v8-m.main+fp/hard\libc_nano.a
END GROUP
START GROUP
LOAD c:/siliconlabs/simplicitystudio/v5/developer/toolchains/gnu_arm/12.2.rel1_2023.7/bin/../lib/gcc/arm-none-eabi/12.2.1/thumb/v8-m.main+fp/hard\libgcc.a
LOAD c:/siliconlabs/simplicitystudio/v5/developer/toolchains/gnu_arm/12.2.rel1_2023.7/bin/../lib/gcc/arm-none-eabi/12.2.1/thumb/v8-m.main+fp/hard\libc_nano.a
END GROUP
LOAD c:/siliconlabs/simplicitystudio/v5/developer/toolchains/gnu_arm/12.2.rel1_2023.7/bin/../lib/gcc/arm-none-eabi/12.2.1/thumb/v8-m.main+fp/hard/crtend.o
LOAD c:/siliconlabs/simplicitystudio/v5/developer/toolchains/gnu_arm/12.2.rel1_2023.7/bin/../lib/gcc/arm-none-eabi/12.2.1/thumb/v8-m.main+fp/hard/crtn.o

.text           0x00000000     0x5928
                0x00000000                linker_vectors_begin = .
 *(.vectors)
 .vectors       0x00000000      0x140 ./gecko_sdk_4.4.0/platform/Device/SiliconLabs/BGM22/Source/startup_bgm22.o
                0x00000000                __Vectors
                0x00000140                linker_vectors_end = .
                0x00000140                __Vectors_End = .
                0x00000140                __Vectors_Size = (__Vectors_End - __Vectors)
                0x00000140                linker_code_begin = .
 *(SORT_BY_ALIGNMENT(.text*))
 .text._etoa    0x00000140      0x374 ./gecko_sdk_4.4.0/util/third_party/printf/printf.o
 *fill*         0x000004b4        0x4 
 .text._ftoa    0x000004b8      0x30c ./gecko_sdk_4.4.0/util/third_party/printf/printf.o
 .text.deregister_tm_clones
                0x000007c4       0x1c c:/siliconlabs/simplicitystudio/v5/developer/toolchains/gnu_arm/12.2.rel1_2023.7/bin/../lib/gcc/arm-none-eabi/12.2.1/thumb/v8-m.main+fp/hard/crtbegin.o
 .text.register_tm_clones
                0x000007e0       0x28 c:/siliconlabs/simplicitystudio/v5/developer/toolchains/gnu_arm/12.2.rel1_2023.7/bin/../lib/gcc/arm-none-eabi/12.2.1/thumb/v8-m.main+fp/hard/crtbegin.o
 .text.__do_global_dtors_aux
                0x00000808       0x28 c:/siliconlabs/simplicitystudio/v5/developer/toolchains/gnu_arm/12.2.rel1_2023.7/bin/../lib/gcc/arm-none-eabi/12.2.1/thumb/v8-m.main+fp/hard/crtbegin.o
 .text.frame_dummy
                0x00000830       0x24 c:/siliconlabs/simplicitystudio/v5/developer/toolchains/gnu_arm/12.2.rel1_2023.7/bin/../lib/gcc/arm-none-eabi/12.2.1/thumb/v8-m.main+fp/hard/crtbegin.o
 .text          0x00000854       0x7c c:/siliconlabs/simplicitystudio/v5/developer/toolchains/gnu_arm/12.2.rel1_2023.7/bin/../lib/gcc/arm-none-eabi/12.2.1/thumb/v8-m.main+fp/hard/crt0.o
                0x00000854                _stack_init
                0x0000085c                _start
                0x0000085c                _mainCRTStartup
 .text.GPIO_PinOutToggle
                0x000008d0       0x40 ./app.o
 .text.playBuzzer
                0x00000910       0x30 ./app.o
                0x00000910                playBuzzer
 .text.buttonHandler
                0x00000940       0x70 ./app.o
                0x00000940                buttonHandler
 .text.turn_on_main_led
                0x000009b0       0x88 ./app.o
                0x000009b0                turn_on_main_led
 .text.app_init
                0x00000a38       0x24 ./app.o
                0x00000a38                app_init
 .text.sl_device_init_clocks
                0x00000a5c       0x9c ./autogen/sl_device_init_clocks.o
                0x00000a5c                sl_device_init_clocks
 .text.sl_platform_init
                0x00000af8       0x58 ./autogen/sl_event_handler.o
                0x00000af8                sl_platform_init
 .text.sl_iostream_eusart_init_vcom
                0x00000b50       0xc4 ./autogen/sl_iostream_init_eusart_instances.o
                0x00000b50                sl_iostream_eusart_init_vcom
 .text.EUART0_RX_IRQHandler
                0x00000c14        0xc ./autogen/sl_iostream_init_eusart_instances.o
                0x00000c14                EUART0_RX_IRQHandler
 .text.app_log_init
                0x00000c20       0x38 ./gecko_sdk_4.4.0/app/common/util/app_log/app_log.o
                0x00000c20                app_log_init
 .text.CopyRamFuncs
                0x00000c58       0x1c ./gecko_sdk_4.4.0/platform/Device/SiliconLabs/BGM22/Source/startup_bgm22.o
                0x00000c58                CopyRamFuncs
 .text.Reset_Handler
                0x00000c74       0x64 ./gecko_sdk_4.4.0/platform/Device/SiliconLabs/BGM22/Source/startup_bgm22.o
                0x00000c74                Reset_Handler
 .text.SystemInit
                0x00000cd8       0x64 ./gecko_sdk_4.4.0/platform/Device/SiliconLabs/BGM22/Source/system_bgm22.o
                0x00000cd8                SystemInit
 .text.SystemHFRCODPLLClockGet
                0x00000d3c        0xc ./gecko_sdk_4.4.0/platform/Device/SiliconLabs/BGM22/Source/system_bgm22.o
                0x00000d3c                SystemHFRCODPLLClockGet
 .text.SystemSYSCLKGet
                0x00000d48       0x34 ./gecko_sdk_4.4.0/platform/Device/SiliconLabs/BGM22/Source/system_bgm22.o
                0x00000d48                SystemSYSCLKGet
 .text.SystemHCLKGet
                0x00000d7c       0x24 ./gecko_sdk_4.4.0/platform/Device/SiliconLabs/BGM22/Source/system_bgm22.o
                0x00000d7c                SystemHCLKGet
 .text.SystemMaxCoreClockGet
                0x00000da0        0x8 ./gecko_sdk_4.4.0/platform/Device/SiliconLabs/BGM22/Source/system_bgm22.o
                0x00000da0                SystemMaxCoreClockGet
 .text.SystemHFXOClockGet
                0x00000da8        0xc ./gecko_sdk_4.4.0/platform/Device/SiliconLabs/BGM22/Source/system_bgm22.o
                0x00000da8                SystemHFXOClockGet
 .text.SystemHFXOClockSet
                0x00000db4       0x20 ./gecko_sdk_4.4.0/platform/Device/SiliconLabs/BGM22/Source/system_bgm22.o
                0x00000db4                SystemHFXOClockSet
 .text.SystemFSRCOClockGet
                0x00000dd4        0x8 ./gecko_sdk_4.4.0/platform/Device/SiliconLabs/BGM22/Source/system_bgm22.o
                0x00000dd4                SystemFSRCOClockGet
 .text.SystemLFXOClockGet
                0x00000ddc        0xc ./gecko_sdk_4.4.0/platform/Device/SiliconLabs/BGM22/Source/system_bgm22.o
                0x00000ddc                SystemLFXOClockGet
 .text._sbrk    0x00000de8       0x20 ./gecko_sdk_4.4.0/platform/common/toolchain/src/sl_memory.o
                0x00000de8                _sbrk
 .text.sl_debug_swo_init
                0x00000e08       0xc0 ./gecko_sdk_4.4.0/platform/driver/debug/src/sl_debug_swo.o
                0x00000e08                sl_debug_swo_init
 .text.sl_debug_swo_write_u8
                0x00000ec8       0x44 ./gecko_sdk_4.4.0/platform/driver/debug/src/sl_debug_swo.o
                0x00000ec8                sl_debug_swo_write_u8
 .text.StartTransfer
                0x00000f0c      0x17c ./gecko_sdk_4.4.0/platform/emdrv/dmadrv/src/dmadrv.o
 .text.DMADRV_AllocateChannel
                0x00001088       0x60 ./gecko_sdk_4.4.0/platform/emdrv/dmadrv/src/dmadrv.o
                0x00001088                DMADRV_AllocateChannel
 .text.DMADRV_DeInit
                0x000010e8       0x44 ./gecko_sdk_4.4.0/platform/emdrv/dmadrv/src/dmadrv.o
                0x000010e8                DMADRV_DeInit
 .text.DMADRV_FreeChannel
                0x0000112c       0x4c ./gecko_sdk_4.4.0/platform/emdrv/dmadrv/src/dmadrv.o
                0x0000112c                DMADRV_FreeChannel
 .text.DMADRV_Init
                0x00001178       0x68 ./gecko_sdk_4.4.0/platform/emdrv/dmadrv/src/dmadrv.o
                0x00001178                DMADRV_Init
 .text.DMADRV_PauseTransfer
                0x000011e0       0x40 ./gecko_sdk_4.4.0/platform/emdrv/dmadrv/src/dmadrv.o
                0x000011e0                DMADRV_PauseTransfer
 .text.DMADRV_ResumeTransfer
                0x00001220       0x40 ./gecko_sdk_4.4.0/platform/emdrv/dmadrv/src/dmadrv.o
                0x00001220                DMADRV_ResumeTransfer
 .text.DMADRV_StopTransfer
                0x00001260       0x40 ./gecko_sdk_4.4.0/platform/emdrv/dmadrv/src/dmadrv.o
                0x00001260                DMADRV_StopTransfer
 .text.DMADRV_TransferCompletePending
                0x000012a0       0x50 ./gecko_sdk_4.4.0/platform/emdrv/dmadrv/src/dmadrv.o
                0x000012a0                DMADRV_TransferCompletePending
 .text.DMADRV_TransferDone
                0x000012f0       0x44 ./gecko_sdk_4.4.0/platform/emdrv/dmadrv/src/dmadrv.o
                0x000012f0                DMADRV_TransferDone
 .text.LDMA_IRQHandler
                0x00001334       0x74 ./gecko_sdk_4.4.0/platform/emdrv/dmadrv/src/dmadrv.o
                0x00001334                LDMA_IRQHandler
 .text.GPIOINT_IRQDispatcher
                0x000013a8       0x38 ./gecko_sdk_4.4.0/platform/emdrv/gpiointerrupt/src/gpiointerrupt.o
 .text.GPIOINT_Init
                0x000013e0       0x30 ./gecko_sdk_4.4.0/platform/emdrv/gpiointerrupt/src/gpiointerrupt.o
                0x000013e0                GPIOINT_Init
 .text.GPIOINT_CallbackRegister
                0x00001410       0x24 ./gecko_sdk_4.4.0/platform/emdrv/gpiointerrupt/src/gpiointerrupt.o
                0x00001410                GPIOINT_CallbackRegister
 .text.GPIO_EVEN_IRQHandler
                0x00001434       0x24 ./gecko_sdk_4.4.0/platform/emdrv/gpiointerrupt/src/gpiointerrupt.o
                0x00001434                GPIO_EVEN_IRQHandler
 .text.GPIO_ODD_IRQHandler
                0x00001458       0x24 ./gecko_sdk_4.4.0/platform/emdrv/gpiointerrupt/src/gpiointerrupt.o
                0x00001458                GPIO_ODD_IRQHandler
 .text.EMU_VScaleGet
                0x0000147c       0x18 ./gecko_sdk_4.4.0/platform/emlib/src/em_cmu.o
 .text.em01GrpaClkGet
                0x00001494       0x48 ./gecko_sdk_4.4.0/platform/emlib/src/em_cmu.o
 .text.iadcClkGet
                0x000014dc       0x54 ./gecko_sdk_4.4.0/platform/emlib/src/em_cmu.o
 .text.em01GrpbClkGet
                0x00001530       0x74 ./gecko_sdk_4.4.0/platform/emlib/src/em_cmu.o
 .text.em23GrpaClkGet
                0x000015a4       0x48 ./gecko_sdk_4.4.0/platform/emlib/src/em_cmu.o
 .text.wdog0ClkGet
                0x000015ec       0x64 ./gecko_sdk_4.4.0/platform/emlib/src/em_cmu.o
 .text.rtccClkGet
                0x00001650       0x54 ./gecko_sdk_4.4.0/platform/emlib/src/em_cmu.o
 .text.em4GrpaClkGet
                0x000016a4       0x48 ./gecko_sdk_4.4.0/platform/emlib/src/em_cmu.o
 .text.euart0ClkGet
                0x000016ec       0x48 ./gecko_sdk_4.4.0/platform/emlib/src/em_cmu.o
 .text.CMU_ClockDivGet
                0x00001734       0x84 ./gecko_sdk_4.4.0/platform/emlib/src/em_cmu.o
                0x00001734                CMU_ClockDivGet
 .text.flashWaitStateControl
                0x000017b8       0x4c ./gecko_sdk_4.4.0/platform/emlib/src/em_cmu.o
 .text.CMU_ClockEnable
                0x00001804       0x54 ./gecko_sdk_4.4.0/platform/emlib/src/em_cmu.o
                0x00001804                CMU_ClockEnable
 .text.CMU_ClockFreqGet
                0x00001858      0x198 ./gecko_sdk_4.4.0/platform/emlib/src/em_cmu.o
                0x00001858                CMU_ClockFreqGet
 .text.rhclkPrescOptimize
                0x000019f0       0x20 ./gecko_sdk_4.4.0/platform/emlib/src/em_cmu.o
 .text.CMU_ClockSelectGet
                0x00001a10      0x168 ./gecko_sdk_4.4.0/platform/emlib/src/em_cmu.o
                0x00001a10                CMU_ClockSelectGet
 .text.sli_em_cmu_HFXOSetForceEnable
                0x00001b78       0x18 ./gecko_sdk_4.4.0/platform/emlib/src/em_cmu.o
                0x00001b78                sli_em_cmu_HFXOSetForceEnable
 .text.CMU_HFXOInit
                0x00001b90      0x1dc ./gecko_sdk_4.4.0/platform/emlib/src/em_cmu.o
                0x00001b90                CMU_HFXOInit
 .text.CMU_HFXOCTuneDeltaGet
                0x00001d6c        0xc ./gecko_sdk_4.4.0/platform/emlib/src/em_cmu.o
                0x00001d6c                CMU_HFXOCTuneDeltaGet
 .text.CMU_LFXOInit
                0x00001d78       0xc4 ./gecko_sdk_4.4.0/platform/emlib/src/em_cmu.o
                0x00001d78                CMU_LFXOInit
 .text.CMU_LFXOPrecisionSet
                0x00001e3c        0xc ./gecko_sdk_4.4.0/platform/emlib/src/em_cmu.o
                0x00001e3c                CMU_LFXOPrecisionSet
 .text.CMU_HFXOPrecisionSet
                0x00001e48        0xc ./gecko_sdk_4.4.0/platform/emlib/src/em_cmu.o
                0x00001e48                CMU_HFXOPrecisionSet
 .text.CMU_ClockDivSet
                0x00001e54      0x104 ./gecko_sdk_4.4.0/platform/emlib/src/em_cmu.o
                0x00001e54                CMU_ClockDivSet
 .text.sli_em_cmu_SYSCLKInitPreClockSelect
                0x00001f58       0x20 ./gecko_sdk_4.4.0/platform/emlib/src/em_cmu.o
                0x00001f58                sli_em_cmu_SYSCLKInitPreClockSelect
 .text.pclkDivOptimize
                0x00001f78       0x24 ./gecko_sdk_4.4.0/platform/emlib/src/em_cmu.o
 .text.CORE_NvicIRQDisabled
                0x00001f9c       0x34 ./gecko_sdk_4.4.0/platform/emlib/src/em_core.o
                0x00001f9c                CORE_NvicIRQDisabled
 .text.EMU_EM4Init
                0x00001fd0       0x14 ./gecko_sdk_4.4.0/platform/emlib/src/em_emu.o
                0x00001fd0                EMU_EM4Init
 .text.EMU_VScaleEM01
                0x00001fe4       0xa8 ./gecko_sdk_4.4.0/platform/emlib/src/em_emu.o
                0x00001fe4                EMU_VScaleEM01
 .text.EMU_VScaleEM01ByClock
                0x0000208c       0x30 ./gecko_sdk_4.4.0/platform/emlib/src/em_emu.o
                0x0000208c                EMU_VScaleEM01ByClock
 .text.EMU_DCDCModeSet
                0x000020bc       0xb8 ./gecko_sdk_4.4.0/platform/emlib/src/em_emu.o
                0x000020bc                EMU_DCDCModeSet
 .text.EMU_DCDCInit
                0x00002174       0x74 ./gecko_sdk_4.4.0/platform/emlib/src/em_emu.o
                0x00002174                EMU_DCDCInit
 .text.EUSART_Reset
                0x000021e8       0x34 ./gecko_sdk_4.4.0/platform/emlib/src/em_eusart.o
                0x000021e8                EUSART_Reset
 .text.EUSART_Enable
                0x0000221c       0x60 ./gecko_sdk_4.4.0/platform/emlib/src/em_eusart.o
                0x0000221c                EUSART_Enable
 .text.EUSART_BaudrateSet
                0x0000227c      0x128 ./gecko_sdk_4.4.0/platform/emlib/src/em_eusart.o
                0x0000227c                EUSART_BaudrateSet
 .text.EUSART_AsyncInitCommon.constprop.0
                0x000023a4      0x178 ./gecko_sdk_4.4.0/platform/emlib/src/em_eusart.o
 .text.EUSART_UartInitLf
                0x0000251c       0xb4 ./gecko_sdk_4.4.0/platform/emlib/src/em_eusart.o
                0x0000251c                EUSART_UartInitLf
 .text.EUSART_UartInitHf
                0x000025d0       0x50 ./gecko_sdk_4.4.0/platform/emlib/src/em_eusart.o
                0x000025d0                EUSART_UartInitHf
 .text.BUS_RegBitWrite
                0x00002620       0x2c ./gecko_sdk_4.4.0/platform/emlib/src/em_gpio.o
 .text.GPIO_PinOutSet
                0x0000264c       0x40 ./gecko_sdk_4.4.0/platform/emlib/src/em_gpio.o
 .text.GPIO_PinOutClear
                0x0000268c       0x40 ./gecko_sdk_4.4.0/platform/emlib/src/em_gpio.o
 .text.GPIO_ExtIntConfig
                0x000026cc       0xe0 ./gecko_sdk_4.4.0/platform/emlib/src/em_gpio.o
                0x000026cc                GPIO_ExtIntConfig
 .text.GPIO_PinModeSet
                0x000027ac       0x90 ./gecko_sdk_4.4.0/platform/emlib/src/em_gpio.o
                0x000027ac                GPIO_PinModeSet
 .text.LDMA_DeInit
                0x0000283c       0x3c ./gecko_sdk_4.4.0/platform/emlib/src/em_ldma.o
                0x0000283c                LDMA_DeInit
 .text.LDMA_EnableChannelRequest
                0x00002878       0x40 ./gecko_sdk_4.4.0/platform/emlib/src/em_ldma.o
                0x00002878                LDMA_EnableChannelRequest
 .text.LDMA_Init
                0x000028b8       0x94 ./gecko_sdk_4.4.0/platform/emlib/src/em_ldma.o
                0x000028b8                LDMA_Init
 .text.LDMA_StartTransfer
                0x0000294c      0x100 ./gecko_sdk_4.4.0/platform/emlib/src/em_ldma.o
                0x0000294c                LDMA_StartTransfer
 .text.LDMA_StopTransfer
                0x00002a4c       0x38 ./gecko_sdk_4.4.0/platform/emlib/src/em_ldma.o
                0x00002a4c                LDMA_StopTransfer
 .text.LDMA_TransferDone
                0x00002a84       0x44 ./gecko_sdk_4.4.0/platform/emlib/src/em_ldma.o
                0x00002a84                LDMA_TransferDone
 .text.SYSTEM_GetProdRev
                0x00002ac8       0x10 ./gecko_sdk_4.4.0/platform/emlib/src/em_system.o
                0x00002ac8                SYSTEM_GetProdRev
 .text.sl_device_init_dcdc
                0x00002ad8       0x20 ./gecko_sdk_4.4.0/platform/service/device_init/src/sl_device_init_dcdc_s2.o
                0x00002ad8                sl_device_init_dcdc
 .text.sl_device_init_emu
                0x00002af8       0x24 ./gecko_sdk_4.4.0/platform/service/device_init/src/sl_device_init_emu_s2.o
                0x00002af8                sl_device_init_emu
 .text.sl_device_init_hfxo
                0x00002b1c       0x70 ./gecko_sdk_4.4.0/platform/service/device_init/src/sl_device_init_hfxo_s2.o
                0x00002b1c                sl_device_init_hfxo
 .text.sl_device_init_lfxo
                0x00002b8c       0x2c ./gecko_sdk_4.4.0/platform/service/device_init/src/sl_device_init_lfxo_s2.o
                0x00002b8c                sl_device_init_lfxo
 .text.sl_device_init_nvic
                0x00002bb8       0x3c ./gecko_sdk_4.4.0/platform/service/device_init/src/sl_device_init_nvic.o
                0x00002bb8                sl_device_init_nvic
 .text.sl_iostream_set_default
                0x00002bf4       0x18 ./gecko_sdk_4.4.0/platform/service/iostream/src/sl_iostream.o
                0x00002bf4                sl_iostream_set_default
 .text.sl_iostream_get_default
                0x00002c0c       0x18 ./gecko_sdk_4.4.0/platform/service/iostream/src/sl_iostream.o
                0x00002c0c                sl_iostream_get_default
 .text.sl_iostream_vprintf
                0x00002c24       0x28 ./gecko_sdk_4.4.0/platform/service/iostream/src/sl_iostream.o
                0x00002c24                sl_iostream_vprintf
 .text.sl_iostream_eusart_init
                0x00002c4c      0x1e4 ./gecko_sdk_4.4.0/platform/service/iostream/src/sl_iostream_eusart.o
                0x00002c4c                sl_iostream_eusart_init
 .text._write   0x00002e30       0x20 ./gecko_sdk_4.4.0/platform/service/iostream/src/sl_iostream_retarget_stdio.o
                0x00002e30                _write
 .text.sl_iostream_stdlib_disable_buffering
                0x00002e50       0x14 ./gecko_sdk_4.4.0/platform/service/iostream/src/sl_iostream_stdlib_config.o
                0x00002e50                sl_iostream_stdlib_disable_buffering
 .text.get_write_ptr
                0x00002e64       0x40 ./gecko_sdk_4.4.0/platform/service/iostream/src/sl_iostream_uart.o
 .text.dma_irq_handler
                0x00002ea4       0x74 ./gecko_sdk_4.4.0/platform/service/iostream/src/sl_iostream_uart.o
 .text.uart_read
                0x00002f18      0x1f4 ./gecko_sdk_4.4.0/platform/service/iostream/src/sl_iostream_uart.o
 .text.uart_deinit
                0x0000310c       0x98 ./gecko_sdk_4.4.0/platform/service/iostream/src/sl_iostream_uart.o
 .text.uart_write
                0x000031a4       0xc0 ./gecko_sdk_4.4.0/platform/service/iostream/src/sl_iostream_uart.o
 .text.sli_iostream_uart_context_init
                0x00003264       0xf8 ./gecko_sdk_4.4.0/platform/service/iostream/src/sl_iostream_uart.o
                0x00003264                sli_iostream_uart_context_init
 .text._vsnprintf
                0x0000335c      0x528 ./gecko_sdk_4.4.0/util/third_party/printf/printf.o
 .text.vfctprintf
                0x00003884       0x20 ./gecko_sdk_4.4.0/util/third_party/printf/printf.o
                0x00003884                vfctprintf
 .text          0x000038a4      0x378 c:/siliconlabs/simplicitystudio/v5/developer/toolchains/gnu_arm/12.2.rel1_2023.7/bin/../lib/gcc/arm-none-eabi/12.2.1/thumb/v8-m.main+fp/hard\libgcc.a(_arm_addsubdf3.o)
                0x000038a4                __aeabi_drsub
                0x000038ac                __aeabi_dsub
                0x000038ac                __subdf3
                0x000038b0                __aeabi_dadd
                0x000038b0                __adddf3
                0x00003b28                __floatunsidf
                0x00003b28                __aeabi_ui2d
                0x00003b48                __floatsidf
                0x00003b48                __aeabi_i2d
                0x00003b6c                __aeabi_f2d
                0x00003b6c                __extendsfdf2
                0x00003bb0                __floatundidf
                0x00003bb0                __aeabi_ul2d
                0x00003bc0                __floatdidf
                0x00003bc0                __aeabi_l2d
 .text          0x00003c1c      0x424 c:/siliconlabs/simplicitystudio/v5/developer/toolchains/gnu_arm/12.2.rel1_2023.7/bin/../lib/gcc/arm-none-eabi/12.2.1/thumb/v8-m.main+fp/hard\libgcc.a(_arm_muldivdf3.o)
                0x00003c1c                __aeabi_dmul
                0x00003c1c                __muldf3
                0x00003e70                __divdf3
                0x00003e70                __aeabi_ddiv
 .text          0x00004040      0x110 c:/siliconlabs/simplicitystudio/v5/developer/toolchains/gnu_arm/12.2.rel1_2023.7/bin/../lib/gcc/arm-none-eabi/12.2.1/thumb/v8-m.main+fp/hard\libgcc.a(_arm_cmpdf2.o)
                0x00004040                __gtdf2
                0x00004040                __gedf2
                0x00004048                __ltdf2
                0x00004048                __ledf2
                0x00004050                __nedf2
                0x00004050                __eqdf2
                0x00004050                __cmpdf2
                0x000040cc                __aeabi_cdrcmple
                0x000040dc                __aeabi_cdcmpeq
                0x000040dc                __aeabi_cdcmple
                0x000040ec                __aeabi_dcmpeq
                0x00004100                __aeabi_dcmplt
                0x00004114                __aeabi_dcmple
                0x00004128                __aeabi_dcmpge
                0x0000413c                __aeabi_dcmpgt
 .text          0x00004150       0x50 c:/siliconlabs/simplicitystudio/v5/developer/toolchains/gnu_arm/12.2.rel1_2023.7/bin/../lib/gcc/arm-none-eabi/12.2.1/thumb/v8-m.main+fp/hard\libgcc.a(_arm_fixdfsi.o)
                0x00004150                __aeabi_d2iz
                0x00004150                __fixdfsi
 .text          0x000041a0       0x40 c:/siliconlabs/simplicitystudio/v5/developer/toolchains/gnu_arm/12.2.rel1_2023.7/bin/../lib/gcc/arm-none-eabi/12.2.1/thumb/v8-m.main+fp/hard\libgcc.a(_arm_fixunsdfsi.o)
                0x000041a0                __aeabi_d2uiz
                0x000041a0                __fixunsdfsi
 .text          0x000041e0       0x30 c:/siliconlabs/simplicitystudio/v5/developer/toolchains/gnu_arm/12.2.rel1_2023.7/bin/../lib/gcc/arm-none-eabi/12.2.1/thumb/v8-m.main+fp/hard\libgcc.a(_aeabi_uldivmod.o)
                0x000041e0                __aeabi_uldivmod
 .text.__udivmoddi4
                0x00004210      0x2ec c:/siliconlabs/simplicitystudio/v5/developer/toolchains/gnu_arm/12.2.rel1_2023.7/bin/../lib/gcc/arm-none-eabi/12.2.1/thumb/v8-m.main+fp/hard\libgcc.a(_udivmoddi4.o)
                0x00004210                __udivmoddi4
 .text          0x000044fc        0x4 c:/siliconlabs/simplicitystudio/v5/developer/toolchains/gnu_arm/12.2.rel1_2023.7/bin/../lib/gcc/arm-none-eabi/12.2.1/thumb/v8-m.main+fp/hard\libgcc.a(_dvmd_tls.o)
                0x000044fc                __aeabi_idiv0
                0x000044fc                __aeabi_ldiv0
 .text.exit     0x00004500       0x24 c:/siliconlabs/simplicitystudio/v5/developer/toolchains/gnu_arm/12.2.rel1_2023.7/bin/../lib/gcc/arm-none-eabi/12.2.1/thumb/v8-m.main+fp/hard\libc_nano.a(libc_a-exit.o)
                0x00004500                exit
 .text.std      0x00004524       0x6c c:/siliconlabs/simplicitystudio/v5/developer/toolchains/gnu_arm/12.2.rel1_2023.7/bin/../lib/gcc/arm-none-eabi/12.2.1/thumb/v8-m.main+fp/hard\libc_nano.a(libc_a-findfp.o)
 .text.stdio_exit_handler
                0x00004590       0x18 c:/siliconlabs/simplicitystudio/v5/developer/toolchains/gnu_arm/12.2.rel1_2023.7/bin/../lib/gcc/arm-none-eabi/12.2.1/thumb/v8-m.main+fp/hard\libc_nano.a(libc_a-findfp.o)
 .text.cleanup_stdio
                0x000045a8       0x40 c:/siliconlabs/simplicitystudio/v5/developer/toolchains/gnu_arm/12.2.rel1_2023.7/bin/../lib/gcc/arm-none-eabi/12.2.1/thumb/v8-m.main+fp/hard\libc_nano.a(libc_a-findfp.o)
 .text.global_stdio_init.part.0
                0x000045e8       0x3c c:/siliconlabs/simplicitystudio/v5/developer/toolchains/gnu_arm/12.2.rel1_2023.7/bin/../lib/gcc/arm-none-eabi/12.2.1/thumb/v8-m.main+fp/hard\libc_nano.a(libc_a-findfp.o)
 .text.__sfp_lock_acquire
                0x00004624        0xc c:/siliconlabs/simplicitystudio/v5/developer/toolchains/gnu_arm/12.2.rel1_2023.7/bin/../lib/gcc/arm-none-eabi/12.2.1/thumb/v8-m.main+fp/hard\libc_nano.a(libc_a-findfp.o)
                0x00004624                __sfp_lock_acquire
 .text.__sfp_lock_release
                0x00004630        0xc c:/siliconlabs/simplicitystudio/v5/developer/toolchains/gnu_arm/12.2.rel1_2023.7/bin/../lib/gcc/arm-none-eabi/12.2.1/thumb/v8-m.main+fp/hard\libc_nano.a(libc_a-findfp.o)
                0x00004630                __sfp_lock_release
 .text.__sinit  0x0000463c       0x30 c:/siliconlabs/simplicitystudio/v5/developer/toolchains/gnu_arm/12.2.rel1_2023.7/bin/../lib/gcc/arm-none-eabi/12.2.1/thumb/v8-m.main+fp/hard\libc_nano.a(libc_a-findfp.o)
                0x0000463c                __sinit
 .text.setvbuf  0x0000466c      0x168 c:/siliconlabs/simplicitystudio/v5/developer/toolchains/gnu_arm/12.2.rel1_2023.7/bin/../lib/gcc/arm-none-eabi/12.2.1/thumb/v8-m.main+fp/hard\libc_nano.a(libc_a-setvbuf.o)
                0x0000466c                setvbuf
 .text._close_r
                0x000047d4       0x20 c:/siliconlabs/simplicitystudio/v5/developer/toolchains/gnu_arm/12.2.rel1_2023.7/bin/../lib/gcc/arm-none-eabi/12.2.1/thumb/v8-m.main+fp/hard\libc_nano.a(libc_a-closer.o)
                0x000047d4                _close_r
 .text._lseek_r
                0x000047f4       0x24 c:/siliconlabs/simplicitystudio/v5/developer/toolchains/gnu_arm/12.2.rel1_2023.7/bin/../lib/gcc/arm-none-eabi/12.2.1/thumb/v8-m.main+fp/hard\libc_nano.a(libc_a-lseekr.o)
                0x000047f4                _lseek_r
 .text._read_r  0x00004818       0x24 c:/siliconlabs/simplicitystudio/v5/developer/toolchains/gnu_arm/12.2.rel1_2023.7/bin/../lib/gcc/arm-none-eabi/12.2.1/thumb/v8-m.main+fp/hard\libc_nano.a(libc_a-readr.o)
                0x00004818                _read_r
 .text._write_r
                0x0000483c       0x24 c:/siliconlabs/simplicitystudio/v5/developer/toolchains/gnu_arm/12.2.rel1_2023.7/bin/../lib/gcc/arm-none-eabi/12.2.1/thumb/v8-m.main+fp/hard\libc_nano.a(libc_a-writer.o)
                0x0000483c                _write_r
 .text.__libc_init_array
                0x00004860       0x48 c:/siliconlabs/simplicitystudio/v5/developer/toolchains/gnu_arm/12.2.rel1_2023.7/bin/../lib/gcc/arm-none-eabi/12.2.1/thumb/v8-m.main+fp/hard\libc_nano.a(libc_a-init.o)
                0x00004860                __libc_init_array
 .text._free_r  0x000048a8       0x94 c:/siliconlabs/simplicitystudio/v5/developer/toolchains/gnu_arm/12.2.rel1_2023.7/bin/../lib/gcc/arm-none-eabi/12.2.1/thumb/v8-m.main+fp/hard\libc_nano.a(libc_a-freer.o)
                0x000048a8                _free_r
 .text.malloc   0x0000493c       0x10 c:/siliconlabs/simplicitystudio/v5/developer/toolchains/gnu_arm/12.2.rel1_2023.7/bin/../lib/gcc/arm-none-eabi/12.2.1/thumb/v8-m.main+fp/hard\libc_nano.a(libc_a-malloc.o)
                0x0000493c                malloc
 .text.sbrk_aligned
                0x0000494c       0x44 c:/siliconlabs/simplicitystudio/v5/developer/toolchains/gnu_arm/12.2.rel1_2023.7/bin/../lib/gcc/arm-none-eabi/12.2.1/thumb/v8-m.main+fp/hard\libc_nano.a(libc_a-mallocr.o)
 .text._malloc_r
                0x00004990       0xf0 c:/siliconlabs/simplicitystudio/v5/developer/toolchains/gnu_arm/12.2.rel1_2023.7/bin/../lib/gcc/arm-none-eabi/12.2.1/thumb/v8-m.main+fp/hard\libc_nano.a(libc_a-mallocr.o)
                0x00004990                _malloc_r
 .text.__malloc_lock
                0x00004a80        0xc c:/siliconlabs/simplicitystudio/v5/developer/toolchains/gnu_arm/12.2.rel1_2023.7/bin/../lib/gcc/arm-none-eabi/12.2.1/thumb/v8-m.main+fp/hard\libc_nano.a(libc_a-mlock.o)
                0x00004a80                __malloc_lock
 .text.__malloc_unlock
                0x00004a8c        0xc c:/siliconlabs/simplicitystudio/v5/developer/toolchains/gnu_arm/12.2.rel1_2023.7/bin/../lib/gcc/arm-none-eabi/12.2.1/thumb/v8-m.main+fp/hard\libc_nano.a(libc_a-mlock.o)
                0x00004a8c                __malloc_unlock
 .text._fstat_r
                0x00004a98       0x24 c:/siliconlabs/simplicitystudio/v5/developer/toolchains/gnu_arm/12.2.rel1_2023.7/bin/../lib/gcc/arm-none-eabi/12.2.1/thumb/v8-m.main+fp/hard\libc_nano.a(libc_a-fstatr.o)
                0x00004a98                _fstat_r
 .text._sbrk_r  0x00004abc       0x20 c:/siliconlabs/simplicitystudio/v5/developer/toolchains/gnu_arm/12.2.rel1_2023.7/bin/../lib/gcc/arm-none-eabi/12.2.1/thumb/v8-m.main+fp/hard\libc_nano.a(libc_a-sbrkr.o)
                0x00004abc                _sbrk_r
 .text.delay    0x00004adc       0x1e ./app.o
                0x00004adc                delay
 .text.app_process_action
                0x00004afa        0x2 ./app.o
                0x00004afa                app_process_action
 .text.startup.main
                0x00004afc       0x14 ./main.o
                0x00004afc                main
 .text.sl_board_default_init
                0x00004b10        0x2 ./autogen/sl_board_default_init.o
                0x00004b10                sl_board_default_init
 .text.sl_driver_init
                0x00004b12       0x12 ./autogen/sl_event_handler.o
                0x00004b12                sl_driver_init
 .text.sl_service_init
                0x00004b24       0x12 ./autogen/sl_event_handler.o
                0x00004b24                sl_service_init
 .text.sl_stack_init
                0x00004b36        0x2 ./autogen/sl_event_handler.o
                0x00004b36                sl_stack_init
 .text.sl_internal_app_init
                0x00004b38        0x4 ./autogen/sl_event_handler.o
                0x00004b38                sl_internal_app_init
 .text.sl_platform_process_action
                0x00004b3c        0x2 ./autogen/sl_event_handler.o
                0x00004b3c                sl_platform_process_action
 .text.sl_service_process_action
                0x00004b3e        0x2 ./autogen/sl_event_handler.o
                0x00004b3e                sl_service_process_action
 .text.sl_stack_process_action
                0x00004b40        0x2 ./autogen/sl_event_handler.o
                0x00004b40                sl_stack_process_action
 .text.sl_internal_app_process_action
                0x00004b42        0x2 ./autogen/sl_event_handler.o
                0x00004b42                sl_internal_app_process_action
 .text.sl_iostream_eusart_init_instances
                0x00004b44        0x4 ./autogen/sl_iostream_init_eusart_instances.o
                0x00004b44                sl_iostream_eusart_init_instances
 .text.EUART0_TX_IRQHandler
                0x00004b48        0x4 ./autogen/sl_iostream_init_eusart_instances.o
                0x00004b48                EUART0_TX_IRQHandler
 .text._app_log_time
                0x00004b4c        0x2 ./gecko_sdk_4.4.0/app/common/util/app_log/app_log.o
                0x00004b4c                _app_log_time
 .text._app_log_counter
                0x00004b4e        0x2 ./gecko_sdk_4.4.0/app/common/util/app_log/app_log.o
                0x00004b4e                _app_log_counter
 .text.sl_board_configure_vcom
                0x00004b50        0x4 ./gecko_sdk_4.4.0/hardware/board/src/sl_board_control_gpio.o
                0x00004b50                sl_board_configure_vcom
 .text.sl_board_init
                0x00004b54       0x12 ./gecko_sdk_4.4.0/hardware/board/src/sl_board_init.o
                0x00004b54                sl_board_init
 .text.sl_board_preinit
                0x00004b66        0x8 ./gecko_sdk_4.4.0/hardware/board/src/sl_board_init.o
                0x00004b66                sl_board_preinit
 .text.sli_cos_swo_itm_8_write.constprop.0.isra.0
                0x00004b6e       0x78 ./gecko_sdk_4.4.0/hardware/driver/configuration_over_swo/src/sl_cos.o
 .text.sl_cos_send_config
                0x00004be6       0x12 ./gecko_sdk_4.4.0/hardware/driver/configuration_over_swo/src/sl_cos.o
                0x00004be6                sl_cos_send_config
 .text.sl_cos_config_vcom
                0x00004bf8       0x1e ./gecko_sdk_4.4.0/hardware/driver/configuration_over_swo/src/sl_cos.o
                0x00004bf8                sl_cos_config_vcom
 .text.Default_Handler
                0x00004c16        0x2 ./gecko_sdk_4.4.0/platform/Device/SiliconLabs/BGM22/Source/startup_bgm22.o
                0x00004c16                ULFRCO_IRQHandler
                0x00004c16                SW2_IRQHandler
                0x00004c16                TIMER2_IRQHandler
                0x00004c16                DebugMon_Handler
                0x00004c16                PKE_IRQHandler
                0x00004c16                USART0_TX_IRQHandler
                0x00004c16                PRORTC_IRQHandler
                0x00004c16                IADC_IRQHandler
                0x00004c16                I2C0_IRQHandler
                0x00004c16                LFXO_IRQHandler
                0x00004c16                CRYPTOACC_IRQHandler
                0x00004c16                HardFault_Handler
                0x00004c16                SMU_SECURE_IRQHandler
                0x00004c16                SysTick_Handler
                0x00004c16                USART1_RX_IRQHandler
                0x00004c16                EMUEFP_IRQHandler
                0x00004c16                PendSV_Handler
                0x00004c16                NMI_Handler
                0x00004c16                SYNTH_IRQHandler
                0x00004c16                HFXO0_IRQHandler
                0x00004c16                I2C1_IRQHandler
                0x00004c16                PDM_IRQHandler
                0x00004c16                WDOG0_IRQHandler
                0x00004c16                TIMER3_IRQHandler
                0x00004c16                SYSCFG_IRQHandler
                0x00004c16                EMUSE_IRQHandler
                0x00004c16                EMUDG_IRQHandler
                0x00004c16                USART1_TX_IRQHandler
                0x00004c16                MSC_IRQHandler
                0x00004c16                DPLL0_IRQHandler
                0x00004c16                UsageFault_Handler
                0x00004c16                M33CTI1_IRQHandler
                0x00004c16                TIMER4_IRQHandler
                0x00004c16                SW0_IRQHandler
                0x00004c16                TIMER0_IRQHandler
                0x00004c16                LETIMER0_IRQHandler
                0x00004c16                TIMER1_IRQHandler
                0x00004c16                HFRCO0_IRQHandler
                0x00004c16                RFSENSE_IRQHandler
                0x00004c16                SecureFault_Handler
                0x00004c16                BUFC_IRQHandler
                0x00004c16                DCDC_IRQHandler
                0x00004c16                MODEM_IRQHandler
                0x00004c16                Default_Handler
                0x00004c16                RAC_SEQ_IRQHandler
                0x00004c16                FRC_PRI_IRQHandler
                0x00004c16                EMU_IRQHandler
                0x00004c16                SW3_IRQHandler
                0x00004c16                KERNEL0_IRQHandler
                0x00004c16                FRC_IRQHandler
                0x00004c16                KERNEL1_IRQHandler
                0x00004c16                AGC_IRQHandler
                0x00004c16                sl_app_properties
                0x00004c16                BURTC_IRQHandler
                0x00004c16                LFRCO_IRQHandler
                0x00004c16                USART0_RX_IRQHandler
                0x00004c16                MemManage_Handler
                0x00004c16                RDMAILBOX_IRQHandler
                0x00004c16                SVC_Handler
                0x00004c16                RTCC_IRQHandler
                0x00004c16                SMU_S_PRIVILEGED_IRQHandler
                0x00004c16                SW1_IRQHandler
                0x00004c16                CMU_IRQHandler
                0x00004c16                RAC_RSM_IRQHandler
                0x00004c16                AES_IRQHandler
                0x00004c16                M33CTI0_IRQHandler
                0x00004c16                ICACHE0_IRQHandler
                0x00004c16                SMU_NS_PRIVILEGED_IRQHandler
                0x00004c16                PROTIMER_IRQHandler
                0x00004c16                BusFault_Handler
                0x00004c16                TRNG_IRQHandler
 .text.FlashToRamCopy
                0x00004c18       0x16 ./gecko_sdk_4.4.0/platform/Device/SiliconLabs/BGM22/Source/system_bgm22.o
                0x00004c18                FlashToRamCopy
 .text.SystemCLKIN0Get
                0x00004c2e        0x4 ./gecko_sdk_4.4.0/platform/Device/SiliconLabs/BGM22/Source/system_bgm22.o
                0x00004c2e                SystemCLKIN0Get
 .text.SystemLFRCOClockGet
                0x00004c32        0x6 ./gecko_sdk_4.4.0/platform/Device/SiliconLabs/BGM22/Source/system_bgm22.o
                0x00004c32                SystemLFRCOClockGet
 .text.SystemULFRCOClockGet
                0x00004c38        0x6 ./gecko_sdk_4.4.0/platform/Device/SiliconLabs/BGM22/Source/system_bgm22.o
                0x00004c38                SystemULFRCOClockGet
 .text.assertEFM
                0x00004c3e        0x2 ./gecko_sdk_4.4.0/platform/common/src/sl_assert.o
                0x00004c3e                assertEFM
 .text.sl_debug_swo_enable_itm
                0x00004c40       0x16 ./gecko_sdk_4.4.0/platform/driver/debug/src/sl_debug_swo.o
                0x00004c40                sl_debug_swo_enable_itm
 .text.sl_debug_swo_disable_itm
                0x00004c56       0x18 ./gecko_sdk_4.4.0/platform/driver/debug/src/sl_debug_swo.o
                0x00004c56                sl_debug_swo_disable_itm
 .text.DMADRV_PeripheralMemory
                0x00004c6e       0x34 ./gecko_sdk_4.4.0/platform/emdrv/dmadrv/src/dmadrv.o
                0x00004c6e                DMADRV_PeripheralMemory
 .text.waitStateMax
                0x00004ca2       0x10 ./gecko_sdk_4.4.0/platform/emlib/src/em_cmu.o
 .text.CMU_UpdateWaitStates
                0x00004cb2        0xc ./gecko_sdk_4.4.0/platform/emlib/src/em_cmu.o
                0x00004cb2                CMU_UpdateWaitStates
 .text.pclkDivMax
                0x00004cbe        0xa ./gecko_sdk_4.4.0/platform/emlib/src/em_cmu.o
 .text.sli_em_cmu_SYSCLKInitPostClockSelect
                0x00004cc8       0x2a ./gecko_sdk_4.4.0/platform/emlib/src/em_cmu.o
                0x00004cc8                sli_em_cmu_SYSCLKInitPostClockSelect
 .text.CORE_EnterCritical
                0x00004cf2        0x8 ./gecko_sdk_4.4.0/platform/emlib/src/em_core.o
                0x00004cf2                CORE_EnterCritical
 .text.CORE_ExitCritical
                0x00004cfa        0x6 ./gecko_sdk_4.4.0/platform/emlib/src/em_core.o
                0x00004cfa                CORE_ExitCritical
 .text.CORE_EnterAtomic
                0x00004d00        0xc ./gecko_sdk_4.4.0/platform/emlib/src/em_core.o
                0x00004d00                CORE_EnterAtomic
 .text.CORE_ExitAtomic
                0x00004d0c        0x6 ./gecko_sdk_4.4.0/platform/emlib/src/em_core.o
                0x00004d0c                CORE_ExitAtomic
 .text.EMU_EFPEM01VScale
                0x00004d12        0x2 ./gecko_sdk_4.4.0/platform/emlib/src/em_emu.o
                0x00004d12                EMU_EFPEM01VScale
 .text.EMU_DCDCUpdatedHook
                0x00004d14        0x2 ./gecko_sdk_4.4.0/platform/emlib/src/em_emu.o
                0x00004d14                EMU_DCDCUpdatedHook
 .text.eusart_sync
                0x00004d16        0x8 ./gecko_sdk_4.4.0/platform/emlib/src/em_eusart.o
 .text.EUSART_Disable
                0x00004d1e       0x3a ./gecko_sdk_4.4.0/platform/emlib/src/em_eusart.o
 .text.EUSART_Tx
                0x00004d58        0xa ./gecko_sdk_4.4.0/platform/emlib/src/em_eusart.o
                0x00004d58                EUSART_Tx
 .text.BUS_RegMaskedWrite
                0x00004d62       0x1e ./gecko_sdk_4.4.0/platform/emlib/src/em_gpio.o
 .text.GPIO_DbgLocationSet
                0x00004d80        0x2 ./gecko_sdk_4.4.0/platform/emlib/src/em_gpio.o
                0x00004d80                GPIO_DbgLocationSet
 .text.sl_iostream_write
                0x00004d82       0x22 ./gecko_sdk_4.4.0/platform/service/iostream/src/sl_iostream.o
                0x00004d82                sl_iostream_write
 .text.sl_iostream_read
                0x00004da4       0x30 ./gecko_sdk_4.4.0/platform/service/iostream/src/sl_iostream.o
                0x00004da4                sl_iostream_read
 .text.sl_iostream_putchar
                0x00004dd4       0x16 ./gecko_sdk_4.4.0/platform/service/iostream/src/sl_iostream.o
                0x00004dd4                sl_iostream_putchar
 .text.stream_putchar
                0x00004dea        0xa ./gecko_sdk_4.4.0/platform/service/iostream/src/sl_iostream.o
 .text.sl_iostream_printf
                0x00004df4       0x1a ./gecko_sdk_4.4.0/platform/service/iostream/src/sl_iostream.o
                0x00004df4                sl_iostream_printf
 .text.eusart_deinit
                0x00004e0e       0x70 ./gecko_sdk_4.4.0/platform/service/iostream/src/sl_iostream_eusart.o
 .text.eusart_set_next_byte_detect
                0x00004e7e       0x30 ./gecko_sdk_4.4.0/platform/service/iostream/src/sl_iostream_eusart.o
 .text.eusart_tx
                0x00004eae        0xc ./gecko_sdk_4.4.0/platform/service/iostream/src/sl_iostream_eusart.o
 .text.sl_iostream_eusart_irq_handler
                0x00004eba       0x72 ./gecko_sdk_4.4.0/platform/service/iostream/src/sl_iostream_eusart.o
                0x00004eba                sl_iostream_eusart_irq_handler
 .text._close   0x00004f2c        0x4 ./gecko_sdk_4.4.0/platform/service/iostream/src/sl_iostream_retarget_stdio.o
                0x00004f2c                _close
 .text._exit    0x00004f30        0x2 ./gecko_sdk_4.4.0/platform/service/iostream/src/sl_iostream_retarget_stdio.o
                0x00004f30                _exit
 .text._fstat   0x00004f32        0xa ./gecko_sdk_4.4.0/platform/service/iostream/src/sl_iostream_retarget_stdio.o
                0x00004f32                _fstat
 .text._lseek   0x00004f3c        0x4 ./gecko_sdk_4.4.0/platform/service/iostream/src/sl_iostream_retarget_stdio.o
                0x00004f3c                _lseek
 .text._read    0x00004f40       0x1c ./gecko_sdk_4.4.0/platform/service/iostream/src/sl_iostream_retarget_stdio.o
                0x00004f40                _read
 .text.set_auto_cr_lf
                0x00004f5c        0x6 ./gecko_sdk_4.4.0/platform/service/iostream/src/sl_iostream_uart.o
 .text.get_auto_cr_lf
                0x00004f62        0x6 ./gecko_sdk_4.4.0/platform/service/iostream/src/sl_iostream_uart.o
 .text.sl_system_init
                0x00004f68       0x1a ./gecko_sdk_4.4.0/platform/service/system/src/sl_system_init.o
                0x00004f68                sl_system_init
 .text.sl_system_process_action
                0x00004f82       0x16 ./gecko_sdk_4.4.0/platform/service/system/src/sl_system_process_action.o
                0x00004f82                sl_system_process_action
 .text._out_null
                0x00004f98        0x2 ./gecko_sdk_4.4.0/util/third_party/printf/printf.o
 .text._out_rev
                0x00004f9a       0x88 ./gecko_sdk_4.4.0/util/third_party/printf/printf.o
 .text._ntoa_format
                0x00005022      0x138 ./gecko_sdk_4.4.0/util/third_party/printf/printf.o
 .text._ntoa_long
                0x0000515a       0x86 ./gecko_sdk_4.4.0/util/third_party/printf/printf.o
 .text._ntoa_long_long
                0x000051e0       0x9e ./gecko_sdk_4.4.0/util/third_party/printf/printf.o
 .text._out_fct
                0x0000527e        0xa ./gecko_sdk_4.4.0/util/third_party/printf/printf.o
 .text._fwalk_sglue
                0x00005288       0x3c c:/siliconlabs/simplicitystudio/v5/developer/toolchains/gnu_arm/12.2.rel1_2023.7/bin/../lib/gcc/arm-none-eabi/12.2.1/thumb/v8-m.main+fp/hard\libc_nano.a(libc_a-fwalk.o)
                0x00005288                _fwalk_sglue
 .text.__sread  0x000052c4       0x22 c:/siliconlabs/simplicitystudio/v5/developer/toolchains/gnu_arm/12.2.rel1_2023.7/bin/../lib/gcc/arm-none-eabi/12.2.1/thumb/v8-m.main+fp/hard\libc_nano.a(libc_a-stdio.o)
                0x000052c4                __sread
 .text.__swrite
                0x000052e6       0x38 c:/siliconlabs/simplicitystudio/v5/developer/toolchains/gnu_arm/12.2.rel1_2023.7/bin/../lib/gcc/arm-none-eabi/12.2.1/thumb/v8-m.main+fp/hard\libc_nano.a(libc_a-stdio.o)
                0x000052e6                __swrite
 .text.__sseek  0x0000531e       0x24 c:/siliconlabs/simplicitystudio/v5/developer/toolchains/gnu_arm/12.2.rel1_2023.7/bin/../lib/gcc/arm-none-eabi/12.2.1/thumb/v8-m.main+fp/hard\libc_nano.a(libc_a-stdio.o)
                0x0000531e                __sseek
 .text.__sclose
                0x00005342        0x8 c:/siliconlabs/simplicitystudio/v5/developer/toolchains/gnu_arm/12.2.rel1_2023.7/bin/../lib/gcc/arm-none-eabi/12.2.1/thumb/v8-m.main+fp/hard\libc_nano.a(libc_a-stdio.o)
                0x00005342                __sclose
 .text.memset   0x0000534a       0x10 c:/siliconlabs/simplicitystudio/v5/developer/toolchains/gnu_arm/12.2.rel1_2023.7/bin/../lib/gcc/arm-none-eabi/12.2.1/thumb/v8-m.main+fp/hard\libc_nano.a(libc_a-memset.o)
                0x0000534a                memset
 .text.__retarget_lock_init_recursive
                0x0000535a        0x2 c:/siliconlabs/simplicitystudio/v5/developer/toolchains/gnu_arm/12.2.rel1_2023.7/bin/../lib/gcc/arm-none-eabi/12.2.1/thumb/v8-m.main+fp/hard\libc_nano.a(libc_a-lock.o)
                0x0000535a                __retarget_lock_init_recursive
 .text.__retarget_lock_acquire_recursive
                0x0000535c        0x2 c:/siliconlabs/simplicitystudio/v5/developer/toolchains/gnu_arm/12.2.rel1_2023.7/bin/../lib/gcc/arm-none-eabi/12.2.1/thumb/v8-m.main+fp/hard\libc_nano.a(libc_a-lock.o)
                0x0000535c                __retarget_lock_acquire_recursive
 .text.__retarget_lock_release_recursive
                0x0000535e        0x2 c:/siliconlabs/simplicitystudio/v5/developer/toolchains/gnu_arm/12.2.rel1_2023.7/bin/../lib/gcc/arm-none-eabi/12.2.1/thumb/v8-m.main+fp/hard\libc_nano.a(libc_a-lock.o)
                0x0000535e                __retarget_lock_release_recursive
 .text.memcpy   0x00005360       0x1a c:/siliconlabs/simplicitystudio/v5/developer/toolchains/gnu_arm/12.2.rel1_2023.7/bin/../lib/gcc/arm-none-eabi/12.2.1/thumb/v8-m.main+fp/hard\libc_nano.a(libc_a-memcpy-stub.o)
                0x00005360                memcpy
 .text.__sflush_r
                0x0000537a      0x106 c:/siliconlabs/simplicitystudio/v5/developer/toolchains/gnu_arm/12.2.rel1_2023.7/bin/../lib/gcc/arm-none-eabi/12.2.1/thumb/v8-m.main+fp/hard\libc_nano.a(libc_a-fflush.o)
                0x0000537a                __sflush_r
 .text._fflush_r
                0x00005480       0x50 c:/siliconlabs/simplicitystudio/v5/developer/toolchains/gnu_arm/12.2.rel1_2023.7/bin/../lib/gcc/arm-none-eabi/12.2.1/thumb/v8-m.main+fp/hard\libc_nano.a(libc_a-fflush.o)
                0x00005480                _fflush_r
 .text.__swhatbuf_r
                0x000054d0       0x4a c:/siliconlabs/simplicitystudio/v5/developer/toolchains/gnu_arm/12.2.rel1_2023.7/bin/../lib/gcc/arm-none-eabi/12.2.1/thumb/v8-m.main+fp/hard\libc_nano.a(libc_a-makebuf.o)
                0x000054d0                __swhatbuf_r
                0x00005520                . = ALIGN (0x20)
 *fill*         0x0000551a        0x6 
                0x00005520                linker_code_end = .
 *(.init)
 .init          0x00005520        0x4 c:/siliconlabs/simplicitystudio/v5/developer/toolchains/gnu_arm/12.2.rel1_2023.7/bin/../lib/gcc/arm-none-eabi/12.2.1/thumb/v8-m.main+fp/hard/crti.o
                0x00005520                _init
 .init          0x00005524        0x8 c:/siliconlabs/simplicitystudio/v5/developer/toolchains/gnu_arm/12.2.rel1_2023.7/bin/../lib/gcc/arm-none-eabi/12.2.1/thumb/v8-m.main+fp/hard/crtn.o
 *(.fini)
 .fini          0x0000552c        0x4 c:/siliconlabs/simplicitystudio/v5/developer/toolchains/gnu_arm/12.2.rel1_2023.7/bin/../lib/gcc/arm-none-eabi/12.2.1/thumb/v8-m.main+fp/hard/crti.o
                0x0000552c                _fini
 .fini          0x00005530        0x8 c:/siliconlabs/simplicitystudio/v5/developer/toolchains/gnu_arm/12.2.rel1_2023.7/bin/../lib/gcc/arm-none-eabi/12.2.1/thumb/v8-m.main+fp/hard/crtn.o
 *crtbegin.o(.ctors)
 *crtbegin?.o(.ctors)
 *(EXCLUDE_FILE(*crtend.o *crtend?.o) .ctors)
 *(SORT_BY_NAME(.ctors.*))
 *(.ctors)
 *crtbegin.o(.dtors)
 *crtbegin?.o(.dtors)
 *(EXCLUDE_FILE(*crtend.o *crtend?.o) .dtors)
 *(SORT_BY_NAME(.dtors.*))
 *(.dtors)
                0x00005538                __code_classification_validator_start__ = .
                0x00005558                . = (. + 0x20)
 *fill*         0x00005538       0x20 
 *(code_classification_validator)
                0x00005560                . = ALIGN (0x20)
 *fill*         0x00005558        0x8 
                0x00005560                __code_classification_validator_end__ = .
 *(.rodata*)
 .rodata.GPIO_PinOutToggle.str1.1
                0x00005560       0x3f ./app.o
 .rodata.app_init.str1.1
                0x0000559f        0xe ./app.o
 *fill*         0x000055ad        0x1 
 .rodata.CSWTCH.23
                0x000055ae        0x8 ./app.o
 .rodata.sl_iostream_eusart_init_vcom.str1.1
                0x000055b6       0x2f ./autogen/sl_iostream_init_eusart_instances.o
 *fill*         0x000055e5        0x3 
 .rodata        0x000055e8       0x20 ./autogen/sl_iostream_init_eusart_instances.o
 .rodata        0x00005608        0x4 ./gecko_sdk_4.4.0/platform/emdrv/dmadrv/src/dmadrv.o
 .rodata.HFRCODPLLDevinfoGet.str1.1
                0x0000560c       0x3e ./gecko_sdk_4.4.0/platform/emlib/src/em_cmu.o
 .rodata.CORE_NvicMaskSetIRQ.str1.1
                0x0000564a       0x3f ./gecko_sdk_4.4.0/platform/emlib/src/em_core.o
 .rodata.EMU_VScaleEM01.str1.1
                0x00005689       0x3e ./gecko_sdk_4.4.0/platform/emlib/src/em_emu.o
 .rodata.EUSART_Enable.str1.1
                0x000056c7       0x41 ./gecko_sdk_4.4.0/platform/emlib/src/em_eusart.o
 .rodata.BUS_RegBitWrite.str1.1
                0x00005708       0x3e ./gecko_sdk_4.4.0/platform/emlib/src/em_gpio.o
 .rodata.GPIO_PinOutSet.str1.1
                0x00005746       0x3f ./gecko_sdk_4.4.0/platform/emlib/src/em_gpio.o
 .rodata.GPIO_ExtIntConfig.str1.1
                0x00005746       0x3f ./gecko_sdk_4.4.0/platform/emlib/src/em_gpio.o
 *fill*         0x00005785        0x1 
 .rodata.CSWTCH.31
                0x00005786        0x8 ./gecko_sdk_4.4.0/platform/emlib/src/em_gpio.o
 .rodata.LDMA_EnableChannelRequest.str1.1
                0x0000578e       0x3f ./gecko_sdk_4.4.0/platform/emlib/src/em_ldma.o
                                 0x7d (size before relaxing)
 .rodata        0x000057cd        0x8 ./gecko_sdk_4.4.0/platform/service/device_init/src/sl_device_init_dcdc_s2.o
 *fill*         0x000057d5        0x3 
 .rodata        0x000057d8       0x28 ./gecko_sdk_4.4.0/platform/service/device_init/src/sl_device_init_hfxo_s2.o
 .rodata        0x00005800       0x14 ./gecko_sdk_4.4.0/platform/service/device_init/src/sl_device_init_lfxo_s2.o
 .rodata._write.str1.1
                0x00005814       0x5d ./gecko_sdk_4.4.0/platform/service/iostream/src/sl_iostream_retarget_stdio.o
 .rodata.get_write_ptr.str1.1
                0x00005871       0x53 ./gecko_sdk_4.4.0/platform/service/iostream/src/sl_iostream_uart.o
 .rodata._ftoa.str1.1
                0x000058c4       0x12 ./gecko_sdk_4.4.0/util/third_party/printf/printf.o
 *fill*         0x000058d6        0x2 
 .rodata.pow10.0
                0x000058d8       0x50 ./gecko_sdk_4.4.0/util/third_party/printf/printf.o
 *(.eh_frame*)
 .eh_frame      0x00005928        0x0 c:/siliconlabs/simplicitystudio/v5/developer/toolchains/gnu_arm/12.2.rel1_2023.7/bin/../lib/gcc/arm-none-eabi/12.2.1/thumb/v8-m.main+fp/hard/crtbegin.o

.glue_7         0x00005928        0x0
 .glue_7        0x00005928        0x0 linker stubs

.glue_7t        0x00005928        0x0
 .glue_7t       0x00005928        0x0 linker stubs

.vfp11_veneer   0x00005928        0x0
 .vfp11_veneer  0x00005928        0x0 linker stubs

.v4_bx          0x00005928        0x0
 .v4_bx         0x00005928        0x0 linker stubs

.iplt           0x00005928        0x0
 .iplt          0x00005928        0x0 c:/siliconlabs/simplicitystudio/v5/developer/toolchains/gnu_arm/12.2.rel1_2023.7/bin/../lib/gcc/arm-none-eabi/12.2.1/thumb/v8-m.main+fp/hard/crtbegin.o

.ARM.extab
 *(.ARM.extab* .gnu.linkonce.armextab.*)
                0x00005928                __exidx_start = .

.ARM.exidx      0x00005928        0x8
 *(.ARM.exidx* .gnu.linkonce.armexidx.*)
 .ARM.exidx     0x00005928        0x8 c:/siliconlabs/simplicitystudio/v5/developer/toolchains/gnu_arm/12.2.rel1_2023.7/bin/../lib/gcc/arm-none-eabi/12.2.1/thumb/v8-m.main+fp/hard/crt0.o
                                 0x10 (size before relaxing)
 .ARM.exidx.text.__udivmoddi4
                0x00005930        0x0 c:/siliconlabs/simplicitystudio/v5/developer/toolchains/gnu_arm/12.2.rel1_2023.7/bin/../lib/gcc/arm-none-eabi/12.2.1/thumb/v8-m.main+fp/hard\libgcc.a(_udivmoddi4.o)
                                  0x8 (size before relaxing)
                0x00005930                __exidx_end = .

.rel.dyn        0x00005930        0x0
 .rel.iplt      0x00005930        0x0 c:/siliconlabs/simplicitystudio/v5/developer/toolchains/gnu_arm/12.2.rel1_2023.7/bin/../lib/gcc/arm-none-eabi/12.2.1/thumb/v8-m.main+fp/hard/crtbegin.o

.copy.table     0x00005930        0xc
                0x00005930                . = ALIGN (0x4)
                0x00005930                __copy_table_start__ = .
                0x00005930        0x4 LONG 0x593c __etext
                0x00005934        0x4 LONG 0x20001000 __data_start__
                0x00005938        0x4 LONG 0x23 ((__data_end__ - __data_start__) / 0x4)
                0x0000593c                __copy_table_end__ = .

.zero.table     0x0000593c        0x0
                0x0000593c                . = ALIGN (0x4)
                0x0000593c                __zero_table_start__ = .
                0x0000593c                __zero_table_end__ = .
                0x0000593c                __etext = .
                0x20000000                . = ORIGIN (RAM)

.stack          0x20000000     0x1000
                0x20000000                __StackLimit = .
 *(.stack*)
 .stack         0x20000000     0x1000 ./gecko_sdk_4.4.0/platform/common/toolchain/src/sl_memory.o
                0x20001000                . = ALIGN (0x4)
                0x20001000                __StackTop = .
                0x20001000                PROVIDE (__stack = __StackTop)

.noinit
 *(.noinit*)

.data           0x20001000       0x8c load address 0x0000593c
                0x20001000                . = ALIGN (0x4)
                0x20001000                __data_start__ = .
 *(vtable)
 *(SORT_BY_ALIGNMENT(.data*))
 .data.ledpin3  0x20001000        0x4 ./app.o
                0x20001000                ledpin3
 .data.ledpin2  0x20001004        0x4 ./app.o
                0x20001004                ledpin2
 .data.SystemCoreClock
                0x20001008        0x4 ./gecko_sdk_4.4.0/platform/Device/SiliconLabs/BGM22/Source/system_bgm22.o
                0x20001008                SystemCoreClock
 .data.SystemHFRCODPLLClock
                0x2000100c        0x4 ./gecko_sdk_4.4.0/platform/Device/SiliconLabs/BGM22/Source/system_bgm22.o
 .data.SystemLFXOClock
                0x20001010        0x4 ./gecko_sdk_4.4.0/platform/Device/SiliconLabs/BGM22/Source/system_bgm22.o
 .data.SystemHFXOClock
                0x20001014        0x4 ./gecko_sdk_4.4.0/platform/Device/SiliconLabs/BGM22/Source/system_bgm22.o
 .data.heap_end.0
                0x20001018        0x4 ./gecko_sdk_4.4.0/platform/common/toolchain/src/sl_memory.o
 .data.__sglue  0x2000101c        0xc c:/siliconlabs/simplicitystudio/v5/developer/toolchains/gnu_arm/12.2.rel1_2023.7/bin/../lib/gcc/arm-none-eabi/12.2.1/thumb/v8-m.main+fp/hard\libc_nano.a(libc_a-findfp.o)
                0x2000101c                __sglue
 .data._impure_ptr
                0x20001028        0x4 c:/siliconlabs/simplicitystudio/v5/developer/toolchains/gnu_arm/12.2.rel1_2023.7/bin/../lib/gcc/arm-none-eabi/12.2.1/thumb/v8-m.main+fp/hard\libc_nano.a(libc_a-impure.o)
                0x20001028                _impure_ptr
 .data._impure_data
                0x2000102c       0x4c c:/siliconlabs/simplicitystudio/v5/developer/toolchains/gnu_arm/12.2.rel1_2023.7/bin/../lib/gcc/arm-none-eabi/12.2.1/thumb/v8-m.main+fp/hard\libc_nano.a(libc_a-impure.o)
                0x2000102c                _impure_data
 .data.hfxo_precision
                0x20001078        0x2 ./gecko_sdk_4.4.0/platform/emlib/src/em_cmu.o
 .data.lfxo_precision
                0x2000107a        0x2 ./gecko_sdk_4.4.0/platform/emlib/src/em_cmu.o
 .data.ledport3
                0x2000107c        0x1 ./app.o
                0x2000107c                ledport3
 .data.ledport2
                0x2000107d        0x1 ./app.o
                0x2000107d                ledport2
 .data.ledport1
                0x2000107e        0x1 ./app.o
                0x2000107e                ledport1
 .data.level_mask
                0x2000107f        0x1 ./gecko_sdk_4.4.0/app/common/util/app_log/app_log.o
 .data.level_filter_threshold
                0x20001080        0x1 ./gecko_sdk_4.4.0/app/common/util/app_log/app_log.o
 .data.level_filter_enabled
                0x20001081        0x1 ./gecko_sdk_4.4.0/app/common/util/app_log/app_log.o
                0x20001084                . = ALIGN (0x4)
 *fill*         0x20001082        0x2 
                [!provide]                PROVIDE (__ram_func_section_start = .)
 *(.ram)
                [!provide]                PROVIDE (__ram_func_section_end = .)
                0x20001084                . = ALIGN (0x4)
                0x20001084                PROVIDE (__preinit_array_start = .)
 *(.preinit_array)
                0x20001084                PROVIDE (__preinit_array_end = .)
                0x20001084                . = ALIGN (0x4)
                0x20001084                PROVIDE (__init_array_start = .)
 *(SORT_BY_NAME(.init_array.*))
 *(.init_array)
 .init_array    0x20001084        0x4 c:/siliconlabs/simplicitystudio/v5/developer/toolchains/gnu_arm/12.2.rel1_2023.7/bin/../lib/gcc/arm-none-eabi/12.2.1/thumb/v8-m.main+fp/hard/crtbegin.o
                0x20001088                PROVIDE (__init_array_end = .)
                0x20001088                . = ALIGN (0x4)
                [!provide]                PROVIDE (__fini_array_start = .)
 *(SORT_BY_NAME(.fini_array.*))
 *(.fini_array)
 .fini_array    0x20001088        0x4 c:/siliconlabs/simplicitystudio/v5/developer/toolchains/gnu_arm/12.2.rel1_2023.7/bin/../lib/gcc/arm-none-eabi/12.2.1/thumb/v8-m.main+fp/hard/crtbegin.o
                [!provide]                PROVIDE (__fini_array_end = .)
                0x2000108c                . = ALIGN (0x4)
                0x2000108c                __data_end__ = .

.tm_clone_table
                0x2000108c        0x0 load address 0x000059c8
 .tm_clone_table
                0x2000108c        0x0 c:/siliconlabs/simplicitystudio/v5/developer/toolchains/gnu_arm/12.2.rel1_2023.7/bin/../lib/gcc/arm-none-eabi/12.2.1/thumb/v8-m.main+fp/hard/crtbegin.o
 .tm_clone_table
                0x2000108c        0x0 c:/siliconlabs/simplicitystudio/v5/developer/toolchains/gnu_arm/12.2.rel1_2023.7/bin/../lib/gcc/arm-none-eabi/12.2.1/thumb/v8-m.main+fp/hard/crtend.o

.igot.plt       0x2000108c        0x0 load address 0x000059c8
 .igot.plt      0x2000108c        0x0 c:/siliconlabs/simplicitystudio/v5/developer/toolchains/gnu_arm/12.2.rel1_2023.7/bin/../lib/gcc/arm-none-eabi/12.2.1/thumb/v8-m.main+fp/hard/crtbegin.o

.bss            0x2000108c      0x594 load address 0x000059c8
                0x2000108c                . = ALIGN (0x4)
                0x2000108c                __bss_start__ = .
 *(SORT_BY_ALIGNMENT(.bss*))
 .bss.object.0  0x2000108c       0x18 c:/siliconlabs/simplicitystudio/v5/developer/toolchains/gnu_arm/12.2.rel1_2023.7/bin/../lib/gcc/arm-none-eabi/12.2.1/thumb/v8-m.main+fp/hard/crtbegin.o
 .bss.ledpin1   0x200010a4        0x4 ./app.o
                0x200010a4                ledpin1
 .bss.context_vcom
                0x200010a8       0x64 ./autogen/sl_iostream_init_eusart_instances.o
 .bss.sl_iostream_vcom
                0x2000110c       0x18 ./autogen/sl_iostream_init_eusart_instances.o
 .bss.app_log_iostream
                0x20001124        0x4 ./gecko_sdk_4.4.0/app/common/util/app_log/app_log.o
                0x20001124                app_log_iostream
 .bss.dmaXfer   0x20001128      0x100 ./gecko_sdk_4.4.0/platform/emdrv/dmadrv/src/dmadrv.o
 .bss.chTable   0x20001228       0x80 ./gecko_sdk_4.4.0/platform/emdrv/dmadrv/src/dmadrv.o
 .bss.gpioCallbacks
                0x200012a8      0x200 ./gecko_sdk_4.4.0/platform/emdrv/gpiointerrupt/src/gpiointerrupt.o
 .bss.sli_iostream_default
                0x200014a8        0x4 ./gecko_sdk_4.4.0/platform/service/iostream/src/sl_iostream.o
 .bss.__sf      0x200014ac      0x138 c:/siliconlabs/simplicitystudio/v5/developer/toolchains/gnu_arm/12.2.rel1_2023.7/bin/../lib/gcc/arm-none-eabi/12.2.1/thumb/v8-m.main+fp/hard\libc_nano.a(libc_a-findfp.o)
                0x200014ac                __sf
 .bss.__stdio_exit_handler
                0x200015e4        0x4 c:/siliconlabs/simplicitystudio/v5/developer/toolchains/gnu_arm/12.2.rel1_2023.7/bin/../lib/gcc/arm-none-eabi/12.2.1/thumb/v8-m.main+fp/hard\libc_nano.a(libc_a-findfp.o)
                0x200015e4                __stdio_exit_handler
 .bss.errno     0x200015e8        0x4 c:/siliconlabs/simplicitystudio/v5/developer/toolchains/gnu_arm/12.2.rel1_2023.7/bin/../lib/gcc/arm-none-eabi/12.2.1/thumb/v8-m.main+fp/hard\libc_nano.a(libc_a-reent.o)
                0x200015e8                errno
 .bss.__malloc_sbrk_start
                0x200015ec        0x4 c:/siliconlabs/simplicitystudio/v5/developer/toolchains/gnu_arm/12.2.rel1_2023.7/bin/../lib/gcc/arm-none-eabi/12.2.1/thumb/v8-m.main+fp/hard\libc_nano.a(libc_a-mallocr.o)
                0x200015ec                __malloc_sbrk_start
 .bss.__malloc_free_list
                0x200015f0        0x4 c:/siliconlabs/simplicitystudio/v5/developer/toolchains/gnu_arm/12.2.rel1_2023.7/bin/../lib/gcc/arm-none-eabi/12.2.1/thumb/v8-m.main+fp/hard\libc_nano.a(libc_a-mallocr.o)
                0x200015f0                __malloc_free_list
 .bss.completed.1
                0x200015f4        0x1 c:/siliconlabs/simplicitystudio/v5/developer/toolchains/gnu_arm/12.2.rel1_2023.7/bin/../lib/gcc/arm-none-eabi/12.2.1/thumb/v8-m.main+fp/hard/crtbegin.o
 .bss.checkLoop
                0x200015f5        0x1 ./app.o
                0x200015f5                checkLoop
 .bss.checkBuzzerOn
                0x200015f6        0x1 ./app.o
                0x200015f6                checkBuzzerOn
 .bss.rx_buffer_vcom
                0x200015f7       0x20 ./autogen/sl_iostream_init_eusart_instances.o
 .bss.level_mask_enabled
                0x20001617        0x1 ./gecko_sdk_4.4.0/app/common/util/app_log/app_log.o
 .bss.initialized
                0x20001618        0x1 ./gecko_sdk_4.4.0/platform/emdrv/dmadrv/src/dmadrv.o
 .bss.ctuneDelta
                0x20001619        0x1 ./gecko_sdk_4.4.0/platform/emlib/src/em_cmu.o
 .bss.vScaleEM01Config
                0x2000161a        0x1 ./gecko_sdk_4.4.0/platform/emlib/src/em_emu.o
 .bss.__lock___malloc_recursive_mutex
                0x2000161b        0x1 c:/siliconlabs/simplicitystudio/v5/developer/toolchains/gnu_arm/12.2.rel1_2023.7/bin/../lib/gcc/arm-none-eabi/12.2.1/thumb/v8-m.main+fp/hard\libc_nano.a(libc_a-lock.o)
                0x2000161b                __lock___malloc_recursive_mutex
 .bss.__lock___sfp_recursive_mutex
                0x2000161c        0x1 c:/siliconlabs/simplicitystudio/v5/developer/toolchains/gnu_arm/12.2.rel1_2023.7/bin/../lib/gcc/arm-none-eabi/12.2.1/thumb/v8-m.main+fp/hard\libc_nano.a(libc_a-lock.o)
                0x2000161c                __lock___sfp_recursive_mutex
 *(COMMON)
                0x20001620                . = ALIGN (0x4)
 *fill*         0x2000161d        0x3 
                0x20001620                __bss_end__ = .
                0x20001620                __ramfuncs_start__ = .
                0x20001620                __vma_ramfuncs_start__ = .
                0x000059c8                __lma_ramfuncs_start__ = (__etext + SIZEOF (.data))
                0x00000000                __text_application_ram_offset__ = (. - __vma_ramfuncs_start__)

text_application_ram
                0x20001620        0x0 load address 0x000059c8
                0x20001620                . = ALIGN (0x4)
                0x20001620                __text_application_ram_start__ = .
 *(text_application_ram)
                0x20001620                . = ALIGN (0x4)
                0x20001620                __text_application_ram_end__ = .
                0x20001620                . = ALIGN (0x4)
                0x20001620                __vma_ramfuncs_end__ = .
                0x000059c8                __lma_ramfuncs_end__ = ((__lma_ramfuncs_start__ + __text_application_ram_offset__) + SIZEOF (text_application_ram))
                0x20001620                __ramfuncs_end__ = .

.heap           0x20001620      0x800
                0x20001620                __HeapBase = .
                0x20001620                __end__ = .
                0x20001620                end = __end__
                0x20001620                _end = __end__
 *(.heap*)
 .heap          0x20001620      0x800 ./gecko_sdk_4.4.0/platform/common/toolchain/src/sl_memory.o
                0x20008000                __HeapLimit = (ORIGIN (RAM) + LENGTH (RAM))
                0x000069e0                __heap_size = (__HeapLimit - __HeapBase)
                0x20008000                __ram_end__ = 0x20008000
                0x0007e000                __main_flash_end__ = 0x7e000

.internal_storage
 *(.internal_storage*)

.nvm
 *(.simee*)
                0x0007e000                linker_nvm_end = __main_flash_end__
                0x0007e000                linker_nvm_begin = (linker_nvm_end - SIZEOF (.nvm))
                0x00000000                linker_nvm_size = SIZEOF (.nvm)
                0x0007e000                linker_storage_end = linker_nvm_begin
                0x0007e000                __nvm3Base = linker_nvm_begin
                0x0007e000                linker_storage_begin = (linker_storage_end - SIZEOF (.internal_storage))
                0x00000000                linker_storage_size = SIZEOF (.internal_storage)
                0x00000001                ASSERT ((linker_storage_begin >= (__etext + SIZEOF (.data))), FLASH memory overflowed !)
OUTPUT(lmaoProject.axf elf32-littlearm)
LOAD linker stubs

.ARM.attributes
                0x00000000       0x36
 .ARM.attributes
                0x00000000       0x26 c:/siliconlabs/simplicitystudio/v5/developer/toolchains/gnu_arm/12.2.rel1_2023.7/bin/../lib/gcc/arm-none-eabi/12.2.1/thumb/v8-m.main+fp/hard/crti.o
 .ARM.attributes
                0x00000026       0x38 c:/siliconlabs/simplicitystudio/v5/developer/toolchains/gnu_arm/12.2.rel1_2023.7/bin/../lib/gcc/arm-none-eabi/12.2.1/thumb/v8-m.main+fp/hard/crtbegin.o
 .ARM.attributes
                0x0000005e       0x24 c:/siliconlabs/simplicitystudio/v5/developer/toolchains/gnu_arm/12.2.rel1_2023.7/bin/../lib/gcc/arm-none-eabi/12.2.1/thumb/v8-m.main+fp/hard/crt0.o
 .ARM.attributes
                0x00000082       0x3a ./app.o
 .ARM.attributes
                0x000000bc       0x3a ./main.o
 .ARM.attributes
                0x000000f6       0x3a ./autogen/sl_board_default_init.o
 .ARM.attributes
                0x00000130       0x3a ./autogen/sl_device_init_clocks.o
 .ARM.attributes
                0x0000016a       0x3a ./autogen/sl_event_handler.o
 .ARM.attributes
                0x000001a4       0x3a ./autogen/sl_iostream_init_eusart_instances.o
 .ARM.attributes
                0x000001de       0x3a ./gecko_sdk_4.4.0/app/common/util/app_log/app_log.o
 .ARM.attributes
                0x00000218       0x3a ./gecko_sdk_4.4.0/hardware/board/src/sl_board_control_gpio.o
 .ARM.attributes
                0x00000252       0x3a ./gecko_sdk_4.4.0/hardware/board/src/sl_board_init.o
 .ARM.attributes
                0x0000028c       0x3a ./gecko_sdk_4.4.0/hardware/driver/configuration_over_swo/src/sl_cos.o
 .ARM.attributes
                0x000002c6       0x3a ./gecko_sdk_4.4.0/platform/Device/SiliconLabs/BGM22/Source/startup_bgm22.o
 .ARM.attributes
                0x00000300       0x3a ./gecko_sdk_4.4.0/platform/Device/SiliconLabs/BGM22/Source/system_bgm22.o
 .ARM.attributes
                0x0000033a       0x3a ./gecko_sdk_4.4.0/platform/common/src/sl_assert.o
 .ARM.attributes
                0x00000374       0x3a ./gecko_sdk_4.4.0/platform/common/toolchain/src/sl_memory.o
 .ARM.attributes
                0x000003ae       0x3a ./gecko_sdk_4.4.0/platform/driver/debug/src/sl_debug_swo.o
 .ARM.attributes
                0x000003e8       0x3a ./gecko_sdk_4.4.0/platform/emdrv/dmadrv/src/dmadrv.o
 .ARM.attributes
                0x00000422       0x3a ./gecko_sdk_4.4.0/platform/emdrv/gpiointerrupt/src/gpiointerrupt.o
 .ARM.attributes
                0x0000045c       0x3a ./gecko_sdk_4.4.0/platform/emlib/src/em_cmu.o
 .ARM.attributes
                0x00000496       0x3a ./gecko_sdk_4.4.0/platform/emlib/src/em_core.o
 .ARM.attributes
                0x000004d0       0x3a ./gecko_sdk_4.4.0/platform/emlib/src/em_emu.o
 .ARM.attributes
                0x0000050a       0x3a ./gecko_sdk_4.4.0/platform/emlib/src/em_eusart.o
 .ARM.attributes
                0x00000544       0x3a ./gecko_sdk_4.4.0/platform/emlib/src/em_gpio.o
 .ARM.attributes
                0x0000057e       0x3a ./gecko_sdk_4.4.0/platform/emlib/src/em_ldma.o
 .ARM.attributes
                0x000005b8       0x3a ./gecko_sdk_4.4.0/platform/emlib/src/em_system.o
 .ARM.attributes
                0x000005f2       0x3a ./gecko_sdk_4.4.0/platform/service/device_init/src/sl_device_init_dcdc_s2.o
 .ARM.attributes
                0x0000062c       0x3a ./gecko_sdk_4.4.0/platform/service/device_init/src/sl_device_init_emu_s2.o
 .ARM.attributes
                0x00000666       0x3a ./gecko_sdk_4.4.0/platform/service/device_init/src/sl_device_init_hfxo_s2.o
 .ARM.attributes
                0x000006a0       0x3a ./gecko_sdk_4.4.0/platform/service/device_init/src/sl_device_init_lfxo_s2.o
 .ARM.attributes
                0x000006da       0x3a ./gecko_sdk_4.4.0/platform/service/device_init/src/sl_device_init_nvic.o
 .ARM.attributes
                0x00000714       0x3a ./gecko_sdk_4.4.0/platform/service/iostream/src/sl_iostream.o
 .ARM.attributes
                0x0000074e       0x3a ./gecko_sdk_4.4.0/platform/service/iostream/src/sl_iostream_eusart.o
 .ARM.attributes
                0x00000788       0x3a ./gecko_sdk_4.4.0/platform/service/iostream/src/sl_iostream_retarget_stdio.o
 .ARM.attributes
                0x000007c2       0x3a ./gecko_sdk_4.4.0/platform/service/iostream/src/sl_iostream_stdlib_config.o
 .ARM.attributes
                0x000007fc       0x3a ./gecko_sdk_4.4.0/platform/service/iostream/src/sl_iostream_uart.o
 .ARM.attributes
                0x00000836       0x3a ./gecko_sdk_4.4.0/platform/service/system/src/sl_system_init.o
 .ARM.attributes
                0x00000870       0x3a ./gecko_sdk_4.4.0/platform/service/system/src/sl_system_process_action.o
 .ARM.attributes
                0x000008aa       0x3a ./gecko_sdk_4.4.0/util/third_party/printf/printf.o
 .ARM.attributes
                0x000008e4       0x26 c:/siliconlabs/simplicitystudio/v5/developer/toolchains/gnu_arm/12.2.rel1_2023.7/bin/../lib/gcc/arm-none-eabi/12.2.1/thumb/v8-m.main+fp/hard\libgcc.a(_arm_addsubdf3.o)
 .ARM.attributes
                0x0000090a       0x26 c:/siliconlabs/simplicitystudio/v5/developer/toolchains/gnu_arm/12.2.rel1_2023.7/bin/../lib/gcc/arm-none-eabi/12.2.1/thumb/v8-m.main+fp/hard\libgcc.a(_arm_muldivdf3.o)
 .ARM.attributes
                0x00000930       0x26 c:/siliconlabs/simplicitystudio/v5/developer/toolchains/gnu_arm/12.2.rel1_2023.7/bin/../lib/gcc/arm-none-eabi/12.2.1/thumb/v8-m.main+fp/hard\libgcc.a(_arm_cmpdf2.o)
 .ARM.attributes
                0x00000956       0x26 c:/siliconlabs/simplicitystudio/v5/developer/toolchains/gnu_arm/12.2.rel1_2023.7/bin/../lib/gcc/arm-none-eabi/12.2.1/thumb/v8-m.main+fp/hard\libgcc.a(_arm_fixdfsi.o)
 .ARM.attributes
                0x0000097c       0x26 c:/siliconlabs/simplicitystudio/v5/developer/toolchains/gnu_arm/12.2.rel1_2023.7/bin/../lib/gcc/arm-none-eabi/12.2.1/thumb/v8-m.main+fp/hard\libgcc.a(_arm_fixunsdfsi.o)
 .ARM.attributes
                0x000009a2       0x26 c:/siliconlabs/simplicitystudio/v5/developer/toolchains/gnu_arm/12.2.rel1_2023.7/bin/../lib/gcc/arm-none-eabi/12.2.1/thumb/v8-m.main+fp/hard\libgcc.a(_aeabi_uldivmod.o)
 .ARM.attributes
                0x000009c8       0x38 c:/siliconlabs/simplicitystudio/v5/developer/toolchains/gnu_arm/12.2.rel1_2023.7/bin/../lib/gcc/arm-none-eabi/12.2.1/thumb/v8-m.main+fp/hard\libgcc.a(_udivmoddi4.o)
 .ARM.attributes
                0x00000a00       0x26 c:/siliconlabs/simplicitystudio/v5/developer/toolchains/gnu_arm/12.2.rel1_2023.7/bin/../lib/gcc/arm-none-eabi/12.2.1/thumb/v8-m.main+fp/hard\libgcc.a(_dvmd_tls.o)
 .ARM.attributes
                0x00000a26       0x38 c:/siliconlabs/simplicitystudio/v5/developer/toolchains/gnu_arm/12.2.rel1_2023.7/bin/../lib/gcc/arm-none-eabi/12.2.1/thumb/v8-m.main+fp/hard\libc_nano.a(libc_a-exit.o)
 .ARM.attributes
                0x00000a5e       0x38 c:/siliconlabs/simplicitystudio/v5/developer/toolchains/gnu_arm/12.2.rel1_2023.7/bin/../lib/gcc/arm-none-eabi/12.2.1/thumb/v8-m.main+fp/hard\libc_nano.a(libc_a-findfp.o)
 .ARM.attributes
                0x00000a96       0x38 c:/siliconlabs/simplicitystudio/v5/developer/toolchains/gnu_arm/12.2.rel1_2023.7/bin/../lib/gcc/arm-none-eabi/12.2.1/thumb/v8-m.main+fp/hard\libc_nano.a(libc_a-fwalk.o)
 .ARM.attributes
                0x00000ace       0x38 c:/siliconlabs/simplicitystudio/v5/developer/toolchains/gnu_arm/12.2.rel1_2023.7/bin/../lib/gcc/arm-none-eabi/12.2.1/thumb/v8-m.main+fp/hard\libc_nano.a(libc_a-setvbuf.o)
 .ARM.attributes
                0x00000b06       0x38 c:/siliconlabs/simplicitystudio/v5/developer/toolchains/gnu_arm/12.2.rel1_2023.7/bin/../lib/gcc/arm-none-eabi/12.2.1/thumb/v8-m.main+fp/hard\libc_nano.a(libc_a-stdio.o)
 .ARM.attributes
                0x00000b3e       0x38 c:/siliconlabs/simplicitystudio/v5/developer/toolchains/gnu_arm/12.2.rel1_2023.7/bin/../lib/gcc/arm-none-eabi/12.2.1/thumb/v8-m.main+fp/hard\libc_nano.a(libc_a-memset.o)
 .ARM.attributes
                0x00000b76       0x38 c:/siliconlabs/simplicitystudio/v5/developer/toolchains/gnu_arm/12.2.rel1_2023.7/bin/../lib/gcc/arm-none-eabi/12.2.1/thumb/v8-m.main+fp/hard\libc_nano.a(libc_a-closer.o)
 .ARM.attributes
                0x00000bae       0x38 c:/siliconlabs/simplicitystudio/v5/developer/toolchains/gnu_arm/12.2.rel1_2023.7/bin/../lib/gcc/arm-none-eabi/12.2.1/thumb/v8-m.main+fp/hard\libc_nano.a(libc_a-reent.o)
 .ARM.attributes
                0x00000be6       0x38 c:/siliconlabs/simplicitystudio/v5/developer/toolchains/gnu_arm/12.2.rel1_2023.7/bin/../lib/gcc/arm-none-eabi/12.2.1/thumb/v8-m.main+fp/hard\libc_nano.a(libc_a-impure.o)
 .ARM.attributes
                0x00000c1e       0x38 c:/siliconlabs/simplicitystudio/v5/developer/toolchains/gnu_arm/12.2.rel1_2023.7/bin/../lib/gcc/arm-none-eabi/12.2.1/thumb/v8-m.main+fp/hard\libc_nano.a(libc_a-lseekr.o)
 .ARM.attributes
                0x00000c56       0x38 c:/siliconlabs/simplicitystudio/v5/developer/toolchains/gnu_arm/12.2.rel1_2023.7/bin/../lib/gcc/arm-none-eabi/12.2.1/thumb/v8-m.main+fp/hard\libc_nano.a(libc_a-readr.o)
 .ARM.attributes
                0x00000c8e       0x38 c:/siliconlabs/simplicitystudio/v5/developer/toolchains/gnu_arm/12.2.rel1_2023.7/bin/../lib/gcc/arm-none-eabi/12.2.1/thumb/v8-m.main+fp/hard\libc_nano.a(libc_a-writer.o)
 .ARM.attributes
                0x00000cc6       0x38 c:/siliconlabs/simplicitystudio/v5/developer/toolchains/gnu_arm/12.2.rel1_2023.7/bin/../lib/gcc/arm-none-eabi/12.2.1/thumb/v8-m.main+fp/hard\libc_nano.a(libc_a-init.o)
 .ARM.attributes
                0x00000cfe       0x38 c:/siliconlabs/simplicitystudio/v5/developer/toolchains/gnu_arm/12.2.rel1_2023.7/bin/../lib/gcc/arm-none-eabi/12.2.1/thumb/v8-m.main+fp/hard\libc_nano.a(libc_a-lock.o)
 .ARM.attributes
                0x00000d36       0x38 c:/siliconlabs/simplicitystudio/v5/developer/toolchains/gnu_arm/12.2.rel1_2023.7/bin/../lib/gcc/arm-none-eabi/12.2.1/thumb/v8-m.main+fp/hard\libc_nano.a(libc_a-memcpy-stub.o)
 .ARM.attributes
                0x00000d6e       0x38 c:/siliconlabs/simplicitystudio/v5/developer/toolchains/gnu_arm/12.2.rel1_2023.7/bin/../lib/gcc/arm-none-eabi/12.2.1/thumb/v8-m.main+fp/hard\libc_nano.a(libc_a-freer.o)
 .ARM.attributes
                0x00000da6       0x38 c:/siliconlabs/simplicitystudio/v5/developer/toolchains/gnu_arm/12.2.rel1_2023.7/bin/../lib/gcc/arm-none-eabi/12.2.1/thumb/v8-m.main+fp/hard\libc_nano.a(libc_a-malloc.o)
 .ARM.attributes
                0x00000dde       0x38 c:/siliconlabs/simplicitystudio/v5/developer/toolchains/gnu_arm/12.2.rel1_2023.7/bin/../lib/gcc/arm-none-eabi/12.2.1/thumb/v8-m.main+fp/hard\libc_nano.a(libc_a-mallocr.o)
 .ARM.attributes
                0x00000e16       0x38 c:/siliconlabs/simplicitystudio/v5/developer/toolchains/gnu_arm/12.2.rel1_2023.7/bin/../lib/gcc/arm-none-eabi/12.2.1/thumb/v8-m.main+fp/hard\libc_nano.a(libc_a-mlock.o)
 .ARM.attributes
                0x00000e4e       0x38 c:/siliconlabs/simplicitystudio/v5/developer/toolchains/gnu_arm/12.2.rel1_2023.7/bin/../lib/gcc/arm-none-eabi/12.2.1/thumb/v8-m.main+fp/hard\libc_nano.a(libc_a-fflush.o)
 .ARM.attributes
                0x00000e86       0x38 c:/siliconlabs/simplicitystudio/v5/developer/toolchains/gnu_arm/12.2.rel1_2023.7/bin/../lib/gcc/arm-none-eabi/12.2.1/thumb/v8-m.main+fp/hard\libc_nano.a(libc_a-makebuf.o)
 .ARM.attributes
                0x00000ebe       0x38 c:/siliconlabs/simplicitystudio/v5/developer/toolchains/gnu_arm/12.2.rel1_2023.7/bin/../lib/gcc/arm-none-eabi/12.2.1/thumb/v8-m.main+fp/hard\libc_nano.a(libc_a-fstatr.o)
 .ARM.attributes
                0x00000ef6       0x38 c:/siliconlabs/simplicitystudio/v5/developer/toolchains/gnu_arm/12.2.rel1_2023.7/bin/../lib/gcc/arm-none-eabi/12.2.1/thumb/v8-m.main+fp/hard\libc_nano.a(libc_a-sbrkr.o)
 .ARM.attributes
                0x00000f2e       0x38 c:/siliconlabs/simplicitystudio/v5/developer/toolchains/gnu_arm/12.2.rel1_2023.7/bin/../lib/gcc/arm-none-eabi/12.2.1/thumb/v8-m.main+fp/hard/crtend.o
 .ARM.attributes
                0x00000f66       0x26 c:/siliconlabs/simplicitystudio/v5/developer/toolchains/gnu_arm/12.2.rel1_2023.7/bin/../lib/gcc/arm-none-eabi/12.2.1/thumb/v8-m.main+fp/hard/crtn.o

.comment        0x00000000       0x45
 .comment       0x00000000       0x45 ./app.o
                                 0x46 (size before relaxing)
 .comment       0x00000045       0x46 ./main.o
 .comment       0x00000045       0x46 ./autogen/sl_board_default_init.o
 .comment       0x00000045       0x46 ./autogen/sl_device_init_clocks.o
 .comment       0x00000045       0x46 ./autogen/sl_event_handler.o
 .comment       0x00000045       0x46 ./autogen/sl_iostream_init_eusart_instances.o
 .comment       0x00000045       0x46 ./gecko_sdk_4.4.0/app/common/util/app_log/app_log.o
 .comment       0x00000045       0x46 ./gecko_sdk_4.4.0/hardware/board/src/sl_board_control_gpio.o
 .comment       0x00000045       0x46 ./gecko_sdk_4.4.0/hardware/board/src/sl_board_init.o
 .comment       0x00000045       0x46 ./gecko_sdk_4.4.0/hardware/driver/configuration_over_swo/src/sl_cos.o
 .comment       0x00000045       0x46 ./gecko_sdk_4.4.0/platform/Device/SiliconLabs/BGM22/Source/startup_bgm22.o
 .comment       0x00000045       0x46 ./gecko_sdk_4.4.0/platform/Device/SiliconLabs/BGM22/Source/system_bgm22.o
 .comment       0x00000045       0x46 ./gecko_sdk_4.4.0/platform/common/src/sl_assert.o
 .comment       0x00000045       0x46 ./gecko_sdk_4.4.0/platform/common/toolchain/src/sl_memory.o
 .comment       0x00000045       0x46 ./gecko_sdk_4.4.0/platform/driver/debug/src/sl_debug_swo.o
 .comment       0x00000045       0x46 ./gecko_sdk_4.4.0/platform/emdrv/dmadrv/src/dmadrv.o
 .comment       0x00000045       0x46 ./gecko_sdk_4.4.0/platform/emdrv/gpiointerrupt/src/gpiointerrupt.o
 .comment       0x00000045       0x46 ./gecko_sdk_4.4.0/platform/emlib/src/em_cmu.o
 .comment       0x00000045       0x46 ./gecko_sdk_4.4.0/platform/emlib/src/em_core.o
 .comment       0x00000045       0x46 ./gecko_sdk_4.4.0/platform/emlib/src/em_emu.o
 .comment       0x00000045       0x46 ./gecko_sdk_4.4.0/platform/emlib/src/em_eusart.o
 .comment       0x00000045       0x46 ./gecko_sdk_4.4.0/platform/emlib/src/em_gpio.o
 .comment       0x00000045       0x46 ./gecko_sdk_4.4.0/platform/emlib/src/em_ldma.o
 .comment       0x00000045       0x46 ./gecko_sdk_4.4.0/platform/emlib/src/em_system.o
 .comment       0x00000045       0x46 ./gecko_sdk_4.4.0/platform/service/device_init/src/sl_device_init_dcdc_s2.o
 .comment       0x00000045       0x46 ./gecko_sdk_4.4.0/platform/service/device_init/src/sl_device_init_emu_s2.o
 .comment       0x00000045       0x46 ./gecko_sdk_4.4.0/platform/service/device_init/src/sl_device_init_hfxo_s2.o
 .comment       0x00000045       0x46 ./gecko_sdk_4.4.0/platform/service/device_init/src/sl_device_init_lfxo_s2.o
 .comment       0x00000045       0x46 ./gecko_sdk_4.4.0/platform/service/device_init/src/sl_device_init_nvic.o
 .comment       0x00000045       0x46 ./gecko_sdk_4.4.0/platform/service/iostream/src/sl_iostream.o
 .comment       0x00000045       0x46 ./gecko_sdk_4.4.0/platform/service/iostream/src/sl_iostream_eusart.o
 .comment       0x00000045       0x46 ./gecko_sdk_4.4.0/platform/service/iostream/src/sl_iostream_retarget_stdio.o
 .comment       0x00000045       0x46 ./gecko_sdk_4.4.0/platform/service/iostream/src/sl_iostream_stdlib_config.o
 .comment       0x00000045       0x46 ./gecko_sdk_4.4.0/platform/service/iostream/src/sl_iostream_uart.o
 .comment       0x00000045       0x46 ./gecko_sdk_4.4.0/platform/service/system/src/sl_system_init.o
 .comment       0x00000045       0x46 ./gecko_sdk_4.4.0/platform/service/system/src/sl_system_process_action.o
 .comment       0x00000045       0x46 ./gecko_sdk_4.4.0/util/third_party/printf/printf.o

.debug_line_str
                0x00000000      0x1cd
 .debug_line_str
                0x00000000       0xe7 c:/siliconlabs/simplicitystudio/v5/developer/toolchains/gnu_arm/12.2.rel1_2023.7/bin/../lib/gcc/arm-none-eabi/12.2.1/thumb/v8-m.main+fp/hard/crt0.o
 .debug_line_str
                0x000000e7       0xd2 c:/siliconlabs/simplicitystudio/v5/developer/toolchains/gnu_arm/12.2.rel1_2023.7/bin/../lib/gcc/arm-none-eabi/12.2.1/thumb/v8-m.main+fp/hard\libgcc.a(_arm_addsubdf3.o)
 .debug_line_str
                0x000001b9       0xd2 c:/siliconlabs/simplicitystudio/v5/developer/toolchains/gnu_arm/12.2.rel1_2023.7/bin/../lib/gcc/arm-none-eabi/12.2.1/thumb/v8-m.main+fp/hard\libgcc.a(_arm_muldivdf3.o)
 .debug_line_str
                0x000001b9       0xd2 c:/siliconlabs/simplicitystudio/v5/developer/toolchains/gnu_arm/12.2.rel1_2023.7/bin/../lib/gcc/arm-none-eabi/12.2.1/thumb/v8-m.main+fp/hard\libgcc.a(_arm_cmpdf2.o)
 .debug_line_str
                0x000001b9       0xd2 c:/siliconlabs/simplicitystudio/v5/developer/toolchains/gnu_arm/12.2.rel1_2023.7/bin/../lib/gcc/arm-none-eabi/12.2.1/thumb/v8-m.main+fp/hard\libgcc.a(_arm_fixdfsi.o)
 .debug_line_str
                0x000001b9       0xd2 c:/siliconlabs/simplicitystudio/v5/developer/toolchains/gnu_arm/12.2.rel1_2023.7/bin/../lib/gcc/arm-none-eabi/12.2.1/thumb/v8-m.main+fp/hard\libgcc.a(_arm_fixunsdfsi.o)
 .debug_line_str
                0x000001b9        0x8 c:/siliconlabs/simplicitystudio/v5/developer/toolchains/gnu_arm/12.2.rel1_2023.7/bin/../lib/gcc/arm-none-eabi/12.2.1/thumb/v8-m.main+fp/hard\libgcc.a(_aeabi_uldivmod.o)
                                 0xcd (size before relaxing)
 .debug_line_str
                0x000001c1        0xc c:/siliconlabs/simplicitystudio/v5/developer/toolchains/gnu_arm/12.2.rel1_2023.7/bin/../lib/gcc/arm-none-eabi/12.2.1/thumb/v8-m.main+fp/hard\libgcc.a(_dvmd_tls.o)
                                 0xd1 (size before relaxing)

.debug_info     0x00000000    0x2fc54
 .debug_info    0x00000000     0x1807 ./app.o
 .debug_info    0x00001807       0xa1 ./main.o
 .debug_info    0x000018a8       0x86 ./autogen/sl_board_default_init.o
 .debug_info    0x0000192e     0x11e8 ./autogen/sl_device_init_clocks.o
 .debug_info    0x00002b16      0xf8d ./autogen/sl_event_handler.o
 .debug_info    0x00003aa3     0x17be ./autogen/sl_iostream_init_eusart_instances.o
 .debug_info    0x00005261      0x5fc ./gecko_sdk_4.4.0/app/common/util/app_log/app_log.o
 .debug_info    0x0000585d      0x3c2 ./gecko_sdk_4.4.0/hardware/board/src/sl_board_control_gpio.o
 .debug_info    0x00005c1f      0x2ae ./gecko_sdk_4.4.0/hardware/board/src/sl_board_init.o
 .debug_info    0x00005ecd      0x4ce ./gecko_sdk_4.4.0/hardware/driver/configuration_over_swo/src/sl_cos.o
 .debug_info    0x0000639b      0x3a9 ./gecko_sdk_4.4.0/platform/Device/SiliconLabs/BGM22/Source/startup_bgm22.o
 .debug_info    0x00006744     0x201d ./gecko_sdk_4.4.0/platform/Device/SiliconLabs/BGM22/Source/system_bgm22.o
 .debug_info    0x00008761       0x86 ./gecko_sdk_4.4.0/platform/common/src/sl_assert.o
 .debug_info    0x000087e7      0x205 ./gecko_sdk_4.4.0/platform/common/toolchain/src/sl_memory.o
 .debug_info    0x000089ec     0x2148 ./gecko_sdk_4.4.0/platform/driver/debug/src/sl_debug_swo.o
 .debug_info    0x0000ab34     0x1eb9 ./gecko_sdk_4.4.0/platform/emdrv/dmadrv/src/dmadrv.o
 .debug_info    0x0000c9ed     0x1bf4 ./gecko_sdk_4.4.0/platform/emdrv/gpiointerrupt/src/gpiointerrupt.o
 .debug_info    0x0000e5e1     0x78d0 ./gecko_sdk_4.4.0/platform/emlib/src/em_cmu.o
 .debug_info    0x00015eb1     0x13b2 ./gecko_sdk_4.4.0/platform/emlib/src/em_core.o
 .debug_info    0x00017263     0x3b0f ./gecko_sdk_4.4.0/platform/emlib/src/em_emu.o
 .debug_info    0x0001ad72     0x44a6 ./gecko_sdk_4.4.0/platform/emlib/src/em_eusart.o
 .debug_info    0x0001f218     0x21a2 ./gecko_sdk_4.4.0/platform/emlib/src/em_gpio.o
 .debug_info    0x000213ba     0x1f22 ./gecko_sdk_4.4.0/platform/emlib/src/em_ldma.o
 .debug_info    0x000232dc     0x1b6a ./gecko_sdk_4.4.0/platform/emlib/src/em_system.o
 .debug_info    0x00024e46      0x2c7 ./gecko_sdk_4.4.0/platform/service/device_init/src/sl_device_init_dcdc_s2.o
 .debug_info    0x0002510d      0x9b5 ./gecko_sdk_4.4.0/platform/service/device_init/src/sl_device_init_emu_s2.o
 .debug_info    0x00025ac2      0x898 ./gecko_sdk_4.4.0/platform/service/device_init/src/sl_device_init_hfxo_s2.o
 .debug_info    0x0002635a      0x29e ./gecko_sdk_4.4.0/platform/service/device_init/src/sl_device_init_lfxo_s2.o
 .debug_info    0x000265f8      0x7ff ./gecko_sdk_4.4.0/platform/service/device_init/src/sl_device_init_nvic.o
 .debug_info    0x00026df7      0x66e ./gecko_sdk_4.4.0/platform/service/iostream/src/sl_iostream.o
 .debug_info    0x00027465     0x3ee8 ./gecko_sdk_4.4.0/platform/service/iostream/src/sl_iostream_eusart.o
 .debug_info    0x0002b34d      0x68b ./gecko_sdk_4.4.0/platform/service/iostream/src/sl_iostream_retarget_stdio.o
 .debug_info    0x0002b9d8      0x854 ./gecko_sdk_4.4.0/platform/service/iostream/src/sl_iostream_stdlib_config.o
 .debug_info    0x0002c22c     0x1dcc ./gecko_sdk_4.4.0/platform/service/iostream/src/sl_iostream_uart.o
 .debug_info    0x0002dff8       0xa7 ./gecko_sdk_4.4.0/platform/service/system/src/sl_system_init.o
 .debug_info    0x0002e09f       0x93 ./gecko_sdk_4.4.0/platform/service/system/src/sl_system_process_action.o
 .debug_info    0x0002e132     0x1b22 ./gecko_sdk_4.4.0/util/third_party/printf/printf.o

.debug_abbrev   0x00000000     0x5792
 .debug_abbrev  0x00000000      0x33f ./app.o
 .debug_abbrev  0x0000033f       0x5d ./main.o
 .debug_abbrev  0x0000039c       0x46 ./autogen/sl_board_default_init.o
 .debug_abbrev  0x000003e2       0xde ./autogen/sl_device_init_clocks.o
 .debug_abbrev  0x000004c0      0x1e7 ./autogen/sl_event_handler.o
 .debug_abbrev  0x000006a7      0x281 ./autogen/sl_iostream_init_eusart_instances.o
 .debug_abbrev  0x00000928      0x2ee ./gecko_sdk_4.4.0/app/common/util/app_log/app_log.o