Archive member included to satisfy reference by file (symbol)

c:/siliconlabs/simplicitystudio/v5/developer/toolchains/gnu_arm/12.2.rel1_2023.7/bin/../lib/gcc/arm-none-eabi/12.2.1/thumb/v8-m.main+fp/hard\libc_nano.a(libc_a-exit.o)
                              c:/siliconlabs/simplicitystudio/v5/developer/toolchains/gnu_arm/12.2.rel1_2023.7/bin/../lib/gcc/arm-none-eabi/12.2.1/thumb/v8-m.main+fp/hard/crt0.o (exit)
c:/siliconlabs/simplicitystudio/v5/developer/toolchains/gnu_arm/12.2.rel1_2023.7/bin/../lib/gcc/arm-none-eabi/12.2.1/thumb/v8-m.main+fp/hard\libc_nano.a(libc_a-findfp.o)
                              c:/siliconlabs/simplicitystudio/v5/developer/toolchains/gnu_arm/12.2.rel1_2023.7/bin/../lib/gcc/arm-none-eabi/12.2.1/thumb/v8-m.main+fp/hard\libc_nano.a(libc_a-exit.o) (__stdio_exit_handler)
c:/siliconlabs/simplicitystudio/v5/developer/toolchains/gnu_arm/12.2.rel1_2023.7/bin/../lib/gcc/arm-none-eabi/12.2.1/thumb/v8-m.main+fp/hard\libc_nano.a(libc_a-fwalk.o)
                              c:/siliconlabs/simplicitystudio/v5/developer/toolchains/gnu_arm/12.2.rel1_2023.7/bin/../lib/gcc/arm-none-eabi/12.2.1/thumb/v8-m.main+fp/hard\libc_nano.a(libc_a-findfp.o) (_fwalk_sglue)
c:/siliconlabs/simplicitystudio/v5/developer/toolchains/gnu_arm/12.2.rel1_2023.7/bin/../lib/gcc/arm-none-eabi/12.2.1/thumb/v8-m.main+fp/hard\libc_nano.a(libc_a-stdio.o)
                              c:/siliconlabs/simplicitystudio/v5/developer/toolchains/gnu_arm/12.2.rel1_2023.7/bin/../lib/gcc/arm-none-eabi/12.2.1/thumb/v8-m.main+fp/hard\libc_nano.a(libc_a-findfp.o) (__sread)
c:/siliconlabs/simplicitystudio/v5/developer/toolchains/gnu_arm/12.2.rel1_2023.7/bin/../lib/gcc/arm-none-eabi/12.2.1/thumb/v8-m.main+fp/hard\libc_nano.a(libc_a-memset.o)
                              c:/siliconlabs/simplicitystudio/v5/developer/toolchains/gnu_arm/12.2.rel1_2023.7/bin/../lib/gcc/arm-none-eabi/12.2.1/thumb/v8-m.main+fp/hard/crt0.o (memset)
c:/siliconlabs/simplicitystudio/v5/developer/toolchains/gnu_arm/12.2.rel1_2023.7/bin/../lib/gcc/arm-none-eabi/12.2.1/thumb/v8-m.main+fp/hard\libc_nano.a(libc_a-closer.o)
                              c:/siliconlabs/simplicitystudio/v5/developer/toolchains/gnu_arm/12.2.rel1_2023.7/bin/../lib/gcc/arm-none-eabi/12.2.1/thumb/v8-m.main+fp/hard\libc_nano.a(libc_a-stdio.o) (_close_r)
c:/siliconlabs/simplicitystudio/v5/developer/toolchains/gnu_arm/12.2.rel1_2023.7/bin/../lib/gcc/arm-none-eabi/12.2.1/thumb/v8-m.main+fp/hard\libc_nano.a(libc_a-reent.o)
                              c:/siliconlabs/simplicitystudio/v5/developer/toolchains/gnu_arm/12.2.rel1_2023.7/bin/../lib/gcc/arm-none-eabi/12.2.1/thumb/v8-m.main+fp/hard\libc_nano.a(libc_a-closer.o) (errno)
c:/siliconlabs/simplicitystudio/v5/developer/toolchains/gnu_arm/12.2.rel1_2023.7/bin/../lib/gcc/arm-none-eabi/12.2.1/thumb/v8-m.main+fp/hard\libc_nano.a(libc_a-impure.o)
                              c:/siliconlabs/simplicitystudio/v5/developer/toolchains/gnu_arm/12.2.rel1_2023.7/bin/../lib/gcc/arm-none-eabi/12.2.1/thumb/v8-m.main+fp/hard\libc_nano.a(libc_a-reent.o) (_impure_ptr)
c:/siliconlabs/simplicitystudio/v5/developer/toolchains/gnu_arm/12.2.rel1_2023.7/bin/../lib/gcc/arm-none-eabi/12.2.1/thumb/v8-m.main+fp/hard\libc_nano.a(libc_a-lseekr.o)
                              c:/siliconlabs/simplicitystudio/v5/developer/toolchains/gnu_arm/12.2.rel1_2023.7/bin/../lib/gcc/arm-none-eabi/12.2.1/thumb/v8-m.main+fp/hard\libc_nano.a(libc_a-stdio.o) (_lseek_r)
c:/siliconlabs/simplicitystudio/v5/developer/toolchains/gnu_arm/12.2.rel1_2023.7/bin/../lib/gcc/arm-none-eabi/12.2.1/thumb/v8-m.main+fp/hard\libc_nano.a(libc_a-readr.o)
                              c:/siliconlabs/simplicitystudio/v5/developer/toolchains/gnu_arm/12.2.rel1_2023.7/bin/../lib/gcc/arm-none-eabi/12.2.1/thumb/v8-m.main+fp/hard\libc_nano.a(libc_a-stdio.o) (_read_r)
c:/siliconlabs/simplicitystudio/v5/developer/toolchains/gnu_arm/12.2.rel1_2023.7/bin/../lib/gcc/arm-none-eabi/12.2.1/thumb/v8-m.main+fp/hard\libc_nano.a(libc_a-writer.o)
                              c:/siliconlabs/simplicitystudio/v5/developer/toolchains/gnu_arm/12.2.rel1_2023.7/bin/../lib/gcc/arm-none-eabi/12.2.1/thumb/v8-m.main+fp/hard\libc_nano.a(libc_a-stdio.o) (_write_r)
c:/siliconlabs/simplicitystudio/v5/developer/toolchains/gnu_arm/12.2.rel1_2023.7/bin/../lib/gcc/arm-none-eabi/12.2.1/thumb/v8-m.main+fp/hard\libc_nano.a(libc_a-init.o)
                              c:/siliconlabs/simplicitystudio/v5/developer/toolchains/gnu_arm/12.2.rel1_2023.7/bin/../lib/gcc/arm-none-eabi/12.2.1/thumb/v8-m.main+fp/hard/crt0.o (__libc_init_array)
c:/siliconlabs/simplicitystudio/v5/developer/toolchains/gnu_arm/12.2.rel1_2023.7/bin/../lib/gcc/arm-none-eabi/12.2.1/thumb/v8-m.main+fp/hard\libc_nano.a(libc_a-lock.o)
                              c:/siliconlabs/simplicitystudio/v5/developer/toolchains/gnu_arm/12.2.rel1_2023.7/bin/../lib/gcc/arm-none-eabi/12.2.1/thumb/v8-m.main+fp/hard\libc_nano.a(libc_a-findfp.o) (__retarget_lock_init_recursive)
[...]
Memory Configuration

Name             Origin             Length             Attributes
FLASH            0x00000000         0x0007e000         xr
RAM              0x20000000         0x00008000         xrw
*default*        0x00000000         0xffffffff

Linker script and memory map

LOAD c:/siliconlabs/simplicitystudio/v5/developer/toolchains/gnu_arm/12.2.rel1_2023.7/bin/../lib/gcc/arm-none-eabi/12.2.1/thumb/v8-m.main+fp/hard/crti.o
LOAD c:/siliconlabs/simplicitystudio/v5/developer/toolchains/gnu_arm/12.2.rel1_2023.7/bin/../lib/gcc/arm-none-eabi/12.2.1/thumb/v8-m.main+fp/hard/crtbegin.o
LOAD c:/siliconlabs/simplicitystudio/v5/developer/toolchains/gnu_arm/12.2.rel1_2023.7/bin/../lib/gcc/arm-none-eabi/12.2.1/thumb/v8-m.main+fp/hard/crt0.o
START GROUP
LOAD ./app.o
LOAD ./main.o
LOAD ./autogen/sl_board_default_init.o
LOAD ./autogen/sl_device_init_clocks.o
LOAD ./autogen/sl_event_handler.o
LOAD ./gecko_sdk_4.4.0/hardware/board/src/sl_board_control_gpio.o
LOAD ./gecko_sdk_4.4.0/hardware/board/src/sl_board_init.o
LOAD ./gecko_sdk_4.4.0/platform/Device/SiliconLabs/BGM22/Source/startup_bgm22.o
LOAD ./gecko_sdk_4.4.0/platform/Device/SiliconLabs/BGM22/Source/system_bgm22.o
LOAD ./gecko_sdk_4.4.0/platform/common/src/sl_assert.o
LOAD ./gecko_sdk_4.4.0/platform/common/src/sl_syscalls.o
LOAD ./gecko_sdk_4.4.0/platform/common/toolchain/src/sl_memory.o
LOAD ./gecko_sdk_4.4.0/platform/emlib/src/em_cmu.o
LOAD ./gecko_sdk_4.4.0/platform/emlib/src/em_core.o
LOAD ./gecko_sdk_4.4.0/platform/emlib/src/em_emu.o
LOAD ./gecko_sdk_4.4.0/platform/emlib/src/em_gpio.o
LOAD ./gecko_sdk_4.4.0/platform/emlib/src/em_msc.o
LOAD ./gecko_sdk_4.4.0/platform/emlib/src/em_system.o
LOAD ./gecko_sdk_4.4.0/platform/service/device_init/src/sl_device_init_dcdc_s2.o
LOAD ./gecko_sdk_4.4.0/platform/service/device_init/src/sl_device_init_emu_s2.o
LOAD ./gecko_sdk_4.4.0/platform/service/device_init/src/sl_device_init_hfxo_s2.o
LOAD ./gecko_sdk_4.4.0/platform/service/device_init/src/sl_device_init_lfxo_s2.o
LOAD ./gecko_sdk_4.4.0/platform/service/device_init/src/sl_device_init_nvic.o
LOAD ./gecko_sdk_4.4.0/platform/service/system/src/sl_system_init.o
LOAD ./gecko_sdk_4.4.0/platform/service/system/src/sl_system_process_action.o
LOAD c:/siliconlabs/simplicitystudio/v5/developer/toolchains/gnu_arm/12.2.rel1_2023.7/bin/../lib/gcc/arm-none-eabi/12.2.1/thumb/v8-m.main+fp/hard\libgcc.a
LOAD c:/siliconlabs/simplicitystudio/v5/developer/toolchains/gnu_arm/12.2.rel1_2023.7/bin/../lib/gcc/arm-none-eabi/12.2.1/thumb/v8-m.main+fp/hard\libc_nano.a
LOAD c:/siliconlabs/simplicitystudio/v5/developer/toolchains/gnu_arm/12.2.rel1_2023.7/bin/../lib/gcc/arm-none-eabi/12.2.1/thumb/v8-m.main+fp/hard\libm.a
LOAD c:/siliconlabs/simplicitystudio/v5/developer/toolchains/gnu_arm/12.2.rel1_2023.7/bin/../lib/gcc/arm-none-eabi/12.2.1/thumb/v8-m.main+fp/hard\libnosys.a
END GROUP
START GROUP
LOAD c:/siliconlabs/simplicitystudio/v5/developer/toolchains/gnu_arm/12.2.rel1_2023.7/bin/../lib/gcc/arm-none-eabi/12.2.1/thumb/v8-m.main+fp/hard\libgcc.a
LOAD c:/siliconlabs/simplicitystudio/v5/developer/toolchains/gnu_arm/12.2.rel1_2023.7/bin/../lib/gcc/arm-none-eabi/12.2.1/thumb/v8-m.main+fp/hard\libc_nano.a
LOAD c:/siliconlabs/simplicitystudio/v5/developer/toolchains/gnu_arm/12.2.rel1_2023.7/bin/../lib/gcc/arm-none-eabi/12.2.1/thumb/v8-m.main+fp/hard\libnosys.a
END GROUP
START GROUP
LOAD c:/siliconlabs/simplicitystudio/v5/developer/toolchains/gnu_arm/12.2.rel1_2023.7/bin/../lib/gcc/arm-none-eabi/12.2.1/thumb/v8-m.main+fp/hard\libgcc.a
LOAD c:/siliconlabs/simplicitystudio/v5/developer/toolchains/gnu_arm/12.2.rel1_2023.7/bin/../lib/gcc/arm-none-eabi/12.2.1/thumb/v8-m.main+fp/hard\libg_nano.a
LOAD c:/siliconlabs/simplicitystudio/v5/developer/toolchains/gnu_arm/12.2.rel1_2023.7/bin/../lib/gcc/arm-none-eabi/12.2.1/thumb/v8-m.main+fp/hard\libc_nano.a
END GROUP
START GROUP
LOAD c:/siliconlabs/simplicitystudio/v5/developer/toolchains/gnu_arm/12.2.rel1_2023.7/bin/../lib/gcc/arm-none-eabi/12.2.1/thumb/v8-m.main+fp/hard\libgcc.a
LOAD c:/siliconlabs/simplicitystudio/v5/developer/toolchains/gnu_arm/12.2.rel1_2023.7/bin/../lib/gcc/arm-none-eabi/12.2.1/thumb/v8-m.main+fp/hard\libc_nano.a
END GROUP
LOAD c:/siliconlabs/simplicitystudio/v5/developer/toolchains/gnu_arm/12.2.rel1_2023.7/bin/../lib/gcc/arm-none-eabi/12.2.1/thumb/v8-m.main+fp/hard/crtend.o
LOAD c:/siliconlabs/simplicitystudio/v5/developer/toolchains/gnu_arm/12.2.rel1_2023.7/bin/../lib/gcc/arm-none-eabi/12.2.1/thumb/v8-m.main+fp/hard/crtn.o

.text           0x00000000     0x1788
                0x00000000                linker_vectors_begin = .
 *(.vectors)
 .vectors       0x00000000      0x140 ./gecko_sdk_4.4.0/platform/Device/SiliconLabs/BGM22/Source/startup_bgm22.o
                0x00000000                __Vectors
                0x00000140                linker_vectors_end = .
                0x00000140                __Vectors_End = .
                0x00000140                __Vectors_Size = (__Vectors_End - __Vectors)
                0x00000140                linker_code_begin = .
 *(SORT_BY_ALIGNMENT(.text*))
 .text.deregister_tm_clones
                0x00000140       0x1c c:/siliconlabs/simplicitystudio/v5/developer/toolchains/gnu_arm/12.2.rel1_2023.7/bin/../lib/gcc/arm-none-eabi/12.2.1/thumb/v8-m.main+fp/hard/crtbegin.o
 .text.register_tm_clones
                0x0000015c       0x28 c:/siliconlabs/simplicitystudio/v5/developer/toolchains/gnu_arm/12.2.rel1_2023.7/bin/../lib/gcc/arm-none-eabi/12.2.1/thumb/v8-m.main+fp/hard/crtbegin.o
 .text.__do_global_dtors_aux
                0x00000184       0x28 c:/siliconlabs/simplicitystudio/v5/developer/toolchains/gnu_arm/12.2.rel1_2023.7/bin/../lib/gcc/arm-none-eabi/12.2.1/thumb/v8-m.main+fp/hard/crtbegin.o
 .text.frame_dummy
                0x000001ac       0x24 c:/siliconlabs/simplicitystudio/v5/developer/toolchains/gnu_arm/12.2.rel1_2023.7/bin/../lib/gcc/arm-none-eabi/12.2.1/thumb/v8-m.main+fp/hard/crtbegin.o
 .text          0x000001d0       0x7c c:/siliconlabs/simplicitystudio/v5/developer/toolchains/gnu_arm/12.2.rel1_2023.7/bin/../lib/gcc/arm-none-eabi/12.2.1/thumb/v8-m.main+fp/hard/crt0.o
                0x000001d0                _stack_init
                0x000001d8                _start
                0x000001d8                _mainCRTStartup
 .text.sl_device_init_clocks
                0x0000024c       0x9c ./autogen/sl_device_init_clocks.o
                0x0000024c                sl_device_init_clocks
 .text.sl_platform_init
                0x000002e8       0x58 ./autogen/sl_event_handler.o
                0x000002e8                sl_platform_init
 .text.CopyRamFuncs
                0x00000340       0x1c ./gecko_sdk_4.4.0/platform/Device/SiliconLabs/BGM22/Source/startup_bgm22.o
                0x00000340                CopyRamFuncs
 .text.Reset_Handler
                0x0000035c       0x64 ./gecko_sdk_4.4.0/platform/Device/SiliconLabs/BGM22/Source/startup_bgm22.o
                0x0000035c                Reset_Handler
 .text.SystemInit
                0x000003c0       0x64 ./gecko_sdk_4.4.0/platform/Device/SiliconLabs/BGM22/Source/system_bgm22.o
                0x000003c0                SystemInit
 .text.SystemHFRCODPLLClockGet
                0x00000424        0xc ./gecko_sdk_4.4.0/platform/Device/SiliconLabs/BGM22/Source/system_bgm22.o
                0x00000424                SystemHFRCODPLLClockGet
 .text.SystemSYSCLKGet
                0x00000430       0x34 ./gecko_sdk_4.4.0/platform/Device/SiliconLabs/BGM22/Source/system_bgm22.o
                0x00000430                SystemSYSCLKGet
 .text.SystemHCLKGet
                0x00000464       0x24 ./gecko_sdk_4.4.0/platform/Device/SiliconLabs/BGM22/Source/system_bgm22.o
                0x00000464                SystemHCLKGet
 .text.SystemMaxCoreClockGet
                0x00000488        0x8 ./gecko_sdk_4.4.0/platform/Device/SiliconLabs/BGM22/Source/system_bgm22.o
                0x00000488                SystemMaxCoreClockGet
 .text.SystemHFXOClockGet
                0x00000490        0xc ./gecko_sdk_4.4.0/platform/Device/SiliconLabs/BGM22/Source/system_bgm22.o
                0x00000490                SystemHFXOClockGet
 .text.SystemHFXOClockSet
                0x0000049c       0x20 ./gecko_sdk_4.4.0/platform/Device/SiliconLabs/BGM22/Source/system_bgm22.o
                0x0000049c                SystemHFXOClockSet
 .text.SystemFSRCOClockGet
                0x000004bc        0x8 ./gecko_sdk_4.4.0/platform/Device/SiliconLabs/BGM22/Source/system_bgm22.o
                0x000004bc                SystemFSRCOClockGet
 .text.SystemLFXOClockGet
                0x000004c4        0xc ./gecko_sdk_4.4.0/platform/Device/SiliconLabs/BGM22/Source/system_bgm22.o
                0x000004c4                SystemLFXOClockGet
 .text.EMU_VScaleGet
                0x000004d0       0x18 ./gecko_sdk_4.4.0/platform/emlib/src/em_cmu.o
 .text.em01GrpaClkGet
                0x000004e8       0x48 ./gecko_sdk_4.4.0/platform/emlib/src/em_cmu.o
 .text.iadcClkGet
                0x00000530       0x54 ./gecko_sdk_4.4.0/platform/emlib/src/em_cmu.o
 .text.em01GrpbClkGet
                0x00000584       0x74 ./gecko_sdk_4.4.0/platform/emlib/src/em_cmu.o
 .text.em23GrpaClkGet
                0x000005f8       0x48 ./gecko_sdk_4.4.0/platform/emlib/src/em_cmu.o
 .text.wdog0ClkGet
                0x00000640       0x64 ./gecko_sdk_4.4.0/platform/emlib/src/em_cmu.o
 .text.rtccClkGet
                0x000006a4       0x54 ./gecko_sdk_4.4.0/platform/emlib/src/em_cmu.o
 .text.em4GrpaClkGet
                0x000006f8       0x48 ./gecko_sdk_4.4.0/platform/emlib/src/em_cmu.o
 .text.euart0ClkGet
                0x00000740       0x48 ./gecko_sdk_4.4.0/platform/emlib/src/em_cmu.o
 .text.CMU_ClockDivGet
                0x00000788       0x84 ./gecko_sdk_4.4.0/platform/emlib/src/em_cmu.o
                0x00000788                CMU_ClockDivGet
 .text.flashWaitStateControl
                0x0000080c       0x4c ./gecko_sdk_4.4.0/platform/emlib/src/em_cmu.o
 .text.CMU_ClockEnable
                0x00000858       0x54 ./gecko_sdk_4.4.0/platform/emlib/src/em_cmu.o
                0x00000858                CMU_ClockEnable
 .text.CMU_ClockFreqGet
                0x000008ac      0x198 ./gecko_sdk_4.4.0/platform/emlib/src/em_cmu.o
                0x000008ac                CMU_ClockFreqGet
 .text.rhclkPrescOptimize
                0x00000a44       0x20 ./gecko_sdk_4.4.0/platform/emlib/src/em_cmu.o
 .text.CMU_ClockSelectGet
                0x00000a64      0x168 ./gecko_sdk_4.4.0/platform/emlib/src/em_cmu.o
                0x00000a64                CMU_ClockSelectGet
 .text.sli_em_cmu_HFXOSetForceEnable
                0x00000bcc       0x18 ./gecko_sdk_4.4.0/platform/emlib/src/em_cmu.o
                0x00000bcc                sli_em_cmu_HFXOSetForceEnable
 .text.CMU_HFXOInit
                0x00000be4      0x1dc ./gecko_sdk_4.4.0/platform/emlib/src/em_cmu.o
                0x00000be4                CMU_HFXOInit
 .text.CMU_HFXOCTuneDeltaGet
                0x00000dc0        0xc ./gecko_sdk_4.4.0/platform/emlib/src/em_cmu.o
                0x00000dc0                CMU_HFXOCTuneDeltaGet
 .text.CMU_LFXOInit
                0x00000dcc       0xc4 ./gecko_sdk_4.4.0/platform/emlib/src/em_cmu.o
                0x00000dcc                CMU_LFXOInit
 .text.CMU_LFXOPrecisionSet
                0x00000e90        0xc ./gecko_sdk_4.4.0/platform/emlib/src/em_cmu.o
                0x00000e90                CMU_LFXOPrecisionSet
 .text.CMU_HFXOPrecisionSet
                0x00000e9c        0xc ./gecko_sdk_4.4.0/platform/emlib/src/em_cmu.o
                0x00000e9c                CMU_HFXOPrecisionSet
 .text.CMU_ClockDivSet
                0x00000ea8      0x104 ./gecko_sdk_4.4.0/platform/emlib/src/em_cmu.o
                0x00000ea8                CMU_ClockDivSet
 .text.sli_em_cmu_SYSCLKInitPreClockSelect
                0x00000fac       0x20 ./gecko_sdk_4.4.0/platform/emlib/src/em_cmu.o
                0x00000fac                sli_em_cmu_SYSCLKInitPreClockSelect
 .text.pclkDivOptimize
                0x00000fcc       0x24 ./gecko_sdk_4.4.0/platform/emlib/src/em_cmu.o
 .text.EMU_EM4Init
                0x00000ff0       0x14 ./gecko_sdk_4.4.0/platform/emlib/src/em_emu.o
                0x00000ff0                EMU_EM4Init
 .text.EMU_VScaleEM01
                0x00001004       0xa8 ./gecko_sdk_4.4.0/platform/emlib/src/em_emu.o
                0x00001004                EMU_VScaleEM01
 .text.EMU_VScaleEM01ByClock
                0x000010ac       0x30 ./gecko_sdk_4.4.0/platform/emlib/src/em_emu.o
                0x000010ac                EMU_VScaleEM01ByClock
 .text.EMU_DCDCModeSet
                0x000010dc       0xb8 ./gecko_sdk_4.4.0/platform/emlib/src/em_emu.o
                0x000010dc                EMU_DCDCModeSet
 .text.EMU_DCDCInit
                0x00001194       0x74 ./gecko_sdk_4.4.0/platform/emlib/src/em_emu.o
                0x00001194                EMU_DCDCInit
 .text.GPIO_PinOutSet
                0x00001208       0x40 ./gecko_sdk_4.4.0/platform/emlib/src/em_gpio.o
 .text.GPIO_PinOutClear
                0x00001248       0x40 ./gecko_sdk_4.4.0/platform/emlib/src/em_gpio.o
 .text.GPIO_PinModeSet
                0x00001288       0x90 ./gecko_sdk_4.4.0/platform/emlib/src/em_gpio.o
                0x00001288                GPIO_PinModeSet
 .text.SYSTEM_GetProdRev
                0x00001318       0x10 ./gecko_sdk_4.4.0/platform/emlib/src/em_system.o
                0x00001318                SYSTEM_GetProdRev
 .text.sl_device_init_dcdc
                0x00001328       0x20 ./gecko_sdk_4.4.0/platform/service/device_init/src/sl_device_init_dcdc_s2.o
                0x00001328                sl_device_init_dcdc
 .text.sl_device_init_emu
                0x00001348       0x24 ./gecko_sdk_4.4.0/platform/service/device_init/src/sl_device_init_emu_s2.o
                0x00001348                sl_device_init_emu
 .text.sl_device_init_hfxo
                0x0000136c       0x70 ./gecko_sdk_4.4.0/platform/service/device_init/src/sl_device_init_hfxo_s2.o
                0x0000136c                sl_device_init_hfxo
 .text.sl_device_init_lfxo
                0x000013dc       0x2c ./gecko_sdk_4.4.0/platform/service/device_init/src/sl_device_init_lfxo_s2.o
                0x000013dc                sl_device_init_lfxo
 .text.sl_device_init_nvic
                0x00001408       0x3c ./gecko_sdk_4.4.0/platform/service/device_init/src/sl_device_init_nvic.o
                0x00001408                sl_device_init_nvic
 .text.exit     0x00001444       0x24 c:/siliconlabs/simplicitystudio/v5/developer/toolchains/gnu_arm/12.2.rel1_2023.7/bin/../lib/gcc/arm-none-eabi/12.2.1/thumb/v8-m.main+fp/hard\libc_nano.a(libc_a-exit.o)
                0x00001444                exit
 .text.__libc_init_array
                0x00001468       0x48 c:/siliconlabs/simplicitystudio/v5/developer/toolchains/gnu_arm/12.2.rel1_2023.7/bin/../lib/gcc/arm-none-eabi/12.2.1/thumb/v8-m.main+fp/hard\libc_nano.a(libc_a-init.o)
                0x00001468                __libc_init_array
 .text.app_init
                0x000014b0        0x2 ./app.o
                0x000014b0                app_init
 .text.app_process_action
                0x000014b2        0x2 ./app.o
                0x000014b2                app_process_action
 .text.startBuzzer
                0x000014b4       0x12 ./main.o
                0x000014b4                startBuzzer
 .text.startup.main
                0x000014c6       0x18 ./main.o
                0x000014c6                main
 .text.sl_board_default_init
                0x000014de        0x2 ./autogen/sl_board_default_init.o
                0x000014de                sl_board_default_init
 .text.sl_driver_init
                0x000014e0        0x2 ./autogen/sl_event_handler.o
                0x000014e0                sl_driver_init
 .text.sl_service_init
                0x000014e2        0x4 ./autogen/sl_event_handler.o
                0x000014e2                sl_service_init
 .text.sl_stack_init
                0x000014e6        0x2 ./autogen/sl_event_handler.o
                0x000014e6                sl_stack_init
 .text.sl_internal_app_init
                0x000014e8        0x2 ./autogen/sl_event_handler.o
                0x000014e8                sl_internal_app_init
 .text.sl_platform_process_action
                0x000014ea        0x2 ./autogen/sl_event_handler.o
                0x000014ea                sl_platform_process_action
 .text.sl_service_process_action
                0x000014ec        0x2 ./autogen/sl_event_handler.o
                0x000014ec                sl_service_process_action
 .text.sl_stack_process_action
                0x000014ee        0x2 ./autogen/sl_event_handler.o
                0x000014ee                sl_stack_process_action
 .text.sl_internal_app_process_action
                0x000014f0        0x2 ./autogen/sl_event_handler.o
                0x000014f0                sl_internal_app_process_action
 .text.sl_board_configure_vcom
                0x000014f2        0x4 ./gecko_sdk_4.4.0/hardware/board/src/sl_board_control_gpio.o
                0x000014f2                sl_board_configure_vcom
 .text.sl_board_init
                0x000014f6       0x12 ./gecko_sdk_4.4.0/hardware/board/src/sl_board_init.o
                0x000014f6                sl_board_init
 .text.sl_board_preinit
                0x00001508        0x8 ./gecko_sdk_4.4.0/hardware/board/src/sl_board_init.o
                0x00001508                sl_board_preinit
 .text.Default_Handler
                0x00001510        0x2 ./gecko_sdk_4.4.0/platform/Device/SiliconLabs/BGM22/Source/startup_bgm22.o
                0x00001510                ULFRCO_IRQHandler
                0x00001510                SW2_IRQHandler
                0x00001510                TIMER2_IRQHandler
                0x00001510                DebugMon_Handler
                0x00001510                PKE_IRQHandler
                0x00001510                USART0_TX_IRQHandler
                0x00001510                PRORTC_IRQHandler
                0x00001510                IADC_IRQHandler
                0x00001510                I2C0_IRQHandler
                0x00001510                LFXO_IRQHandler
                0x00001510                CRYPTOACC_IRQHandler
                0x00001510                HardFault_Handler
                0x00001510                SMU_SECURE_IRQHandler
                0x00001510                SysTick_Handler
                0x00001510                USART1_RX_IRQHandler
                0x00001510                EMUEFP_IRQHandler
                0x00001510                PendSV_Handler
                0x00001510                NMI_Handler
                0x00001510                SYNTH_IRQHandler
                0x00001510                HFXO0_IRQHandler
                0x00001510                I2C1_IRQHandler
                0x00001510                PDM_IRQHandler
                0x00001510                WDOG0_IRQHandler
                0x00001510                TIMER3_IRQHandler
                0x00001510                SYSCFG_IRQHandler
                0x00001510                EMUSE_IRQHandler
                0x00001510                EMUDG_IRQHandler
                0x00001510                USART1_TX_IRQHandler
                0x00001510                MSC_IRQHandler
                0x00001510                DPLL0_IRQHandler
                0x00001510                UsageFault_Handler
                0x00001510                M33CTI1_IRQHandler
                0x00001510                TIMER4_IRQHandler
                0x00001510                GPIO_EVEN_IRQHandler
                0x00001510                LDMA_IRQHandler
                0x00001510                SW0_IRQHandler
                0x00001510                TIMER0_IRQHandler
                0x00001510                LETIMER0_IRQHandler
                0x00001510                TIMER1_IRQHandler
                0x00001510                HFRCO0_IRQHandler
                0x00001510                RFSENSE_IRQHandler
                0x00001510                SecureFault_Handler
                0x00001510                BUFC_IRQHandler
                0x00001510                DCDC_IRQHandler
                0x00001510                MODEM_IRQHandler
                0x00001510                Default_Handler
                0x00001510                RAC_SEQ_IRQHandler
                0x00001510                FRC_PRI_IRQHandler
                0x00001510                EMU_IRQHandler
                0x00001510                SW3_IRQHandler
                0x00001510                KERNEL0_IRQHandler
                0x00001510                FRC_IRQHandler
                0x00001510                KERNEL1_IRQHandler
                0x00001510                AGC_IRQHandler
                0x00001510                sl_app_properties
                0x00001510                BURTC_IRQHandler
                0x00001510                LFRCO_IRQHandler
                0x00001510                USART0_RX_IRQHandler
                0x00001510                MemManage_Handler
                0x00001510                RDMAILBOX_IRQHandler
                0x00001510                SVC_Handler
                0x00001510                RTCC_IRQHandler
                0x00001510                SMU_S_PRIVILEGED_IRQHandler
                0x00001510                SW1_IRQHandler
                0x00001510                CMU_IRQHandler
                0x00001510                RAC_RSM_IRQHandler
                0x00001510                EUART0_TX_IRQHandler
                0x00001510                EUART0_RX_IRQHandler
                0x00001510                GPIO_ODD_IRQHandler
                0x00001510                AES_IRQHandler
                0x00001510                M33CTI0_IRQHandler
                0x00001510                ICACHE0_IRQHandler
                0x00001510                SMU_NS_PRIVILEGED_IRQHandler
                0x00001510                PROTIMER_IRQHandler
                0x00001510                BusFault_Handler
                0x00001510                TRNG_IRQHandler
 .text.FlashToRamCopy
                0x00001512       0x16 ./gecko_sdk_4.4.0/platform/Device/SiliconLabs/BGM22/Source/system_bgm22.o
                0x00001512                FlashToRamCopy
 .text.SystemCLKIN0Get
                0x00001528        0x4 ./gecko_sdk_4.4.0/platform/Device/SiliconLabs/BGM22/Source/system_bgm22.o
                0x00001528                SystemCLKIN0Get
 .text.SystemLFRCOClockGet
                0x0000152c        0x6 ./gecko_sdk_4.4.0/platform/Device/SiliconLabs/BGM22/Source/system_bgm22.o
                0x0000152c                SystemLFRCOClockGet
 .text.SystemULFRCOClockGet
                0x00001532        0x6 ./gecko_sdk_4.4.0/platform/Device/SiliconLabs/BGM22/Source/system_bgm22.o
                0x00001532                SystemULFRCOClockGet
 .text.assertEFM
                0x00001538        0x2 ./gecko_sdk_4.4.0/platform/common/src/sl_assert.o
                0x00001538                assertEFM
 .text._exit    0x0000153a        0x2 ./gecko_sdk_4.4.0/platform/common/src/sl_syscalls.o
                0x0000153a                _exit
 .text.waitStateMax
                0x0000153c       0x10 ./gecko_sdk_4.4.0/platform/emlib/src/em_cmu.o
 .text.CMU_UpdateWaitStates
                0x0000154c        0xc ./gecko_sdk_4.4.0/platform/emlib/src/em_cmu.o
                0x0000154c                CMU_UpdateWaitStates
 .text.pclkDivMax
                0x00001558        0xa ./gecko_sdk_4.4.0/platform/emlib/src/em_cmu.o
 .text.sli_em_cmu_SYSCLKInitPostClockSelect
                0x00001562       0x2a ./gecko_sdk_4.4.0/platform/emlib/src/em_cmu.o
                0x00001562                sli_em_cmu_SYSCLKInitPostClockSelect
 .text.CORE_EnterCritical
                0x0000158c        0x8 ./gecko_sdk_4.4.0/platform/emlib/src/em_core.o
                0x0000158c                CORE_EnterCritical
 .text.CORE_ExitCritical
                0x00001594        0x6 ./gecko_sdk_4.4.0/platform/emlib/src/em_core.o
                0x00001594                CORE_ExitCritical
 .text.EMU_EFPEM01VScale
                0x0000159a        0x2 ./gecko_sdk_4.4.0/platform/emlib/src/em_emu.o
                0x0000159a                EMU_EFPEM01VScale
 .text.EMU_DCDCUpdatedHook
                0x0000159c        0x2 ./gecko_sdk_4.4.0/platform/emlib/src/em_emu.o
                0x0000159c                EMU_DCDCUpdatedHook
 .text.BUS_RegMaskedWrite
                0x0000159e       0x1e ./gecko_sdk_4.4.0/platform/emlib/src/em_gpio.o
 .text.sl_system_init
                0x000015bc       0x1a ./gecko_sdk_4.4.0/platform/service/system/src/sl_system_init.o
                0x000015bc                sl_system_init
 .text.sl_system_process_action
                0x000015d6       0x16 ./gecko_sdk_4.4.0/platform/service/system/src/sl_system_process_action.o
                0x000015d6                sl_system_process_action
 .text.memset   0x000015ec       0x10 c:/siliconlabs/simplicitystudio/v5/developer/toolchains/gnu_arm/12.2.rel1_2023.7/bin/../lib/gcc/arm-none-eabi/12.2.1/thumb/v8-m.main+fp/hard\libc_nano.a(libc_a-memset.o)
                0x000015ec                memset
                0x00001600                . = ALIGN (0x20)
 *fill*         0x000015fc        0x4 
                0x00001600                linker_code_end = .
 *(.init)
 .init          0x00001600        0x4 c:/siliconlabs/simplicitystudio/v5/developer/toolchains/gnu_arm/12.2.rel1_2023.7/bin/../lib/gcc/arm-none-eabi/12.2.1/thumb/v8-m.main+fp/hard/crti.o
                0x00001600                _init
 .init          0x00001604        0x8 c:/siliconlabs/simplicitystudio/v5/developer/toolchains/gnu_arm/12.2.rel1_2023.7/bin/../lib/gcc/arm-none-eabi/12.2.1/thumb/v8-m.main+fp/hard/crtn.o
 *(.fini)
 .fini          0x0000160c        0x4 c:/siliconlabs/simplicitystudio/v5/developer/toolchains/gnu_arm/12.2.rel1_2023.7/bin/../lib/gcc/arm-none-eabi/12.2.1/thumb/v8-m.main+fp/hard/crti.o
                0x0000160c                _fini
 .fini          0x00001610        0x8 c:/siliconlabs/simplicitystudio/v5/developer/toolchains/gnu_arm/12.2.rel1_2023.7/bin/../lib/gcc/arm-none-eabi/12.2.1/thumb/v8-m.main+fp/hard/crtn.o
 *crtbegin.o(.ctors)
 *crtbegin?.o(.ctors)
 *(EXCLUDE_FILE(*crtend.o *crtend?.o) .ctors)
 *(SORT_BY_NAME(.ctors.*))
 *(.ctors)
 *crtbegin.o(.dtors)
 *crtbegin?.o(.dtors)
 *(EXCLUDE_FILE(*crtend.o *crtend?.o) .dtors)
 *(SORT_BY_NAME(.dtors.*))
 *(.dtors)
                0x00001618                __code_classification_validator_start__ = .
                0x00001638                . = (. + 0x20)
 *fill*         0x00001618       0x20 
 *(code_classification_validator)
                0x00001640                . = ALIGN (0x20)
 *fill*         0x00001638        0x8 
                0x00001640                __code_classification_validator_end__ = .
 *(.rodata*)
 .rodata.HFRCODPLLDevinfoGet.str1.1
                0x00001640       0x3e ./gecko_sdk_4.4.0/platform/emlib/src/em_cmu.o
 .rodata.EMU_VScaleEM01.str1.1
                0x0000167e       0x3e ./gecko_sdk_4.4.0/platform/emlib/src/em_emu.o
 .rodata.GPIO_PinOutSet.str1.1
                0x000016bc       0x3f ./gecko_sdk_4.4.0/platform/emlib/src/em_gpio.o
 .rodata.GPIO_ExtIntConfig.str1.1
                0x000016fb       0x3f ./gecko_sdk_4.4.0/platform/emlib/src/em_gpio.o
 .rodata.CSWTCH.31
                0x0000173a        0x8 ./gecko_sdk_4.4.0/platform/emlib/src/em_gpio.o
 .rodata        0x00001742        0x8 ./gecko_sdk_4.4.0/platform/service/device_init/src/sl_device_init_dcdc_s2.o
 *fill*         0x0000174a        0x2 
 .rodata        0x0000174c       0x28 ./gecko_sdk_4.4.0/platform/service/device_init/src/sl_device_init_hfxo_s2.o
 .rodata        0x00001774       0x14 ./gecko_sdk_4.4.0/platform/service/device_init/src/sl_device_init_lfxo_s2.o
 *(.eh_frame*)
 .eh_frame      0x00001788        0x0 c:/siliconlabs/simplicitystudio/v5/developer/toolchains/gnu_arm/12.2.rel1_2023.7/bin/../lib/gcc/arm-none-eabi/12.2.1/thumb/v8-m.main+fp/hard/crtbegin.o

.glue_7         0x00001788        0x0
 .glue_7        0x00001788        0x0 linker stubs

.glue_7t        0x00001788        0x0
 .glue_7t       0x00001788        0x0 linker stubs

.vfp11_veneer   0x00001788        0x0
 .vfp11_veneer  0x00001788        0x0 linker stubs

.v4_bx          0x00001788        0x0
 .v4_bx         0x00001788        0x0 linker stubs

.iplt           0x00001788        0x0
 .iplt          0x00001788        0x0 c:/siliconlabs/simplicitystudio/v5/developer/toolchains/gnu_arm/12.2.rel1_2023.7/bin/../lib/gcc/arm-none-eabi/12.2.1/thumb/v8-m.main+fp/hard/crtbegin.o

.ARM.extab
 *(.ARM.extab* .gnu.linkonce.armextab.*)
                0x00001788                __exidx_start = .

.ARM.exidx      0x00001788        0x8
 *(.ARM.exidx* .gnu.linkonce.armexidx.*)
 .ARM.exidx     0x00001788        0x8 c:/siliconlabs/simplicitystudio/v5/developer/toolchains/gnu_arm/12.2.rel1_2023.7/bin/../lib/gcc/arm-none-eabi/12.2.1/thumb/v8-m.main+fp/hard/crt0.o
                                 0x10 (size before relaxing)
                0x00001790                __exidx_end = .

.rel.dyn        0x00001790        0x0
 .rel.iplt      0x00001790        0x0 c:/siliconlabs/simplicitystudio/v5/developer/toolchains/gnu_arm/12.2.rel1_2023.7/bin/../lib/gcc/arm-none-eabi/12.2.1/thumb/v8-m.main+fp/hard/crtbegin.o

.copy.table     0x00001790        0xc
                0x00001790                . = ALIGN (0x4)
                0x00001790                __copy_table_start__ = .
                0x00001790        0x4 LONG 0x179c __etext
                0x00001794        0x4 LONG 0x20001000 __data_start__
                0x00001798        0x4 LONG 0x7 ((__data_end__ - __data_start__) / 0x4)
                0x0000179c                __copy_table_end__ = .

.zero.table     0x0000179c        0x0
                0x0000179c                . = ALIGN (0x4)
                0x0000179c                __zero_table_start__ = .
                0x0000179c                __zero_table_end__ = .
                0x0000179c                __etext = .
                0x20000000                . = ORIGIN (RAM)

.stack          0x20000000     0x1000
                0x20000000                __StackLimit = .
 *(.stack*)
 .stack         0x20000000     0x1000 ./gecko_sdk_4.4.0/platform/common/toolchain/src/sl_memory.o
                0x20001000                . = ALIGN (0x4)
                0x20001000                __StackTop = .
                0x20001000                PROVIDE (__stack = __StackTop)

.noinit
 *(.noinit*)

.data           0x20001000       0x1c load address 0x0000179c
                0x20001000                . = ALIGN (0x4)
                0x20001000                __data_start__ = .
 *(vtable)
 *(SORT_BY_ALIGNMENT(.data*))
 .data.SystemCoreClock
                0x20001000        0x4 ./gecko_sdk_4.4.0/platform/Device/SiliconLabs/BGM22/Source/system_bgm22.o
                0x20001000                SystemCoreClock
 .data.SystemHFRCODPLLClock
                0x20001004        0x4 ./gecko_sdk_4.4.0/platform/Device/SiliconLabs/BGM22/Source/system_bgm22.o
 .data.SystemLFXOClock
                0x20001008        0x4 ./gecko_sdk_4.4.0/platform/Device/SiliconLabs/BGM22/Source/system_bgm22.o
 .data.SystemHFXOClock
                0x2000100c        0x4 ./gecko_sdk_4.4.0/platform/Device/SiliconLabs/BGM22/Source/system_bgm22.o
 .data.hfxo_precision
                0x20001010        0x2 ./gecko_sdk_4.4.0/platform/emlib/src/em_cmu.o
 .data.lfxo_precision
                0x20001012        0x2 ./gecko_sdk_4.4.0/platform/emlib/src/em_cmu.o
                0x20001014                . = ALIGN (0x4)
                [!provide]                PROVIDE (__ram_func_section_start = .)
 *(.ram)
                [!provide]                PROVIDE (__ram_func_section_end = .)
                0x20001014                . = ALIGN (0x4)
                0x20001014                PROVIDE (__preinit_array_start = .)
 *(.preinit_array)
                0x20001014                PROVIDE (__preinit_array_end = .)
                0x20001014                . = ALIGN (0x4)
                0x20001014                PROVIDE (__init_array_start = .)
 *(SORT_BY_NAME(.init_array.*))
 *(.init_array)
 .init_array    0x20001014        0x4 c:/siliconlabs/simplicitystudio/v5/developer/toolchains/gnu_arm/12.2.rel1_2023.7/bin/../lib/gcc/arm-none-eabi/12.2.1/thumb/v8-m.main+fp/hard/crtbegin.o
                0x20001018                PROVIDE (__init_array_end = .)
                0x20001018                . = ALIGN (0x4)
                [!provide]                PROVIDE (__fini_array_start = .)
 *(SORT_BY_NAME(.fini_array.*))
 *(.fini_array)
 .fini_array    0x20001018        0x4 c:/siliconlabs/simplicitystudio/v5/developer/toolchains/gnu_arm/12.2.rel1_2023.7/bin/../lib/gcc/arm-none-eabi/12.2.1/thumb/v8-m.main+fp/hard/crtbegin.o
                [!provide]                PROVIDE (__fini_array_end = .)
                0x2000101c                . = ALIGN (0x4)
                0x2000101c                __data_end__ = .

.tm_clone_table
                0x2000101c        0x0 load address 0x000017b8
 .tm_clone_table
                0x2000101c        0x0 c:/siliconlabs/simplicitystudio/v5/developer/toolchains/gnu_arm/12.2.rel1_2023.7/bin/../lib/gcc/arm-none-eabi/12.2.1/thumb/v8-m.main+fp/hard/crtbegin.o
 .tm_clone_table
                0x2000101c        0x0 c:/siliconlabs/simplicitystudio/v5/developer/toolchains/gnu_arm/12.2.rel1_2023.7/bin/../lib/gcc/arm-none-eabi/12.2.1/thumb/v8-m.main+fp/hard/crtend.o

.igot.plt       0x2000101c        0x0 load address 0x000017b8
 .igot.plt      0x2000101c        0x0 c:/siliconlabs/simplicitystudio/v5/developer/toolchains/gnu_arm/12.2.rel1_2023.7/bin/../lib/gcc/arm-none-eabi/12.2.1/thumb/v8-m.main+fp/hard/crtbegin.o

.bss            0x2000101c       0x20 load address 0x000017b8
                0x2000101c                . = ALIGN (0x4)
                0x2000101c                __bss_start__ = .
 *(SORT_BY_ALIGNMENT(.bss*))
 .bss.object.0  0x2000101c       0x18 c:/siliconlabs/simplicitystudio/v5/developer/toolchains/gnu_arm/12.2.rel1_2023.7/bin/../lib/gcc/arm-none-eabi/12.2.1/thumb/v8-m.main+fp/hard/crtbegin.o
 .bss.__stdio_exit_handler
                0x20001034        0x4 c:/siliconlabs/simplicitystudio/v5/developer/toolchains/gnu_arm/12.2.rel1_2023.7/bin/../lib/gcc/arm-none-eabi/12.2.1/thumb/v8-m.main+fp/hard\libc_nano.a(libc_a-findfp.o)
                0x20001034                __stdio_exit_handler
 .bss.completed.1
                0x20001038        0x1 c:/siliconlabs/simplicitystudio/v5/developer/toolchains/gnu_arm/12.2.rel1_2023.7/bin/../lib/gcc/arm-none-eabi/12.2.1/thumb/v8-m.main+fp/hard/crtbegin.o
 .bss.ctuneDelta
                0x20001039        0x1 ./gecko_sdk_4.4.0/platform/emlib/src/em_cmu.o
 .bss.vScaleEM01Config
                0x2000103a        0x1 ./gecko_sdk_4.4.0/platform/emlib/src/em_emu.o
 *(COMMON)
                0x2000103c                . = ALIGN (0x4)
 *fill*         0x2000103b        0x1 
                0x2000103c                __bss_end__ = .
                0x2000103c                __ramfuncs_start__ = .
                0x2000103c                __vma_ramfuncs_start__ = .
                0x000017b8                __lma_ramfuncs_start__ = (__etext + SIZEOF (.data))
                0x00000000                __text_application_ram_offset__ = (. - __vma_ramfuncs_start__)

text_application_ram
                0x2000103c        0x0 load address 0x000017b8
                0x2000103c                . = ALIGN (0x4)
                0x2000103c                __text_application_ram_start__ = .
 *(text_application_ram)
                0x2000103c                . = ALIGN (0x4)
                0x2000103c                __text_application_ram_end__ = .
                0x2000103c                . = ALIGN (0x4)
                0x2000103c                __vma_ramfuncs_end__ = .
                0x000017b8                __lma_ramfuncs_end__ = ((__lma_ramfuncs_start__ + __text_application_ram_offset__) + SIZEOF (text_application_ram))
                0x2000103c                __ramfuncs_end__ = .

.heap           0x20001040      0x800
                0x20001040                __HeapBase = .
                0x20001040                __end__ = .
                0x20001040                end = __end__
                0x20001040                _end = __end__
 *(.heap*)
 .heap          0x20001040      0x800 ./gecko_sdk_4.4.0/platform/common/toolchain/src/sl_memory.o
                0x20008000                __HeapLimit = (ORIGIN (RAM) + LENGTH (RAM))
                0x00006fc0                __heap_size = (__HeapLimit - __HeapBase)
                0x20008000                __ram_end__ = 0x20008000
                0x0007e000                __main_flash_end__ = 0x7e000

.internal_storage
 *(.internal_storage*)

.nvm
 *(.simee*)
                0x0007e000                linker_nvm_end = __main_flash_end__
                0x0007e000                linker_nvm_begin = (linker_nvm_end - SIZEOF (.nvm))
                0x00000000                linker_nvm_size = SIZEOF (.nvm)
                0x0007e000                linker_storage_end = linker_nvm_begin
                0x0007e000                __nvm3Base = linker_nvm_begin
                0x0007e000                linker_storage_begin = (linker_storage_end - SIZEOF (.internal_storage))
                0x00000000                linker_storage_size = SIZEOF (.internal_storage)
                0x00000001                ASSERT ((linker_storage_begin >= (__etext + SIZEOF (.data))), FLASH memory overflowed !)
OUTPUT(tiendinhcungnhom6.axf elf32-littlearm)
LOAD linker stubs

.ARM.attributes
                0x00000000       0x36
 .ARM.attributes
                0x00000000       0x26 c:/siliconlabs/simplicitystudio/v5/developer/toolchains/gnu_arm/12.2.rel1_2023.7/bin/../lib/gcc/arm-none-eabi/12.2.1/thumb/v8-m.main+fp/hard/crti.o
 .ARM.attributes
                0x00000026       0x38 c:/siliconlabs/simplicitystudio/v5/developer/toolchains/gnu_arm/12.2.rel1_2023.7/bin/../lib/gcc/arm-none-eabi/12.2.1/thumb/v8-m.main+fp/hard/crtbegin.o
 .ARM.attributes
                0x0000005e       0x24 c:/siliconlabs/simplicitystudio/v5/developer/toolchains/gnu_arm/12.2.rel1_2023.7/bin/../lib/gcc/arm-none-eabi/12.2.1/thumb/v8-m.main+fp/hard/crt0.o
 .ARM.attributes
                0x00000082       0x3a ./app.o
 .ARM.attributes
                0x000000bc       0x3a ./main.o
 .ARM.attributes
                0x000000f6       0x3a ./autogen/sl_board_default_init.o
 .ARM.attributes
                0x00000130       0x3a ./autogen/sl_device_init_clocks.o
 .ARM.attributes
                0x0000016a       0x3a ./autogen/sl_event_handler.o
 .ARM.attributes
                0x000001a4       0x3a ./gecko_sdk_4.4.0/hardware/board/src/sl_board_control_gpio.o
 .ARM.attributes
                0x000001de       0x3a ./gecko_sdk_4.4.0/hardware/board/src/sl_board_init.o
 .ARM.attributes
                0x00000218       0x3a ./gecko_sdk_4.4.0/platform/Device/SiliconLabs/BGM22/Source/startup_bgm22.o
 .ARM.attributes
                0x00000252       0x3a ./gecko_sdk_4.4.0/platform/Device/SiliconLabs/BGM22/Source/system_bgm22.o
 .ARM.attributes
                0x0000028c       0x3a ./gecko_sdk_4.4.0/platform/common/src/sl_assert.o
 .ARM.attributes
                0x000002c6       0x3a ./gecko_sdk_4.4.0/platform/common/src/sl_syscalls.o
 .ARM.attributes
                0x00000300       0x3a ./gecko_sdk_4.4.0/platform/common/toolchain/src/sl_memory.o
 .ARM.attributes
                0x0000033a       0x3a ./gecko_sdk_4.4.0/platform/emlib/src/em_cmu.o
 .ARM.attributes
                0x00000374       0x3a ./gecko_sdk_4.4.0/platform/emlib/src/em_core.o
 .ARM.attributes
                0x000003ae       0x3a ./gecko_sdk_4.4.0/platform/emlib/src/em_emu.o
 .ARM.attributes
                0x000003e8       0x3a ./gecko_sdk_4.4.0/platform/emlib/src/em_gpio.o
 .ARM.attributes
                0x00000422       0x3a ./gecko_sdk_4.4.0/platform/emlib/src/em_system.o
 .ARM.attributes
                0x0000045c       0x3a ./gecko_sdk_4.4.0/platform/service/device_init/src/sl_device_init_dcdc_s2.o
 .ARM.attributes
                0x00000496       0x3a ./gecko_sdk_4.4.0/platform/service/device_init/src/sl_device_init_emu_s2.o
 .ARM.attributes
                0x000004d0       0x3a ./gecko_sdk_4.4.0/platform/service/device_init/src/sl_device_init_hfxo_s2.o
 .ARM.attributes
                0x0000050a       0x3a ./gecko_sdk_4.4.0/platform/service/device_init/src/sl_device_init_lfxo_s2.o
 .ARM.attributes
                0x00000544       0x3a ./gecko_sdk_4.4.0/platform/service/device_init/src/sl_device_init_nvic.o
 .ARM.attributes
                0x0000057e       0x3a ./gecko_sdk_4.4.0/platform/service/system/src/sl_system_init.o
 .ARM.attributes
                0x000005b8       0x3a ./gecko_sdk_4.4.0/platform/service/system/src/sl_system_process_action.o
 .ARM.attributes
                0x000005f2       0x38 c:/siliconlabs/simplicitystudio/v5/developer/toolchains/gnu_arm/12.2.rel1_2023.7/bin/../lib/gcc/arm-none-eabi/12.2.1/thumb/v8-m.main+fp/hard\libc_nano.a(libc_a-exit.o)
 .ARM.attributes
                0x0000062a       0x38 c:/siliconlabs/simplicitystudio/v5/developer/toolchains/gnu_arm/12.2.rel1_2023.7/bin/../lib/gcc/arm-none-eabi/12.2.1/thumb/v8-m.main+fp/hard\libc_nano.a(libc_a-findfp.o)
 .ARM.attributes
                0x00000662       0x38 c:/siliconlabs/simplicitystudio/v5/developer/toolchains/gnu_arm/12.2.rel1_2023.7/bin/../lib/gcc/arm-none-eabi/12.2.1/thumb/v8-m.main+fp/hard\libc_nano.a(libc_a-memset.o)
 .ARM.attributes
                0x0000069a       0x38 c:/siliconlabs/simplicitystudio/v5/developer/toolchains/gnu_arm/12.2.rel1_2023.7/bin/../lib/gcc/arm-none-eabi/12.2.1/thumb/v8-m.main+fp/hard\libc_nano.a(libc_a-init.o)
 .ARM.attributes
                0x000006d2       0x38 c:/siliconlabs/simplicitystudio/v5/developer/toolchains/gnu_arm/12.2.rel1_2023.7/bin/../lib/gcc/arm-none-eabi/12.2.1/thumb/v8-m.main+fp/hard/crtend.o
 .ARM.attributes
                0x0000070a       0x26 c:/siliconlabs/simplicitystudio/v5/developer/toolchains/gnu_arm/12.2.rel1_2023.7/bin/../lib/gcc/arm-none-eabi/12.2.1/thumb/v8-m.main+fp/hard/crtn.o

.comment        0x00000000       0x45
 .comment       0x00000000       0x45 ./app.o
                                 0x46 (size before relaxing)
 .comment       0x00000045       0x46 ./main.o
 .comment       0x00000045       0x46 ./autogen/sl_board_default_init.o
 .comment       0x00000045       0x46 ./autogen/sl_device_init_clocks.o
 .comment       0x00000045       0x46 ./autogen/sl_event_handler.o
 .comment       0x00000045       0x46 ./gecko_sdk_4.4.0/hardware/board/src/sl_board_control_gpio.o
 .comment       0x00000045       0x46 ./gecko_sdk_4.4.0/hardware/board/src/sl_board_init.o
 .comment       0x00000045       0x46 ./gecko_sdk_4.4.0/platform/Device/SiliconLabs/BGM22/Source/startup_bgm22.o
 .comment       0x00000045       0x46 ./gecko_sdk_4.4.0/platform/Device/SiliconLabs/BGM22/Source/system_bgm22.o
 .comment       0x00000045       0x46 ./gecko_sdk_4.4.0/platform/common/src/sl_assert.o
 .comment       0x00000045       0x46 ./gecko_sdk_4.4.0/platform/common/src/sl_syscalls.o
 .comment       0x00000045       0x46 ./gecko_sdk_4.4.0/platform/common/toolchain/src/sl_memory.o
 .comment       0x00000045       0x46 ./gecko_sdk_4.4.0/platform/emlib/src/em_cmu.o
 .comment       0x00000045       0x46 ./gecko_sdk_4.4.0/platform/emlib/src/em_core.o
 .comment       0x00000045       0x46 ./gecko_sdk_4.4.0/platform/emlib/src/em_emu.o
 .comment       0x00000045       0x46 ./gecko_sdk_4.4.0/platform/emlib/src/em_gpio.o
 .comment       0x00000045       0x46 ./gecko_sdk_4.4.0/platform/emlib/src/em_system.o
 .comment       0x00000045       0x46 ./gecko_sdk_4.4.0/platform/service/device_init/src/sl_device_init_dcdc_s2.o
 .comment       0x00000045       0x46 ./gecko_sdk_4.4.0/platform/service/device_init/src/sl_device_init_emu_s2.o
 .comment       0x00000045       0x46 ./gecko_sdk_4.4.0/platform/service/device_init/src/sl_device_init_hfxo_s2.o
 .comment       0x00000045       0x46 ./gecko_sdk_4.4.0/platform/service/device_init/src/sl_device_init_lfxo_s2.o
 .comment       0x00000045       0x46 ./gecko_sdk_4.4.0/platform/service/device_init/src/sl_device_init_nvic.o
 .comment       0x00000045       0x46 ./gecko_sdk_4.4.0/platform/service/system/src/sl_system_init.o
 .comment       0x00000045       0x46 ./gecko_sdk_4.4.0/platform/service/system/src/sl_system_process_action.o

.debug_line_str
                0x00000000       0xe7
 .debug_line_str
                0x00000000       0xe7 c:/siliconlabs/simplicitystudio/v5/developer/toolchains/gnu_arm/12.2.rel1_2023.7/bin/../lib/gcc/arm-none-eabi/12.2.1/thumb/v8-m.main+fp/hard/crt0.o

.debug_info     0x00000000    0x178e7
 .debug_info    0x00000000       0x50 ./app.o
 .debug_info    0x00000050      0x238 ./main.o
 .debug_info    0x00000288       0x86 ./autogen/sl_board_default_init.o
 .debug_info    0x0000030e     0x11e8 ./autogen/sl_device_init_clocks.o
 .debug_info    0x000014f6      0xea2 ./autogen/sl_event_handler.o
 .debug_info    0x00002398      0x3c2 ./gecko_sdk_4.4.0/hardware/board/src/sl_board_control_gpio.o
 .debug_info    0x0000275a      0x2ae ./gecko_sdk_4.4.0/hardware/board/src/sl_board_init.o
 .debug_info    0x00002a08      0x3a9 ./gecko_sdk_4.4.0/platform/Device/SiliconLabs/BGM22/Source/startup_bgm22.o
 .debug_info    0x00002db1     0x201d ./gecko_sdk_4.4.0/platform/Device/SiliconLabs/BGM22/Source/system_bgm22.o
 .debug_info    0x00004dce       0x86 ./gecko_sdk_4.4.0/platform/common/src/sl_assert.o
 .debug_info    0x00004e54      0x306 ./gecko_sdk_4.4.0/platform/common/src/sl_syscalls.o
 .debug_info    0x0000515a      0x205 ./gecko_sdk_4.4.0/platform/common/toolchain/src/sl_memory.o
 .debug_info    0x0000535f     0x78d0 ./gecko_sdk_4.4.0/platform/emlib/src/em_cmu.o
 .debug_info    0x0000cc2f     0x13b2 ./gecko_sdk_4.4.0/platform/emlib/src/em_core.o
 .debug_info    0x0000dfe1     0x3b0f ./gecko_sdk_4.4.0/platform/emlib/src/em_emu.o
 .debug_info    0x00011af0     0x21a2 ./gecko_sdk_4.4.0/platform/emlib/src/em_gpio.o
 .debug_info    0x00013c92     0x1b6a ./gecko_sdk_4.4.0/platform/emlib/src/em_system.o
 .debug_info    0x000157fc      0x2c7 ./gecko_sdk_4.4.0/platform/service/device_init/src/sl_device_init_dcdc_s2.o
 .debug_info    0x00015ac3      0x9b5 ./gecko_sdk_4.4.0/platform/service/device_init/src/sl_device_init_emu_s2.o
 .debug_info    0x00016478      0x898 ./gecko_sdk_4.4.0/platform/service/device_init/src/sl_device_init_hfxo_s2.o
 .debug_info    0x00016d10      0x29e ./gecko_sdk_4.4.0/platform/service/device_init/src/sl_device_init_lfxo_s2.o
 .debug_info    0x00016fae      0x7ff ./gecko_sdk_4.4.0/platform/service/device_init/src/sl_device_init_nvic.o
 .debug_info    0x000177ad       0xa7 ./gecko_sdk_4.4.0/platform/service/system/src/sl_system_init.o
 .debug_info    0x00017854       0x93 ./gecko_sdk_4.4.0/platform/service/system/src/sl_system_process_action.o

.debug_abbrev   0x00000000     0x29b5
 .debug_abbrev  0x00000000       0x4a ./app.o
 .debug_abbrev  0x0000004a       0xf1 ./main.o
 .debug_abbrev  0x0000013b       0x46 ./autogen/sl_board_default_init.o
 .debug_abbrev  0x00000181       0xde ./autogen/sl_device_init_clocks.o
 .debug_abbrev  0x0000025f      0x1a9 ./autogen/sl_event_handler.o
 .debug_abbrev  0x00000408      0x185 ./gecko_sdk_4.4.0/hardware/board/src/sl_board_control_gpio.o
 .debug_abbrev  0x0000058d      0x10b ./gecko_sdk_4.4.0/hardware/board/src/sl_board_init.o
 .debug_abbrev  0x00000698      0x22e ./gecko_sdk_4.4.0/platform/Device/SiliconLabs/BGM22/Source/startup_bgm22.o
 .debug_abbrev  0x000008c6      0x34d ./gecko_sdk_4.4.0/platform/Device/SiliconLabs/BGM22/Source/system_bgm22.o
 .debug_abbrev  0x00000c13       0x6c ./gecko_sdk_4.4.0/platform/common/src/sl_assert.o
 .debug_abbrev  0x00000c7f      0x143 ./gecko_sdk_4.4.0/platform/common/src/sl_syscalls.o
 .debug_abbrev  0x00000dc2      0x11e ./gecko_sdk_4.4.0/platform/common/toolchain/src/sl_memory.o
 .debug_abbrev  0x00000ee0      0x5cf ./gecko_sdk_4.4.0/platform/emlib/src/em_cmu.o
 .debug_abbrev  0x000014af      0x32f ./gecko_sdk_4.4.0/platform/emlib/src/em_core.o
 .debug_abbrev  0x000017de      0x523 ./gecko_sdk_4.4.0/platform/emlib/src/em_emu.o
 .debug_abbrev  0x00001d01      0x32f ./gecko_sdk_4.4.0/platform/emlib/src/em_gpio.o
 .debug_abbrev  0x00002030      0x2a6 ./gecko_sdk_4.4.0/platform/emlib/src/em_system.o
 .debug_abbrev  0x000022d6       0xf8 ./gecko_sdk_4.4.0/platform/service/device_init/src/sl_device_init_dcdc_s2.o
 .debug_abbrev  0x000023ce      0x149 ./gecko_sdk_4.4.0/platform/service/device_init/src/sl_device_init_emu_s2.o
 .debug_abbrev  0x00002517      0x196 ./gecko_sdk_4.4.0/platform/service/device_init/src/sl_device_init_hfxo_s2.o
 .debug_abbrev  0x000026ad      0x105 ./gecko_sdk_4.4.0/platform/service/device_init/src/sl_device_init_lfxo_s2.o
 .debug_abbrev  0x000027b2      0x14b ./gecko_sdk_4.4.0/platform/service/device_init/src/sl_device_init_nvic.o
 .debug_abbrev  0x000028fd       0x5c ./gecko_sdk_4.4.0/platform/service/system/src/sl_system_init.o
 .debug_abbrev  0x00002959       0x5c ./gecko_sdk_4.4.0/platform/service/system/src/sl_system_process_action.o

.debug_aranges  0x00000000      0x890
 .debug_aranges
                0x00000000       0x28 ./app.o
 .debug_aranges
                0x00000028       0x28 ./main.o
 .debug_aranges
                0x00000050       0x20 ./autogen/sl_board_default_init.o
 .debug_aranges
                0x00000070       0x20 ./autogen/sl_device_init_clocks.o
 .debug_aranges
                0x00000090       0x60 ./autogen/sl_event_handler.o
 .debug_aranges
                0x000000f0       0x70 ./gecko_sdk_4.4.0/hardware/board/src/sl_board_control_gpio.o
 .debug_aranges
                0x00000160       0x28 ./gecko_sdk_4.4.0/hardware/board/src/sl_board_init.o
 .debug_aranges
                0x00000188       0x30 ./gecko_sdk_4.4.0/platform/Device/SiliconLabs/BGM22/Source/startup_bgm22.o
 .debug_aranges
                0x000001b8       0x90 ./gecko_sdk_4.4.0/platform/Device/SiliconLabs/BGM22/Source/system_bgm22.o
 .debug_aranges
                0x00000248       0x20 ./gecko_sdk_4.4.0/platform/common/src/sl_assert.o
 .debug_aranges
                0x00000268       0x68 ./gecko_sdk_4.4.0/platform/common/src/sl_syscalls.o
 .debug_aranges
                0x000002d0       0x30 ./gecko_sdk_4.4.0/platform/common/toolchain/src/sl_memory.o
 .debug_aranges
                0x00000300      0x1b8 ./gecko_sdk_4.4.0/platform/emlib/src/em_cmu.o
 .debug_aranges
                0x000004b8       0xe8 ./gecko_sdk_4.4.0/platform/emlib/src/em_core.o
 .debug_aranges
                0x000005a0      0x130 ./gecko_sdk_4.4.0/platform/emlib/src/em_emu.o
 .debug_aranges
                0x000006d0       0x68 ./gecko_sdk_4.4.0/platform/emlib/src/em_gpio.o
 .debug_aranges
                0x00000738       0x78 ./gecko_sdk_4.4.0/platform/emlib/src/em_system.o
 .debug_aranges
                0x000007b0       0x20 ./gecko_sdk_4.4.0/platform/service/device_init/src/sl_device_init_dcdc_s2.o
 .debug_aranges
                0x000007d0       0x20 ./gecko_sdk_4.4.0/platform/service/device_init/src/sl_device_init_emu_s2.o
 .debug_aranges
                0x000007f0       0x20 ./gecko_sdk_4.4.0/platform/service/device_init/src/sl_device_init_hfxo_s2.o
 .debug_aranges
                0x00000810       0x20 ./gecko_sdk_4.4.0/platform/service/device_init/src/sl_device_init_lfxo_s2.o
 .debug_aranges
                0x00000830       0x20 ./gecko_sdk_4.4.0/platform/service/device_init/src/sl_device_init_nvic.o
 .debug_aranges
                0x00000850       0x20 ./gecko_sdk_4.4.0/platform/service/system/src/sl_system_init.o
 .debug_aranges
                0x00000870       0x20 ./gecko_sdk_4.4.0/platform/service/system/src/sl_system_process_action.o

.debug_ranges   0x00000000      0xbf8
 .debug_ranges  0x00000000       0x18 ./app.o
 .debug_ranges  0x00000018       0x18 ./main.o
 .debug_ranges  0x00000030       0x10 ./autogen/sl_board_default_init.o
 .debug_ranges  0x00000040       0x10 ./autogen/sl_device_init_clocks.o
 .debug_ranges  0x00000050       0x50 ./autogen/sl_event_handler.o
 .debug_ranges  0x000000a0       0x60 ./gecko_sdk_4.4.0/hardware/board/src/sl_board_control_gpio.o
 .debug_ranges  0x00000100       0x18 ./gecko_sdk_4.4.0/hardware/board/src/sl_board_init.o
 .debug_ranges  0x00000118       0x88 ./gecko_sdk_4.4.0/platform/Device/SiliconLabs/BGM22/Source/startup_bgm22.o
 .debug_ranges  0x000001a0       0x98 ./gecko_sdk_4.4.0/platform/Device/SiliconLabs/BGM22/Source/system_bgm22.o
 .debug_ranges  0x00000238       0x10 ./gecko_sdk_4.4.0/platform/common/src/sl_assert.o
 .debug_ranges  0x00000248       0x58 ./gecko_sdk_4.4.0/platform/common/src/sl_syscalls.o
 .debug_ranges  0x000002a0       0x20 ./gecko_sdk_4.4.0/platform/common/toolchain/src/sl_memory.o
 .debug_ranges  0x000002c0      0x338 ./gecko_sdk_4.4.0/platform/emlib/src/em_cmu.o
 .debug_ranges  0x000005f8      0x1a0 ./gecko_sdk_4.4.0/platform/emlib/src/em_core.o
 .debug_ranges  0x00000798      0x2b8 ./gecko_sdk_4.4.0/platform/emlib/src/em_emu.o
 .debug_ranges  0x00000a50       0x70 ./gecko_sdk_4.4.0/platform/emlib/src/em_gpio.o
 .debug_ranges  0x00000ac0       0x80 ./gecko_sdk_4.4.0/platform/emlib/src/em_system.o
 .debug_ranges  0x00000b40       0x10 ./gecko_sdk_4.4.0/platform/service/device_init/src/sl_device_init_dcdc_s2.o
 .debug_ranges  0x00000b50       0x10 ./gecko_sdk_4.4.0/platform/service/device_init/src/sl_device_init_emu_s2.o
 .debug_ranges  0x00000b60       0x10 ./gecko_sdk_4.4.0/platform/service/device_init/src/sl_device_init_hfxo_s2.o
 .debug_ranges  0x00000b70       0x10 ./gecko_sdk_4.4.0/platform/service/device_init/src/sl_device_init_lfxo_s2.o
 .debug_ranges  0x00000b80       0x58 ./gecko_sdk_4.4.0/platform/service/device_init/src/sl_device_init_nvic.o
 .debug_ranges  0x00000bd8       0x10 ./gecko_sdk_4.4.0/platform/service/system/src/sl_system_init.o
 .debug_ranges  0x00000be8       0x10 ./gecko_sdk_4.4.0/platform/service/system/src/sl_system_process_action.o

.debug_line     0x00000000     0x7770
 .debug_line    0x00000000       0x4c ./app.o
 .debug_line    0x0000004c      0x285 ./main.o
 .debug_line    0x000002d1       0x55 ./autogen/sl_board_default_init.o
 .debug_line    0x00000326      0x271 ./autogen/sl_device_init_clocks.o
 .debug_line    0x00000597      0x468 ./autogen/sl_event_handler.o
 .debug_line    0x000009ff      0x3c2 ./gecko_sdk_4.4.0/hardware/board/src/sl_board_control_gpio.o
 .debug_line    0x00000dc1      0x1d6 ./gecko_sdk_4.4.0/hardware/board/src/sl_board_init.o
 .debug_line    0x00000f97      0x2e5 ./gecko_sdk_4.4.0/platform/Device/SiliconLabs/BGM22/Source/startup_bgm22.o
 .debug_line    0x0000127c      0x543 ./gecko_sdk_4.4.0/platform/Device/SiliconLabs/BGM22/Source/system_bgm22.o
 .debug_line    0x000017bf       0x94 ./gecko_sdk_4.4.0/platform/common/src/sl_assert.o
 .debug_line    0x00001853      0x194 ./gecko_sdk_4.4.0/platform/common/src/sl_syscalls.o
 .debug_line    0x000019e7      0x2d0 ./gecko_sdk_4.4.0/platform/common/toolchain/src/sl_memory.o
 .debug_line    0x00001cb7     0x2902 ./gecko_sdk_4.4.0/platform/emlib/src/em_cmu.o
 .debug_line    0x000045b9      0xa15 ./gecko_sdk_4.4.0/platform/emlib/src/em_core.o
 .debug_line    0x00004fce      0xe2b ./gecko_sdk_4.4.0/platform/emlib/src/em_emu.o
 .debug_line    0x00005df9      0x671 ./gecko_sdk_4.4.0/platform/emlib/src/em_gpio.o
 .debug_line    0x0000646a      0x46e ./gecko_sdk_4.4.0/platform/emlib/src/em_system.o
 .debug_line    0x000068d8      0x220 ./gecko_sdk_4.4.0/platform/service/device_init/src/sl_device_init_dcdc_s2.o
 .debug_line    0x00006af8      0x292 ./gecko_sdk_4.4.0/platform/service/device_init/src/sl_device_init_emu_s2.o
 .debug_line    0x00006d8a      0x2de ./gecko_sdk_4.4.0/platform/service/device_init/src/sl_device_init_hfxo_s2.o
 .debug_line    0x00007068      0x231 ./gecko_sdk_4.4.0/platform/service/device_init/src/sl_device_init_lfxo_s2.o
 .debug_line    0x00007299      0x2f6 ./gecko_sdk_4.4.0/platform/service/device_init/src/sl_device_init_nvic.o
 .debug_line    0x0000758f       0xec ./gecko_sdk_4.4.0/platform/service/system/src/sl_system_init.o
 .debug_line    0x0000767b       0xf5 ./gecko_sdk_4.4.0/platform/service/system/src/sl_system_process_action.o

.debug_str      0x00000000     0x6054
 .debug_str     0x00000000      0x147 ./app.o
                                0x163 (size before relaxing)
 .debug_str     0x00000147      0x2b0 ./main.o
                                0x44f (size before relaxing)
 .debug_str     0x000003f7       0x39 ./autogen/sl_board_default_init.o
                                0x1fb (size before relaxing)
 .debug_str     0x00000430      0x9ac ./autogen/sl_device_init_clocks.o
                                0xc4d (size before relaxing)
 .debug_str     0x00000ddc      0x1a1 ./autogen/sl_event_handler.o
                                0xcbd (size before relaxing)
 .debug_str     0x00000f7d      0x2ab ./gecko_sdk_4.4.0/hardware/board/src/sl_board_control_gpio.o
                                0x4ca (size before relaxing)
 .debug_str     0x00001228      0x428 ./gecko_sdk_4.4.0/hardware/board/src/sl_board_init.o
                                0x639 (size before relaxing)
 .debug_str     0x00001650      0x1b0 ./gecko_sdk_4.4.0/platform/Device/SiliconLabs/BGM22/Source/startup_bgm22.o
                                0x38d (size before relaxing)
 .debug_str     0x00001800      0x9de ./gecko_sdk_4.4.0/platform/Device/SiliconLabs/BGM22/Source/system_bgm22.o
                               0x154e (size before relaxing)
 .debug_str     0x000021de       0x4c ./gecko_sdk_4.4.0/platform/common/src/sl_assert.o
                                0x199 (size before relaxing)
 .debug_str     0x0000222a       0xa1 ./gecko_sdk_4.4.0/platform/common/src/sl_syscalls.o
                                0x279 (size before relaxing)
 .debug_str     0x000022cb       0xed ./gecko_sdk_4.4.0/platform/common/toolchain/src/sl_memory.o
                                0x2d3 (size before relaxing)
 .debug_str     0x000023b8     0x21ef ./gecko_sdk_4.4.0/platform/emlib/src/em_cmu.o
                               0x35b6 (size before relaxing)
 .debug_str     0x000045a7      0x334 ./gecko_sdk_4.4.0/platform/emlib/src/em_core.o
                                0xa97 (size before relaxing)
 .debug_str     0x000048db      0xa20 ./gecko_sdk_4.4.0/platform/emlib/src/em_emu.o
                               0x23f0 (size before relaxing)
 .debug_str     0x000052fb      0x141 ./gecko_sdk_4.4.0/platform/emlib/src/em_gpio.o
                               0x136c (size before relaxing)
 .debug_str     0x0000543c      0x337 ./gecko_sdk_4.4.0/platform/emlib/src/em_system.o
                               0x13ab (size before relaxing)
 .debug_str     0x00005773       0x5c ./gecko_sdk_4.4.0/platform/service/device_init/src/sl_device_init_dcdc_s2.o
                                0x64b (size before relaxing)
 .debug_str     0x000057cf       0x64 ./gecko_sdk_4.4.0/platform/service/device_init/src/sl_device_init_emu_s2.o
                                0x82b (size before relaxing)
 .debug_str     0x00005833      0x533 ./gecko_sdk_4.4.0/platform/service/device_init/src/sl_device_init_hfxo_s2.o
                                0xbef (size before relaxing)
 .debug_str     0x00005d66      0x1d1 ./gecko_sdk_4.4.0/platform/service/device_init/src/sl_device_init_lfxo_s2.o
                                0x4cd (size before relaxing)
 .debug_str     0x00005f37       0x75 ./gecko_sdk_4.4.0/platform/service/device_init/src/sl_device_init_nvic.o
                                0x78d (size before relaxing)
 .debug_str     0x00005fac       0x4f ./gecko_sdk_4.4.0/platform/service/system/src/sl_system_init.o
                                0x1ef (size before relaxing)
 .debug_str     0x00005ffb       0x59 ./gecko_sdk_4.4.0/platform/service/system/src/sl_system_process_action.o
                                0x21c (size before relaxing)

.debug_frame    0x00000000     0x14d0
 .debug_frame   0x00000000       0x30 ./app.o
 .debug_frame   0x00000030       0x40 ./main.o
 .debug_frame   0x00000070       0x20 ./autogen/sl_board_default_init.o
 .debug_frame   0x00000090       0x28 ./autogen/sl_device_init_clocks.o
 .debug_frame   0x000000b8       0xac ./autogen/sl_event_handler.o
 .debug_frame   0x00000164       0xf0 ./gecko_sdk_4.4.0/hardware/board/src/sl_board_control_gpio.o
 .debug_frame   0x00000254       0x3c ./gecko_sdk_4.4.0/hardware/board/src/sl_board_init.o
 .debug_frame   0x00000290       0x48 ./gecko_sdk_4.4.0/platform/Device/SiliconLabs/BGM22/Source/startup_bgm22.o
 .debug_frame   0x000002d8      0x118 ./gecko_sdk_4.4.0/platform/Device/SiliconLabs/BGM22/Source/system_bgm22.o
 .debug_frame   0x000003f0       0x20 ./gecko_sdk_4.4.0/platform/common/src/sl_assert.o
 .debug_frame   0x00000410       0xb0 ./gecko_sdk_4.4.0/platform/common/src/sl_syscalls.o
 .debug_frame   0x000004c0       0x40 ./gecko_sdk_4.4.0/platform/common/toolchain/src/sl_memory.o
 .debug_frame   0x00000500      0x55c ./gecko_sdk_4.4.0/platform/emlib/src/em_cmu.o
 .debug_frame   0x00000a5c      0x240 ./gecko_sdk_4.4.0/platform/emlib/src/em_core.o
 .debug_frame   0x00000c9c      0x304 ./gecko_sdk_4.4.0/platform/emlib/src/em_emu.o
 .debug_frame   0x00000fa0      0x168 ./gecko_sdk_4.4.0/platform/emlib/src/em_gpio.o
 .debug_frame   0x00001108       0xd8 ./gecko_sdk_4.4.0/platform/emlib/src/em_system.o
 .debug_frame   0x000011e0       0x28 ./gecko_sdk_4.4.0/platform/service/device_init/src/sl_device_init_dcdc_s2.o
 .debug_frame   0x00001208       0x2c ./gecko_sdk_4.4.0/platform/service/device_init/src/sl_device_init_emu_s2.o
 .debug_frame   0x00001234       0x34 ./gecko_sdk_4.4.0/platform/service/device_init/src/sl_device_init_hfxo_s2.o
 .debug_frame   0x00001268       0x30 ./gecko_sdk_4.4.0/platform/service/device_init/src/sl_device_init_lfxo_s2.o
 .debug_frame   0x00001298       0x28 ./gecko_sdk_4.4.0/platform/service/device_init/src/sl_device_init_nvic.o
 .debug_frame   0x000012c0       0x2c ./gecko_sdk_4.4.0/platform/service/system/src/sl_system_init.o
 .debug_frame   0x000012ec       0x2c ./gecko_sdk_4.4.0/platform/service/system/src/sl_system_process_action.o
 .debug_frame   0x00001318       0x28 c:/siliconlabs/simplicitystudio/v5/developer/toolchains/gnu_arm/12.2.rel1_2023.7/bin/../lib/gcc/arm-none-eabi/12.2.1/thumb/v8-m.main+fp/hard\libc_nano.a(libc_a-exit.o)
 .debug_frame   0x00001340      0x144 c:/siliconlabs/simplicitystudio/v5/developer/toolchains/gnu_arm/12.2.rel1_2023.7/bin/../lib/gcc/arm-none-eabi/12.2.1/thumb/v8-m.main+fp/hard\libc_nano.a(libc_a-findfp.o)
 .debug_frame   0x00001484       0x20 c:/siliconlabs/simplicitystudio/v5/developer/toolchains/gnu_arm/12.2.rel1_2023.7/bin/../lib/gcc/arm-none-eabi/12.2.1/thumb/v8-m.main+fp/hard\libc_nano.a(libc_a-memset.o)
 .debug_frame   0x000014a4       0x2c c:/siliconlabs/simplicitystudio/v5/developer/toolchains/gnu_arm/12.2.rel1_2023.7/bin/../lib/gcc/arm-none-eabi/12.2.1/thumb/v8-m.main+fp/hard\libc_nano.a(libc_a-init.o)

.debug_loc      0x00000000     0x5ec3
 .debug_loc     0x00000000       0x40 ./main.o
 .debug_loc     0x00000040       0x20 ./autogen/sl_device_init_clocks.o
 .debug_loc     0x00000060       0x49 ./autogen/sl_event_handler.o
 .debug_loc     0x000000a9      0x20a ./gecko_sdk_4.4.0/hardware/board/src/sl_board_control_gpio.o
 .debug_loc     0x000002b3       0x2c ./gecko_sdk_4.4.0/hardware/board/src/sl_board_init.o
 .debug_loc     0x000002df       0x8e ./gecko_sdk_4.4.0/platform/Device/SiliconLabs/BGM22/Source/startup_bgm22.o
 .debug_loc     0x0000036d      0x22a ./gecko_sdk_4.4.0/platform/Device/SiliconLabs/BGM22/Source/system_bgm22.o
 .debug_loc     0x00000597       0x2a ./gecko_sdk_4.4.0/platform/common/src/sl_assert.o
 .debug_loc     0x000005c1      0x118 ./gecko_sdk_4.4.0/platform/common/src/sl_syscalls.o
 .debug_loc     0x000006d9       0xa9 ./gecko_sdk_4.4.0/platform/common/toolchain/src/sl_memory.o
 .debug_loc     0x00000782     0x382a ./gecko_sdk_4.4.0/platform/emlib/src/em_cmu.o
 .debug_loc     0x00003fac      0x926 ./gecko_sdk_4.4.0/platform/emlib/src/em_core.o
 .debug_loc     0x000048d2      0x950 ./gecko_sdk_4.4.0/platform/emlib/src/em_emu.o
 .debug_loc     0x00005222      0x93d ./gecko_sdk_4.4.0/platform/emlib/src/em_gpio.o
 .debug_loc     0x00005b5f      0x146 ./gecko_sdk_4.4.0/platform/emlib/src/em_system.o
 .debug_loc     0x00005ca5       0x2c ./gecko_sdk_4.4.0/platform/service/device_init/src/sl_device_init_dcdc_s2.o
 .debug_loc     0x00005cd1       0x2c ./gecko_sdk_4.4.0/platform/service/device_init/src/sl_device_init_emu_s2.o
 .debug_loc     0x00005cfd       0xbd ./gecko_sdk_4.4.0/platform/service/device_init/src/sl_device_init_hfxo_s2.o
 .debug_loc     0x00005dba       0x38 ./gecko_sdk_4.4.0/platform/service/device_init/src/sl_device_init_lfxo_s2.o
 .debug_loc     0x00005df2       0x79 ./gecko_sdk_4.4.0/platform/service/device_init/src/sl_device_init_nvic.o
 .debug_loc     0x00005e6b       0x2c ./gecko_sdk_4.4.0/platform/service/system/src/sl_system_init.o
 .debug_loc     0x00005e97       0x2c ./gecko_sdk_4.4.0/platform/service/system/src/sl_system_process_action.o
